
Hexadecimal

Area                               Addr   Size   Decimal Bytes (Attributes)
--------------------------------   ----   ----   ------- ----- ------------
CABS                               0000   0000 =      0. bytes (ABS,CON,CODE)

      Value  Global
   --------  --------------------------------
  0C:0000    l_BIT_BANK
  0C:0000    l_CABS
  0C:0000    l_GSINIT
  0C:0000    l_GSINIT1
  0C:0000    l_GSINIT5
  0C:0000    l_IABS
  0C:0000    l_PSEG
  0C:0000    l_REG_BANK_1
  0C:0000    l_REG_BANK_2
  0C:0000    l_REG_BANK_3
  0C:0000    l_RSEG
  0C:0000    l_XABS
  0C:0000    l_XINIT
  0C:0000    l_XISEG
  0C:0000    l__CODE
  0C:0000    s_BSEG
  0C:0000    s_CABS
  0C:0000    s_DSEG
  0C:0000    s_HOME
  0C:0000    s_IABS
  0C:0000    s_ISEG
  0C:0000    s_PSEG
  0C:0000    s_REG_BANK_0
  0C:0000    s_XABS
  0C:0000    s_XSEG
  0C:0002    l_BSEG_BYTES
  0C:0002    l_OSEG
  0C:0003    l_GSFINAL
  0C:0003    l_GSINIT0
  0C:0006    l_ISEG
  0C:0008    l_HOME
  0C:0008    l_REG_BANK_0
  0C:0008    s_GSINIT0
  0C:0008    s_REG_BANK_1
  0C:000A    l_BSEG
  0C:000A    l_GSINIT2
  0C:000B    s_GSINIT1
  0C:000B    s_GSINIT2
  0C:0010    s_REG_BANK_2
  0C:0014    s_OSEG
  0C:0015    s_GSINIT3
  0C:0018    s_BIT_BANK
  0C:0018    s_REG_BANK_3
  0C:0020    s_BSEG_BYTES
  0C:0020    s__CODE
  0C:0022    l_GSINIT3
  0C:002A    l_GSINIT4
  0C:0037    s_GSINIT4
  0C:003B    s_RSEG
  0C:003B    s_SSEG
  0C:004E    l_CONST
  0C:0061    s_GSFINAL
  0C:0061    s_GSINIT
  0C:0061    s_GSINIT5
  0C:0064    s_CSEG
  0C:007C    l_DSEG
  0C:00C5    l_SSEG
  0C:0100    l_IRAM
  0C:0100    l_XSEG
  0C:0100    s_XISEG
  0C:0855    l_CSEG
  0C:08B9    s_CONST
  0C:0907    s_XINIT



Hexadecimal

Area                               Addr   Size   Decimal Bytes (Attributes)
--------------------------------   ----   ----   ------- ----- ------------
.  .ABS.                           0000   0000 =      0. bytes (ABS,CON)

      Value  Global
   --------  --------------------------------
     96959493    G$MAC0ACC$0$0
     96959493    _MAC0ACC
     0080    G$P0$0$0
     0080    G$P0_0$0$0
     0080    _P0
     0080    _P0_0
     0081    G$P0_1$0$0
     0081    G$SP$0$0
     0081    _P0_1
     0081    _SP
     0082    G$DPL$0$0
     0082    G$P0_2$0$0
     0082    _DPL
     0082    _P0_2
     0083    G$DPH$0$0
     0083    G$P0_3$0$0
     0083    _DPH
     0083    _P0_3
     0084    G$P0_4$0$0
     0084    G$SFRPAGE$0$0
     0084    _P0_4
     0084    _SFRPAGE
     0085    G$P0_5$0$0
     0085    G$SFRNEXT$0$0
     0085    _P0_5
     0085    _SFRNEXT
     0086    G$P0_6$0$0
     0086    G$SFRLAST$0$0
     0086    _P0_6
     0086    _SFRLAST
     0087    G$P0_7$0$0
     0087    G$PCON$0$0
     0087    _P0_7
     0087    _PCON
     0088    G$CP0HYN0$0$0
     0088    G$CP1HYN0$0$0
     0088    G$CPT0CN$0$0
     0088    G$CPT1CN$0$0
     0088    G$FLHBUSY$0$0
     0088    G$FLSTAT$0$0
     0088    G$IT0$0$0
     0088    G$TCON$0$0
     0088    _CP0HYN0
     0088    _CP1HYN0
     0088    _CPT0CN
     0088    _CPT1CN
     0088    _FLHBUSY
     0088    _FLSTAT
     0088    _IT0
     0088    _TCON
     0089    G$CP0HYN1$0$0
     0089    G$CP1HYN1$0$0
     0089    G$CPT0MD$0$0
     0089    G$CPT1MD$0$0
     0089    G$IE0$0$0
     0089    G$PLL0CN$0$0
     0089    G$TMOD$0$0
     0089    _CP0HYN1
     0089    _CP1HYN1
     0089    _CPT0MD
     0089    _CPT1MD
     0089    _IE0
     0089    _PLL0CN
     0089    _TMOD
     008A    G$CP0HYP0$0$0
     008A    G$CP1HYP0$0$0
     008A    G$IT1$0$0
     008A    G$OSCICN$0$0
     008A    G$TL0$0$0
     008A    _CP0HYP0
     008A    _CP1HYP0
     008A    _IT1
     008A    _OSCICN
     008A    _TL0
     008B    G$CP0HYP1$0$0
     008B    G$CP1HYP1$0$0
     008B    G$IE1$0$0
     008B    G$OSCICL$0$0
     008B    G$TL1$0$0
     008B    _CP0HYP1
     008B    _CP1HYP1
     008B    _IE1
     008B    _OSCICL
     008B    _TL1
     008C    G$CP0FIF$0$0
     008C    G$CP1FIF$0$0
     008C    G$OSCXCN$0$0
     008C    G$TH0$0$0
     008C    G$TR0$0$0
     008C    _CP0FIF
     008C    _CP1FIF
     008C    _OSCXCN
     008C    _TH0
     008C    _TR0
     008D    G$CP0RIF$0$0
     008D    G$CP1RIF$0$0
     008D    G$PLL0DIV$0$0
     008D    G$TF0$0$0
     008D    G$TH1$0$0
     008D    _CP0RIF
     008D    _CP1RIF
     008D    _PLL0DIV
     008D    _TF0
     008D    _TH1
     008E    G$CKCON$0$0
     008E    G$CP0OUT$0$0
     008E    G$CP1OUT$0$0
     008E    G$PLL0MUL$0$0
     008E    G$TR1$0$0
     008E    _CKCON
     008E    _CP0OUT
     008E    _CP1OUT
     008E    _PLL0MUL
     008E    _TR1
     008F    G$CP0EN$0$0
     008F    G$CP1EN$0$0
     008F    G$PLL0FLT$0$0
     008F    G$PSCTL$0$0
     008F    G$TF1$0$0
     008F    _CP0EN
     008F    _CP1EN
     008F    _PLL0FLT
     008F    _PSCTL
     008F    _TF1
     0090    G$P1$0$0
     0090    G$P1_0$0$0
     0090    _P1
     0090    _P1_0
     0091    G$MAC0BL$0$0
     0091    G$P1_1$0$0
     0091    G$SSTA0$0$0
     0091    _MAC0BL
     0091    _P1_1
     0091    _SSTA0
     0092    G$MAC0BH$0$0
     0092    G$P1_2$0$0
     0092    _MAC0BH
     0092    _P1_2
     0093    G$MAC0ACC0$0$0
     0093    G$P1_3$0$0
     0093    _MAC0ACC0
     0093    _P1_3
     0094    G$MAC0ACC1$0$0
     0094    G$P1_4$0$0
     0094    _MAC0ACC1
     0094    _P1_4
     0095    G$MAC0ACC2$0$0
     0095    G$P1_5$0$0
     0095    _MAC0ACC2
     0095    _P1_5
     0096    G$MAC0ACC3$0$0
     0096    G$P1_6$0$0
     0096    G$SFRPGCN$0$0
     0096    _MAC0ACC3
     0096    _P1_6
     0096    _SFRPGCN
     0097    G$CLKSEL$0$0
     0097    G$MAC0OVR$0$0
     0097    G$P1_7$0$0
     0097    _CLKSEL
     0097    _MAC0OVR
     0097    _P1_7
     0098    G$RI$0$0
     0098    G$RI0$0$0
     0098    G$RI1$0$0
     0098    G$SCON$0$0
     0098    G$SCON0$0$0
     0098    G$SCON1$0$0
     0098    _RI
     0098    _RI0
     0098    _RI1
     0098    _SCON
     0098    _SCON0
     0098    _SCON1
     0099    G$SBUF$0$0
     0099    G$SBUF0$0$0
     0099    G$SBUF1$0$0
     0099    G$TI$0$0
     0099    G$TI0$0$0
     0099    G$TI1$0$0
     0099    _SBUF
     0099    _SBUF0
     0099    _SBUF1
     0099    _TI
     0099    _TI0
     0099    _TI1
     009A    G$CCH0MA$0$0
     009A    G$RB80$0$0
     009A    G$RB81$0$0
     009A    G$SPI0CFG$0$0
     009A    _CCH0MA
     009A    _RB80
     009A    _RB81
     009A    _SPI0CFG
     009B    G$SPI0DAT$0$0
     009B    G$TB80$0$0
     009B    G$TB81$0$0
     009B    _SPI0DAT
     009B    _TB80
     009B    _TB81
     009C    G$P4MDOUT$0$0
     009C    G$REN$0$0
     009C    G$REN0$0$0
     009C    G$REN1$0$0
     009C    _P4MDOUT
     009C    _REN
     009C    _REN0
     009C    _REN1
     009D    G$MCE1$0$0
     009D    G$P5MDOUT$0$0
     009D    G$SM20$0$0
     009D    G$SPI0CKR$0$0
     009D    _MCE1
     009D    _P5MDOUT
     009D    _SM20
     009D    _SPI0CKR
     009E    G$P6MDOUT$0$0
     009E    G$SM10$0$0
     009E    _P6MDOUT
     009E    _SM10
     009F    G$P7MDOUT$0$0
     009F    G$S1MODE$0$0
     009F    G$SM00$0$0
     009F    _P7MDOUT
     009F    _S1MODE
     009F    _SM00
     00A0    G$P2$0$0
     00A0    G$P2_0$0$0
     00A0    _P2
     00A0    _P2_0
     00A1    G$CCH0CN$0$0
     00A1    G$EMI0TC$0$0
     00A1    G$P2_1$0$0
     00A1    _CCH0CN
     00A1    _EMI0TC
     00A1    _P2_1
     00A2    G$CCH0TN$0$0
     00A2    G$EMI0CN$0$0
     00A2    G$P2_2$0$0
     00A2    G$_XPAGE$0$0
     00A2    _CCH0TN
     00A2    _EMI0CN
     00A2    _P2_2
     00A2    __XPAGE
     00A3    G$CCH0LC$0$0
     00A3    G$EMI0CF$0$0
     00A3    G$P2_3$0$0
     00A3    _CCH0LC
     00A3    _EMI0CF
     00A3    _P2_3
     00A4    G$P0MDOUT$0$0
     00A4    G$P2_4$0$0
     00A4    _P0MDOUT
     00A4    _P2_4
     00A5    G$P1MDOUT$0$0
     00A5    G$P2_5$0$0
     00A5    _P1MDOUT
     00A5    _P2_5
     00A6    G$P2MDOUT$0$0
     00A6    G$P2_6$0$0
     00A6    _P2MDOUT
     00A6    _P2_6
     00A7    G$P2_7$0$0
     00A7    G$P3MDOUT$0$0
     00A7    _P2_7
     00A7    _P3MDOUT
     00A8    G$EX0$0$0
     00A8    G$IE$0$0
     00A8    _EX0
     00A8    _IE
     00A9    G$ET0$0$0
     00A9    G$SADDR0$0$0
     00A9    _ET0
     00A9    _SADDR0
     00AA    G$EX1$0$0
     00AA    _EX1
     00AB    G$ET1$0$0
     00AB    _ET1
     00AC    G$ES$0$0
     00AC    G$ES0$0$0
     00AC    _ES
     00AC    _ES0
     00AD    G$ET2$0$0
     00AD    G$P1MDIN$0$0
     00AD    _ET2
     00AD    _P1MDIN
     00AF    G$EA$0$0
     00AF    _EA
     00B0    G$P3$0$0
     00B0    G$P3_0$0$0
     00B0    _P3
     00B0    _P3_0
     00B1    G$P3_1$0$0
     00B1    G$PSBANK$0$0
     00B1    _P3_1
     00B1    _PSBANK
     00B2    G$P3_2$0$0
     00B2    _P3_2
     00B3    G$P3_3$0$0
     00B3    _P3_3
     00B4    G$P3_4$0$0
     00B4    _P3_4
     00B5    G$P3_5$0$0
     00B5    _P3_5
     00B6    G$P3_6$0$0
     00B6    _P3_6
     00B7    G$FLACL$0$0
     00B7    G$FLSCL$0$0
     00B7    G$P3_7$0$0
     00B7    _FLACL
     00B7    _FLSCL
     00B7    _P3_7
     00B8    G$IP$0$0
     00B8    G$PX0$0$0
     00B8    _IP
     00B8    _PX0
     00B9    G$PT0$0$0
     00B9    G$SADEN0$0$0
     00B9    _PT0
     00B9    _SADEN0
     00BA    G$AMX0CF$0$0
     00BA    G$AMX2CF$0$0
     00BA    G$PX1$0$0
     00BA    _AMX0CF
     00BA    _AMX2CF
     00BA    _PX1
     00BB    G$AMX0SL$0$0
     00BB    G$AMX2SL$0$0
     00BB    G$PT1$0$0
     00BB    _AMX0SL
     00BB    _AMX2SL
     00BB    _PT1
     00BC    G$ADC0CF$0$0
     00BC    G$ADC2CF$0$0
     00BC    G$PS$0$0
     00BC    G$PS0$0$0
     00BC    _ADC0CF
     00BC    _ADC2CF
     00BC    _PS
     00BC    _PS0
     00BD    G$PT2$0$0
     00BD    _PT2
     00BE    G$ADC0L$0$0
     00BE    G$ADC2$0$0
     00BE    _ADC0L
     00BE    _ADC2
     00BF    G$ADC0H$0$0
     00BF    _ADC0H
     00C0    G$MAC0N$0$0
     00C0    G$MAC0STA$0$0
     00C0    G$SMB0CN$0$0
     00C0    G$SMBTOE$0$0
     00C0    _MAC0N
     00C0    _MAC0STA
     00C0    _SMB0CN
     00C0    _SMBTOE
     00C1    G$MAC0AL$0$0
     00C1    G$MAC0SO$0$0
     00C1    G$SMB0STA$0$0
     00C1    G$SMBFTE$0$0
     00C1    _MAC0AL
     00C1    _MAC0SO
     00C1    _SMB0STA
     00C1    _SMBFTE
     00C2    G$AA$0$0
     00C2    G$MAC0AH$0$0
     00C2    G$MAC0Z$0$0
     00C2    G$SMB0DAT$0$0
     00C2    _AA
     00C2    _MAC0AH
     00C2    _MAC0Z
     00C2    _SMB0DAT
     00C3    G$MAC0CF$0$0
     00C3    G$MAC0HO$0$0
     00C3    G$SI$0$0
     00C3    G$SMB0ADR$0$0
     00C3    _MAC0CF
     00C3    _MAC0HO
     00C3    _SI
     00C3    _SMB0ADR
     00C4    G$ADC0GTL$0$0
     00C4    G$ADC2GT$0$0
     00C4    G$STO$0$0
     00C4    _ADC0GTL
     00C4    _ADC2GT
     00C4    _STO
     00C5    G$ADC0GTH$0$0
     00C5    G$STA$0$0
     00C5    _ADC0GTH
     00C5    _STA
     00C6    G$ADC0LTL$0$0
     00C6    G$ADC2LT$0$0
     00C6    G$ENSMB$0$0
     00C6    _ADC0LTL
     00C6    _ADC2LT
     00C6    _ENSMB
     00C7    G$ADC0LTH$0$0
     00C7    G$BUSY$0$0
     00C7    _ADC0LTH
     00C7    _BUSY
     00C8    G$CPRL2$0$0
     00C8    G$CPRL3$0$0
     00C8    G$CPRL4$0$0
     00C8    G$P4$0$0
     00C8    G$P4_0$0$0
     00C8    G$TMR2CN$0$0
     00C8    G$TMR3CN$0$0
     00C8    G$TMR4CN$0$0
     00C8    _CPRL2
     00C8    _CPRL3
     00C8    _CPRL4
     00C8    _P4
     00C8    _P4_0
     00C8    _TMR2CN
     00C8    _TMR3CN
     00C8    _TMR4CN
     00C9    G$CT2$0$0
     00C9    G$CT3$0$0
     00C9    G$CT4$0$0
     00C9    G$P4_1$0$0
     00C9    G$TMR2CF$0$0
     00C9    G$TMR3CF$0$0
     00C9    G$TMR4CF$0$0
     00C9    _CT2
     00C9    _CT3
     00C9    _CT4
     00C9    _P4_1
     00C9    _TMR2CF
     00C9    _TMR3CF
     00C9    _TMR4CF
     00CA    G$P4_2$0$0
     00CA    G$RCAP2L$0$0
     00CA    G$RCAP3L$0$0
     00CA    G$RCAP4L$0$0
     00CA    G$TR2$0$0
     00CA    G$TR3$0$0
     00CA    G$TR4$0$0
     00CA    _P4_2
     00CA    _RCAP2L
     00CA    _RCAP3L
     00CA    _RCAP4L
     00CA    _TR2
     00CA    _TR3
     00CA    _TR4
     00CB    G$EXEN2$0$0
     00CB    G$EXEN3$0$0
     00CB    G$EXEN4$0$0
     00CB    G$P4_3$0$0
     00CB    G$RCAP2H$0$0
     00CB    G$RCAP3H$0$0
     00CB    G$RCAP4H$0$0
     00CB    _EXEN2
     00CB    _EXEN3
     00CB    _EXEN4
     00CB    _P4_3
     00CB    _RCAP2H
     00CB    _RCAP3H
     00CB    _RCAP4H
     00CC    G$P4_4$0$0
     00CC    G$TL2$0$0
     00CC    G$TMR2L$0$0
     00CC    G$TMR3L$0$0
     00CC    G$TMR4L$0$0
     00CC    _P4_4
     00CC    _TL2
     00CC    _TMR2L
     00CC    _TMR3L
     00CC    _TMR4L
     00CD    G$P4_5$0$0
     00CD    G$TH2$0$0
     00CD    G$TMR2H$0$0
     00CD    G$TMR3H$0$0
     00CD    G$TMR4H$0$0
     00CD    _P4_5
     00CD    _TH2
     00CD    _TMR2H
     00CD    _TMR3H
     00CD    _TMR4H
     00CE    G$EXF2$0$0
     00CE    G$EXF3$0$0
     00CE    G$EXF4$0$0
     00CE    G$MAC0RNDL$0$0
     00CE    G$P4_6$0$0
     00CE    _EXF2
     00CE    _EXF3
     00CE    _EXF4
     00CE    _MAC0RNDL
     00CE    _P4_6
     00CF    G$MAC0RNDH$0$0
     00CF    G$P4_7$0$0
     00CF    G$SMB0CR$0$0
     00CF    G$TF2$0$0
     00CF    G$TF3$0$0
     00CF    G$TF4$0$0
     00CF    _MAC0RNDH
     00CF    _P4_7
     00CF    _SMB0CR
     00CF    _TF2
     00CF    _TF3
     00CF    _TF4
     00D0    G$P$0$0
     00D0    G$PSW$0$0
     00D0    _P
     00D0    _PSW
     00D1    G$F1$0$0
     00D1    G$REF0CN$0$0
     00D1    _F1
     00D1    _REF0CN
     00D2    G$DAC0L$0$0
     00D2    G$DAC1L$0$0
     00D2    G$OV$0$0
     00D2    _DAC0L
     00D2    _DAC1L
     00D2    _OV
     00D3    G$DAC0H$0$0
     00D3    G$DAC1H$0$0
     00D3    G$RS0$0$0
     00D3    _DAC0H
     00D3    _DAC1H
     00D3    _RS0
     00D4    G$DAC0CN$0$0
     00D4    G$DAC1CN$0$0
     00D4    G$RS1$0$0
     00D4    _DAC0CN
     00D4    _DAC1CN
     00D4    _RS1
     00D5    G$F0$0$0
     00D5    _F0
     00D6    G$AC$0$0
     00D6    _AC
     00D7    G$CY$0$0
     00D7    _CY
     00D8    G$CCF0$0$0
     00D8    G$P5$0$0
     00D8    G$P5_0$0$0
     00D8    G$PCA0CN$0$0
     00D8    _CCF0
     00D8    _P5
     00D8    _P5_0
     00D8    _PCA0CN
     00D9    G$CCF1$0$0
     00D9    G$P5_1$0$0
     00D9    G$PCA0MD$0$0
     00D9    _CCF1
     00D9    _P5_1
     00D9    _PCA0MD
     00DA    G$CCF2$0$0
     00DA    G$P5_2$0$0
     00DA    G$PCA0CPM0$0$0
     00DA    _CCF2
     00DA    _P5_2
     00DA    _PCA0CPM0
     00DB    G$CCF3$0$0
     00DB    G$P5_3$0$0
     00DB    G$PCA0CPM1$0$0
     00DB    _CCF3
     00DB    _P5_3
     00DB    _PCA0CPM1
     00DC    G$CCF4$0$0
     00DC    G$P5_4$0$0
     00DC    G$PCA0CPM2$0$0
     00DC    _CCF4
     00DC    _P5_4
     00DC    _PCA0CPM2
     00DD    G$CCF5$0$0
     00DD    G$P5_5$0$0
     00DD    G$PCA0CPM3$0$0
     00DD    _CCF5
     00DD    _P5_5
     00DD    _PCA0CPM3
     00DE    G$CR$0$0
     00DE    G$P5_6$0$0
     00DE    G$PCA0CPM4$0$0
     00DE    _CR
     00DE    _P5_6
     00DE    _PCA0CPM4
     00DF    G$CF$0$0
     00DF    G$P5_7$0$0
     00DF    G$PCA0CPM5$0$0
     00DF    _CF
     00DF    _P5_7
     00DF    _PCA0CPM5
     00E0    G$ACC$0$0
     00E0    _ACC
     00E1    G$PCA0CPL5$0$0
     00E1    G$XBR0$0$0
     00E1    _PCA0CPL5
     00E1    _XBR0
     00E2    G$PCA0CPH5$0$0
     00E2    G$XBR1$0$0
     00E2    _PCA0CPH5
     00E2    _XBR1
     00E3    G$XBR2$0$0
     00E3    _XBR2
     00E6    G$EIE1$0$0
     00E6    _EIE1
     00E7    G$EIE2$0$0
     00E7    _EIE2
     00E8    G$AD0LJST$0$0
     00E8    G$AD2WINT$0$0
     00E8    G$ADC0CN$0$0
     00E8    G$ADC2CN$0$0
     00E8    G$P6$0$0
     00E8    G$P6_0$0$0
     00E8    _AD0LJST
     00E8    _AD2WINT
     00E8    _ADC0CN
     00E8    _ADC2CN
     00E8    _P6
     00E8    _P6_0
     00E9    G$AD0WINT$0$0
     00E9    G$AD2CM0$0$0
     00E9    G$P6_1$0$0
     00E9    G$PCA0CPL2$0$0
     00E9    _AD0WINT
     00E9    _AD2CM0
     00E9    _P6_1
     00E9    _PCA0CPL2
     00EA    G$AD0CM0$0$0
     00EA    G$AD2CM1$0$0
     00EA    G$P6_2$0$0
     00EA    G$PCA0CPH2$0$0
     00EA    _AD0CM0
     00EA    _AD2CM1
     00EA    _P6_2
     00EA    _PCA0CPH2
     00EB    G$AD0CM1$0$0
     00EB    G$AD2CM2$0$0
     00EB    G$P6_3$0$0
     00EB    G$PCA0CPL3$0$0
     00EB    _AD0CM1
     00EB    _AD2CM2
     00EB    _P6_3
     00EB    _PCA0CPL3
     00EC    G$AD0BUSY$0$0
     00EC    G$AD2BUSY$0$0
     00EC    G$P6_4$0$0
     00EC    G$PCA0CPH3$0$0
     00EC    _AD0BUSY
     00EC    _AD2BUSY
     00EC    _P6_4
     00EC    _PCA0CPH3
     00ED    G$AD0INT$0$0
     00ED    G$AD2INT$0$0
     00ED    G$P6_5$0$0
     00ED    G$PCA0CPL4$0$0
     00ED    _AD0INT
     00ED    _AD2INT
     00ED    _P6_5
     00ED    _PCA0CPL4
     00EE    G$AD0TM$0$0
     00EE    G$AD2TM$0$0
     00EE    G$P6_6$0$0
     00EE    G$PCA0CPH4$0$0
     00EE    _AD0TM
     00EE    _AD2TM
     00EE    _P6_6
     00EE    _PCA0CPH4
     00EF    G$AD0EN$0$0
     00EF    G$AD2EN$0$0
     00EF    G$P6_7$0$0
     00EF    G$RSTSRC$0$0
     00EF    _AD0EN
     00EF    _AD2EN
     00EF    _P6_7
     00EF    _RSTSRC
     00F0    G$B$0$0
     00F0    _B
     00F5    _B_5
     00F6    G$EIP1$0$0
     00F6    _B_6
     00F6    _EIP1
     00F7    G$EIP2$0$0
     00F7    _B_7
     00F7    _EIP2
     00F8    G$P7$0$0
     00F8    G$P7_0$0$0
     00F8    G$SPI0CN$0$0
     00F8    G$SPIEN$0$0
     00F8    _P7
     00F8    _P7_0
     00F8    _SPI0CN
     00F8    _SPIEN
     00F9    G$P7_1$0$0
     00F9    G$PCA0L$0$0
     00F9    G$TXBMT$0$0
     00F9    _P7_1
     00F9    _PCA0L
     00F9    _TXBMT
     00FA    G$NSSMD0$0$0
     00FA    G$P7_2$0$0
     00FA    G$PCA0H$0$0
     00FA    _NSSMD0
     00FA    _P7_2
     00FA    _PCA0H
     00FB    G$NSSMD1$0$0
     00FB    G$P7_3$0$0
     00FB    G$PCA0CPL0$0$0
     00FB    _NSSMD1
     00FB    _P7_3
     00FB    _PCA0CPL0
     00FC    G$P7_4$0$0
     00FC    G$PCA0CPH0$0$0
     00FC    G$RXOVRN$0$0
     00FC    _P7_4
     00FC    _PCA0CPH0
     00FC    _RXOVRN
     00FD    G$MODF$0$0
     00FD    G$P7_5$0$0
     00FD    G$PCA0CPL1$0$0
     00FD    _MODF
     00FD    _P7_5
     00FD    _PCA0CPL1
     00FE    G$P7_6$0$0
     00FE    G$PCA0CPH1$0$0
     00FE    G$WCOL$0$0
     00FE    _P7_6
     00FE    _PCA0CPH1
     00FE    _WCOL
     00FF    G$P7_7$0$0
     00FF    G$SPIF$0$0
     00FF    G$WDTCN$0$0
     00FF    _P7_7
     00FF    _SPIF
     00FF    _WDTCN
     8C8A    G$TMR0$0$0
     8C8A    _TMR0
     8D8B    G$TMR1$0$0
     8D8B    _TMR1
     BFBE    G$ADC0$0$0
     BFBE    _ADC0
     C2C1    G$MAC0A$0$0
     C2C1    _MAC0A
     C5C4    G$ADC0GT$0$0
     C5C4    _ADC0GT
     C7C6    G$ADC0LT$0$0
     C7C6    _ADC0LT
     CBCA    G$RCAP2$0$0
     CBCA    G$RCAP3$0$0
     CBCA    G$RCAP4$0$0
     CBCA    _RCAP2
     CBCA    _RCAP3
     CBCA    _RCAP4
     CDCC    G$TMR2$0$0
     CDCC    G$TMR3$0$0
     CDCC    G$TMR4$0$0
     CDCC    _TMR2
     CDCC    _TMR3
     CDCC    _TMR4
     CFCE    G$MAC0RND$0$0
     CFCE    _MAC0RND
     D3D2    G$DAC0$0$0
     D3D2    G$DAC1$0$0
     D3D2    _DAC0
     D3D2    _DAC1
     E2E1    G$PCA0CP5$0$0
     E2E1    _PCA0CP5
     EAE9    G$PCA0CP2$0$0
     EAE9    _PCA0CP2
     ECEB    G$PCA0CP3$0$0
     ECEB    _PCA0CP3
     EEED    G$PCA0CP4$0$0
     EEED    _PCA0CP4
     FAF9    G$PCA0$0$0
     FAF9    _PCA0
     FCFB    G$PCA0CP0$0$0
     FCFB    _PCA0CP0
     FEFD    G$PCA0CP1$0$0
     FEFD    _PCA0CP1









Hexadecimal

Area                               Addr   Size   Decimal Bytes (Attributes)
--------------------------------   ----   ----   ------- ----- ------------
DSEG                               0000   007C =    124. bytes (REL,CON)

      Value  Global
   --------  --------------------------------
     0008    Lmain$p$1$1
     000A    Lmain$i$1$1
     000C    Lmain$j$1$1
     000E    Lmain$sloc0$1$0
     0010    Lmain$sloc1$1$0
     0012    _vprintf_PARM_2
     0013    _bp
     002E    __print_format_PARM_2
     0031    __print_format_PARM_3
     0034    __print_format_PARM_4

Hexadecimal

Area                               Addr   Size   Decimal Bytes (Attributes)
--------------------------------   ----   ----   ------- ----- ------------
OSEG                               0014   0002 =      2. bytes (REL,OVR)

      Value  Global
   --------  --------------------------------
     0014    _calculate_digit_radix_1_1
     0015    _calculate_digit_i_1_1


Hexadecimal

Area                               Addr   Size   Decimal Bytes (Attributes)
--------------------------------   ----   ----   ------- ----- ------------
SSEG                               003B   00C5 =    197. bytes (REL,OVR)

      Value  Global
   --------  --------------------------------
     003B    __start__stack



Hexadecimal

Area                               Addr   Size   Decimal Bytes (Attributes)
--------------------------------   ----   ----   ------- ----- ------------
XSEG                               0000   0100 =    256. bytes (REL,CON,XDATA)

      Value  Global
   --------  --------------------------------
  0D:0000    Lmain$count$1$1


Hexadecimal

Area                               Addr   Size   Decimal Bytes (Attributes)
--------------------------------   ----   ----   ------- ----- ------------
HOME                               0000   0008 =      8. bytes (REL,CON,CODE)

      Value  Global
   --------  --------------------------------
  0C:0000    A$lab5-2$1262
  0C:0003    A$lab5-2$1284
  0C:0003    __sdcc_program_startup
  0C:0006    A$lab5-2$1286

Hexadecimal

Area                               Addr   Size   Decimal Bytes (Attributes)
--------------------------------   ----   ----   ------- ----- ------------
GSINIT0                            0008   0003 =      3. bytes (REL,CON,CODE)

      Value  Global
   --------  --------------------------------
  0C:0008    __sdcc_gsinit_startup



Hexadecimal

Area                               Addr   Size   Decimal Bytes (Attributes)
--------------------------------   ----   ----   ------- ----- ------------
GSINIT3                            0015   0022 =     34. bytes (REL,CON,CODE)

      Value  Global
   --------  --------------------------------
  0C:0015    __mcs51_genXINIT

Hexadecimal

Area                               Addr   Size   Decimal Bytes (Attributes)
--------------------------------   ----   ----   ------- ----- ------------
GSINIT4                            0037   002A =     42. bytes (REL,CON,CODE)

      Value  Global
   --------  --------------------------------
  0C:0037    __mcs51_genRAMCLEAR
  0C:003D    __mcs51_genXRAMCLEAR



Hexadecimal

Area                               Addr   Size   Decimal Bytes (Attributes)
--------------------------------   ----   ----   ------- ----- ------------
GSFINAL                            0061   0003 =      3. bytes (REL,CON,CODE)

      Value  Global
   --------  --------------------------------
  0C:0061    A$lab5-2$1277

Hexadecimal

Area                               Addr   Size   Decimal Bytes (Attributes)
--------------------------------   ----   ----   ------- ----- ------------
CSEG                               0064   0855 =   2133. bytes (REL,CON,CODE)

      Value  Global
   --------  --------------------------------
  0C:0064    A$lab5-2$1311
  0C:0064    C$putget.h$18$0$0
  0C:0064    G$putchar$0$0
  0C:0064    _putchar
  0C:0066    A$lab5-2$1317
  0C:0066    C$putget.h$20$1$1
  0C:0066    C$putget.h$21$1$1
  0C:0069    A$lab5-2$1318
  0C:006B    A$lab5-2$1322
  0C:006B    C$putget.h$22$1$1
  0C:006D    A$lab5-2$1325
  0C:006D    C$putget.h$23$1$1
  0C:006D    XG$putchar$0$0
  0C:006E    A$lab5-2$1343
  0C:006E    C$putget.h$28$1$1
  0C:006E    C$putget.h$31$1$1
  0C:006E    C$putget.h$32$1$1
  0C:006E    G$getchar$0$0
  0C:006E    _getchar
  0C:0071    A$lab5-2$1344
  0C:0073    A$lab5-2$1348
  0C:0073    C$putget.h$33$1$1
  0C:0076    A$lab5-2$1353
  0C:0076    C$putget.h$35$1$1
  0C:0076    C$putget.h$36$1$1
  0C:0076    XG$getchar$0$0
  0C:0077    A$lab5-2$1367
  0C:0077    C$lab5_2.c$42$1$1
  0C:0077    C$lab5_2.c$44$1$1
  0C:0077    G$_sdcc_external_startup$0$0
  0C:0077    __sdcc_external_startup
  0C:007A    A$lab5-2$1370
  0C:007A    C$lab5_2.c$45$1$1
  0C:007D    A$lab5-2$1373
  0C:007D    C$lab5_2.c$47$1$1
  0C:0080    A$lab5-2$1376
  0C:0080    C$lab5_2.c$48$1$1
  0C:0080    XG$_sdcc_external_startup$0$0
  0C:0081    A$lab5-2$1398
  0C:0081    C$lab5_2.c$52$1$1
  0C:0081    C$lab5_2.c$55$1$1
  0C:0081    G$main$0$0
  0C:0081    _main
  0C:0083    A$lab5-2$1399
  0C:0085    A$lab5-2$1402
  0C:0085    C$lab5_2.c$59$1$1
  0C:0087    A$lab5-2$1403
  0C:0089    A$lab5-2$1406
  0C:0089    C$lab5_2.c$61$1$1
  0C:008C    A$lab5-2$1407
  0C:008F    A$lab5-2$1410
  0C:008F    C$lab5_2.c$64$1$1
  0C:0091    A$lab5-2$1411
  0C:0093    A$lab5-2$1412
  0C:0095    A$lab5-2$1413
  0C:0097    A$lab5-2$1414
  0C:009A    A$lab5-2$1417
  0C:009A    C$lab5_2.c$65$1$1
  0C:009D    A$lab5-2$1420
  0C:009D    C$lab5_2.c$66$1$1
  0C:00A0    A$lab5-2$1423
  0C:00A0    C$lab5_2.c$68$1$1
  0C:00A3    A$lab5-2$1426
  0C:00A3    C$lab5_2.c$70$1$1
  0C:00A5    A$lab5-2$1427
  0C:00A7    A$lab5-2$1428
  0C:00A9    A$lab5-2$1429
  0C:00AB    A$lab5-2$1430
  0C:00AD    A$lab5-2$1431
  0C:00AF    A$lab5-2$1432
  0C:00B2    A$lab5-2$1433
  0C:00B4    A$lab5-2$1434
  0C:00B6    A$lab5-2$1435
  0C:00B8    A$lab5-2$1438
  0C:00B8    C$lab5_2.c$71$1$1
  0C:00BA    A$lab5-2$1439
  0C:00BC    A$lab5-2$1440
  0C:00BE    A$lab5-2$1441
  0C:00C0    A$lab5-2$1442
  0C:00C2    A$lab5-2$1443
  0C:00C4    A$lab5-2$1444
  0C:00C7    A$lab5-2$1445
  0C:00C9    A$lab5-2$1446
  0C:00CB    A$lab5-2$1447
  0C:00CD    A$lab5-2$1448
  0C:00CF    A$lab5-2$1449
  0C:00D1    A$lab5-2$1450
  0C:00D3    A$lab5-2$1451
  0C:00D5    A$lab5-2$1454
  0C:00D5    C$lab5_2.c$72$1$1
  0C:00D8    A$lab5-2$1455
  0C:00DA    A$lab5-2$1456
  0C:00DB    A$lab5-2$1462
  0C:00DB    C$lab5_2.c$73$1$1
  0C:00DC    A$lab5-2$1463
  0C:00DE    A$lab5-2$1464
  0C:00E0    A$lab5-2$1465
  0C:00E2    A$lab5-2$1466
  0C:00E4    A$lab5-2$1467
  0C:00E7    A$lab5-2$1468
  0C:00EA    A$lab5-2$1470
  0C:00EB    A$lab5-2$1471
  0C:00ED    A$lab5-2$1472
  0C:00EF    A$lab5-2$1473
  0C:00F1    A$lab5-2$1474
  0C:00F3    A$lab5-2$1475
  0C:00F6    A$lab5-2$1479
  0C:00F6    C$lab5_2.c$77$3$3
  0C:00F8    A$lab5-2$1480
  0C:00FA    A$lab5-2$1481
  0C:00FB    A$lab5-2$1482
  0C:00FD    A$lab5-2$1483
  0C:00FF    A$lab5-2$1484
  0C:0100    A$lab5-2$1485
  0C:0102    A$lab5-2$1486
  0C:0104    A$lab5-2$1487
  0C:0106    A$lab5-2$1488
  0C:0107    A$lab5-2$1491
  0C:0107    C$lab5_2.c$79$3$3
  0C:0109    A$lab5-2$1492
  0C:010A    A$lab5-2$1493
  0C:010D    A$lab5-2$1494
  0C:010F    A$lab5-2$1498
  0C:010F    C$lab5_2.c$80$3$3
  0C:0111    A$lab5-2$1499
  0C:0113    A$lab5-2$1500
  0C:0114    A$lab5-2$1501
  0C:0115    A$lab5-2$1502
  0C:0118    A$lab5-2$1503
  0C:011B    A$lab5-2$1507
  0C:011B    C$lab5_2.c$83$4$4
  0C:011C    A$lab5-2$1508
  0C:011E    A$lab5-2$1509
  0C:0120    A$lab5-2$1510
  0C:0121    A$lab5-2$1511
  0C:0123    A$lab5-2$1512
  0C:0125    A$lab5-2$1513
  0C:0127    A$lab5-2$1514
  0C:0128    A$lab5-2$1515
  0C:0129    A$lab5-2$1518
  0C:0129    C$lab5_2.c$84$4$4
  0C:012A    A$lab5-2$1519
  0C:012D    A$lab5-2$1520
  0C:012E    A$lab5-2$1524
  0C:012E    C$lab5_2.c$86$4$4
  0C:0131    A$lab5-2$1525
  0C:0134    A$lab5-2$1528
  0C:0134    C$lab5_2.c$88$5$5
  0C:0136    A$lab5-2$1529
  0C:0138    A$lab5-2$1530
  0C:013A    A$lab5-2$1531
  0C:013C    A$lab5-2$1532
  0C:013E    A$lab5-2$1533
  0C:0140    A$lab5-2$1534
  0C:0143    A$lab5-2$1535
  0C:0145    A$lab5-2$1536
  0C:0147    A$lab5-2$1537
  0C:0149    A$lab5-2$1540
  0C:014B    A$lab5-2$1541
  0C:014D    A$lab5-2$1542
  0C:014F    A$lab5-2$1543
  0C:0151    A$lab5-2$1545
  0C:0152    A$lab5-2$1546
  0C:0154    A$lab5-2$1547
  0C:0156    A$lab5-2$1548
  0C:0158    A$lab5-2$1549
  0C:015A    A$lab5-2$1550
  0C:015C    A$lab5-2$1551
  0C:015E    A$lab5-2$1554
  0C:015E    C$lab5_2.c$90$5$5
  0C:0160    A$lab5-2$1555
  0C:0162    A$lab5-2$1556
  0C:0164    A$lab5-2$1557
  0C:0166    A$lab5-2$1558
  0C:0168    A$lab5-2$1559
  0C:016A    A$lab5-2$1560
  0C:016B    A$lab5-2$1561
  0C:016C    A$lab5-2$1562
  0C:016E    A$lab5-2$1563
  0C:0170    A$lab5-2$1564
  0C:0171    A$lab5-2$1565
  0C:0172    A$lab5-2$1566
  0C:0174    A$lab5-2$1567
  0C:0176    A$lab5-2$1568
  0C:0178    A$lab5-2$1569
  0C:017A    A$lab5-2$1570
  0C:017C    A$lab5-2$1571
  0C:017E    A$lab5-2$1572
  0C:0180    A$lab5-2$1573
  0C:0182    A$lab5-2$1574
  0C:0185    A$lab5-2$1575
  0C:0187    A$lab5-2$1576
  0C:0189    A$lab5-2$1577
  0C:018B    A$lab5-2$1580
  0C:018B    C$lab5_2.c$89$5$5
  0C:018D    A$lab5-2$1581
  0C:018E    A$lab5-2$1582
  0C:0191    A$lab5-2$1583
  0C:0193    A$lab5-2$1584
  0C:0195    A$lab5-2$1588
  0C:0195    C$lab5_2.c$91$5$5
  0C:0197    A$lab5-2$1589
  0C:0199    A$lab5-2$1593
  0C:0199    C$lab5_2.c$75$2$2
  0C:019B    A$lab5-2$1594
  0C:019C    A$lab5-2$1595
  0C:019F    A$lab5-2$1596
  0C:01A1    A$lab5-2$1598
  0C:01A4    A$lab5-2$1602
  0C:01A4    C$lab5_2.c$95$2$2
  0C:01A6    A$lab5-2$1603
  0C:01A8    A$lab5-2$1606
  0C:01A8    C$lab5_2.c$96$2$2
  0C:01A9    A$lab5-2$1607
  0C:01AA    A$lab5-2$1608
  0C:01AB    A$lab5-2$1609
  0C:01AD    A$lab5-2$1610
  0C:01AF    A$lab5-2$1611
  0C:01B2    A$lab5-2$1612
  0C:01B4    A$lab5-2$1613
  0C:01B6    A$lab5-2$1616
  0C:01B8    A$lab5-2$1617
  0C:01BA    A$lab5-2$1619
  0C:01BB    A$lab5-2$1620
  0C:01BC    A$lab5-2$1621
  0C:01BD    A$lab5-2$1622
  0C:01BE    A$lab5-2$1623
  0C:01C0    A$lab5-2$1624
  0C:01C2    A$lab5-2$1625
  0C:01C5    A$lab5-2$1626
  0C:01C7    A$lab5-2$1627
  0C:01C9    A$lab5-2$1628
  0C:01CC    A$lab5-2$1632
  0C:01CC    C$lab5_2.c$99$3$6
  0C:01CD    A$lab5-2$1633
  0C:01CF    A$lab5-2$1634
  0C:01D1    A$lab5-2$1635
  0C:01D2    A$lab5-2$1636
  0C:01D4    A$lab5-2$1637
  0C:01D6    A$lab5-2$1638
  0C:01D7    A$lab5-2$1639
  0C:01D8    A$lab5-2$1640
  0C:01DA    A$lab5-2$1641
  0C:01DC    A$lab5-2$1642
  0C:01DE    A$lab5-2$1643
  0C:01E0    A$lab5-2$1644
  0C:01E2    A$lab5-2$1645
  0C:01E4    A$lab5-2$1646
  0C:01E6    A$lab5-2$1647
  0C:01E8    A$lab5-2$1648
  0C:01EA    A$lab5-2$1649
  0C:01EC    A$lab5-2$1650
  0C:01EE    A$lab5-2$1651
  0C:01F0    A$lab5-2$1652
  0C:01F2    A$lab5-2$1653
  0C:01F4    A$lab5-2$1654
  0C:01F6    A$lab5-2$1655
  0C:01F9    A$lab5-2$1656
  0C:01FB    A$lab5-2$1657
  0C:01FD    A$lab5-2$1658
  0C:01FF    A$lab5-2$1659
  0C:0201    A$lab5-2$1660
  0C:0203    A$lab5-2$1661
  0C:0205    A$lab5-2$1662
  0C:0207    A$lab5-2$1663
  0C:0209    A$lab5-2$1664
  0C:020B    A$lab5-2$1667
  0C:020B    C$lab5_2.c$98$3$6
  0C:020C    A$lab5-2$1668
  0C:020F    A$lab5-2$1669
  0C:0210    A$lab5-2$1670
  0C:0212    A$lab5-2$1674
  0C:0212    C$lab5_2.c$103$3$7
  0C:0214    A$lab5-2$1675
  0C:0216    A$lab5-2$1676
  0C:0218    A$lab5-2$1677
  0C:021A    A$lab5-2$1678
  0C:021C    A$lab5-2$1679
  0C:021E    A$lab5-2$1680
  0C:0220    A$lab5-2$1681
  0C:0222    A$lab5-2$1682
  0C:0224    A$lab5-2$1683
  0C:0226    A$lab5-2$1684
  0C:0229    A$lab5-2$1685
  0C:022B    A$lab5-2$1686
  0C:022D    A$lab5-2$1687
  0C:022F    A$lab5-2$1688
  0C:0231    A$lab5-2$1689
  0C:0233    A$lab5-2$1690
  0C:0235    A$lab5-2$1691
  0C:0237    A$lab5-2$1694
  0C:0237    C$lab5_2.c$106$1$1
  0C:0237    XG$main$0$0
  0C:023A    A$lab5-2$1710
  0C:023A    C$lab5_2.c$114$1$1
  0C:023A    C$lab5_2.c$119$1$1
  0C:023A    G$SYSCLK_INIT$0$0
  0C:023A    _SYSCLK_INIT
  0C:023C    A$lab5-2$1713
  0C:023C    C$lab5_2.c$120$1$1
  0C:023F    A$lab5-2$1716
  0C:023F    C$lab5_2.c$122$1$1
  0C:0242    A$lab5-2$1719
  0C:0242    C$lab5_2.c$123$1$1
  0C:0244    A$lab5-2$1720
  0C:0246    A$lab5-2$1722
  0C:0247    A$lab5-2$1723
  0C:024A    A$lab5-2$1724
  0C:024B    A$lab5-2$1726
  0C:024C    A$lab5-2$1727
  0C:024D    A$lab5-2$1728
  0C:024F    A$lab5-2$1732
  0C:024F    C$lab5_2.c$124$1$1
  0C:0251    A$lab5-2$1733
  0C:0254    A$lab5-2$1736
  0C:0254    C$lab5_2.c$125$1$1
  0C:0257    A$lab5-2$1739
  0C:0257    C$lab5_2.c$126$1$1
  0C:025A    A$lab5-2$1742
  0C:025A    C$lab5_2.c$128$1$1
  0C:025C    A$lab5-2$1745
  0C:025C    C$lab5_2.c$129$1$1
  0C:025C    XG$SYSCLK_INIT$0$0
  0C:025D    A$lab5-2$1760
  0C:025D    C$lab5_2.c$137$1$1
  0C:025D    C$lab5_2.c$139$1$1
  0C:025D    G$PORT_INIT$0$0
  0C:025D    _PORT_INIT
  0C:025F    A$lab5-2$1763
  0C:025F    C$lab5_2.c$140$1$1
  0C:0262    A$lab5-2$1766
  0C:0262    C$lab5_2.c$142$1$1
  0C:0265    A$lab5-2$1769
  0C:0265    C$lab5_2.c$143$1$1
  0C:0268    A$lab5-2$1772
  0C:0268    C$lab5_2.c$144$1$1
  0C:026B    A$lab5-2$1775
  0C:026B    C$lab5_2.c$146$1$1
  0C:026E    A$lab5-2$1778
  0C:026E    C$lab5_2.c$147$1$1
  0C:0271    A$lab5-2$1781
  0C:0271    C$lab5_2.c$148$1$1
  0C:0274    A$lab5-2$1784
  0C:0274    C$lab5_2.c$149$1$1
  0C:0277    A$lab5-2$1787
  0C:0277    C$lab5_2.c$150$1$1
  0C:027A    A$lab5-2$1790
  0C:027A    C$lab5_2.c$152$1$1
  0C:027D    A$lab5-2$1793
  0C:027D    C$lab5_2.c$153$1$1
  0C:0280    A$lab5-2$1796
  0C:0280    C$lab5_2.c$154$1$1
  0C:0283    A$lab5-2$1799
  0C:0283    C$lab5_2.c$158$1$1
  0C:0286    A$lab5-2$1802
  0C:0286    C$lab5_2.c$159$1$1
  0C:0289    A$lab5-2$1805
  0C:0289    C$lab5_2.c$160$1$1
  0C:028C    A$lab5-2$1808
  0C:028C    C$lab5_2.c$162$1$1
  0C:028E    A$lab5-2$1811
  0C:028E    C$lab5_2.c$163$1$1
  0C:028E    XG$PORT_INIT$0$0
  0C:028F    A$lab5-2$1826
  0C:028F    C$lab5_2.c$171$1$1
  0C:028F    C$lab5_2.c$175$1$1
  0C:028F    G$UART0_INIT$0$0
  0C:028F    _UART0_INIT
  0C:0291    A$lab5-2$1829
  0C:0291    C$lab5_2.c$176$1$1
  0C:0294    A$lab5-2$1832
  0C:0294    C$lab5_2.c$178$1$1
  0C:0297    A$lab5-2$1835
  0C:0297    C$lab5_2.c$179$1$1
  0C:029A    A$lab5-2$1838
  0C:029A    C$lab5_2.c$180$1$1
  0C:029D    A$lab5-2$1841
  0C:029D    C$lab5_2.c$181$1$1
  0C:02A0    A$lab5-2$1844
  0C:02A0    C$lab5_2.c$183$1$1
  0C:02A3    A$lab5-2$1847
  0C:02A3    C$lab5_2.c$184$1$1
  0C:02A5    A$lab5-2$1850
  0C:02A5    C$lab5_2.c$186$1$1
  0C:02A8    A$lab5-2$1853
  0C:02A8    C$lab5_2.c$187$1$1
  0C:02AB    A$lab5-2$1856
  0C:02AB    C$lab5_2.c$188$1$1
  0C:02AE    A$lab5-2$1859
  0C:02AE    C$lab5_2.c$191$1$1
  0C:02B0    A$lab5-2$1862
  0C:02B0    C$lab5_2.c$193$1$1
  0C:02B2    A$lab5-2$1865
  0C:02B2    C$lab5_2.c$194$1$1
  0C:02B2    XG$UART0_INIT$0$0
  0C:02BE    _vprintf
  0C:02D7    _printf
  0C:0397    __print_format
  0C:0885    _strlen
  0C:089D    __gptrget

Hexadecimal

Area                               Addr   Size   Decimal Bytes (Attributes)
--------------------------------   ----   ----   ------- ----- ------------
CONST                              08B9   004E =     78. bytes (REL,CON,CODE)

      Value  Global
   --------  --------------------------------
  0C:08B9    Flab5_2$_str_0$0$0
  0C:08BE    Flab5_2$_str_1$0$0
  0C:08CE    Flab5_2$_str_2$0$0
  0C:08E0    Flab5_2$_str_3$0$0
  0C:08E5    Flab5_2$_str_4$0$0
  0C:08EA    Flab5_2$_str_5$0$0

ASxxxx Linker V01.75 + NoICE + SDCC Feb 1999,  page 1.

Files Linked      [ module(s) ]

C:\Users\SSP\Documents\Microprocessor Systems\Lab 5\lab5-2.rel

Libraries Linked            [   object  file   ]

C:\Program Files (x86)\SDCC\bin\..\lib\small/mcs51.lib    [     crtclear.rel ]
C:\Program Files (x86)\SDCC\bin\..\lib\small/mcs51.lib    [     crtxinit.rel ]
C:\Program Files (x86)\SDCC\bin\..\lib\small/mcs51.lib    [    crtxclear.rel ]
C:\Program Files (x86)\SDCC\bin\..\lib\small/libsdcc.lib    [      vprintf.rel ]
C:\Program Files (x86)\SDCC\bin\..\lib\small/libsdcc.lib    [ /0               ]
C:\Program Files (x86)\SDCC\bin\..\lib\small/libsdcc.lib    [      _strlen.rel ]
C:\Program Files (x86)\SDCC\bin\..\lib\small/mcs51.lib    [     crtstart.rel ]
C:\Program Files (x86)\SDCC\bin\..\lib\small/libsdcc.lib    [     _gptrget.rel ]
C:\Program Files (x86)\SDCC\bin\..\lib\small/libsdcc.lib    [          _bp.rel ]

ASxxxx Linker V01.75 + NoICE + SDCC Feb 1999,  page 2.

User Base Address Definitions

HOME = 0x0000
ISEG = 0x0000
BSEG = 0x0000

