
Hexadecimal

Area                               Addr   Size   Decimal Bytes (Attributes)
--------------------------------   ----   ----   ------- ----- ------------
CABS                               0000   0000 =      0. bytes (ABS,CON,CODE)

      Value  Global
   --------  --------------------------------
  0C:0000    l_CABS
  0C:0000    l_GSINIT1
  0C:0000    l_GSINIT5
  0C:0000    l_IABS
  0C:0000    l_PSEG
  0C:0000    l_REG_BANK_1
  0C:0000    l_REG_BANK_2
  0C:0000    l_REG_BANK_3
  0C:0000    l_RSEG
  0C:0000    l_XABS
  0C:0000    l_XINIT
  0C:0000    l_XISEG
  0C:0000    l_XSEG
  0C:0000    l__CODE
  0C:0000    s_BSEG
  0C:0000    s_CABS
  0C:0000    s_DSEG
  0C:0000    s_HOME
  0C:0000    s_IABS
  0C:0000    s_ISEG
  0C:0000    s_PSEG
  0C:0000    s_REG_BANK_0
  0C:0000    s_XABS
  0C:0000    s_XISEG
  0C:0000    s_XSEG
  0C:0001    l_BIT_BANK
  0C:0002    l_BSEG_BYTES
  0C:0002    l_OSEG
  0C:0003    l_GSFINAL
  0C:0003    l_GSINIT0
  0C:0005    l_GSINIT
  0C:0006    l_ISEG
  0C:0008    l_REG_BANK_0
  0C:0008    s_REG_BANK_1
  0C:000A    l_BSEG
  0C:000A    l_GSINIT2
  0C:000C    s_OSEG
  0C:0010    s_REG_BANK_2
  0C:0018    s_REG_BANK_3
  0C:0020    s_BSEG_BYTES
  0C:0020    s__CODE
  0C:0022    l_GSINIT3
  0C:0022    s_BIT_BANK
  0C:002A    l_GSINIT4
  0C:0033    l_HOME
  0C:0033    s_GSINIT0
  0C:0035    l_CONST
  0C:0036    s_GSINIT1
  0C:0036    s_GSINIT2
  0C:003C    s_RSEG
  0C:003C    s_SSEG
  0C:0040    s_GSINIT3
  0C:0062    s_GSINIT4
  0C:0074    l_DSEG
  0C:008C    s_GSINIT
  0C:008C    s_GSINIT5
  0C:0091    s_GSFINAL
  0C:0094    s_CSEG
  0C:00C4    l_SSEG
  0C:0100    l_IRAM
  0C:077F    l_CSEG
  0C:0813    s_CONST
  0C:0848    s_XINIT



Hexadecimal

Area                               Addr   Size   Decimal Bytes (Attributes)
--------------------------------   ----   ----   ------- ----- ------------
.  .ABS.                           0000   0000 =      0. bytes (ABS,CON)

      Value  Global
   --------  --------------------------------
     96959493    G$MAC0ACC$0$0
     96959493    _MAC0ACC
     0080    G$P0$0$0
     0080    G$P0_0$0$0
     0080    _P0
     0080    _P0_0
     0081    G$P0_1$0$0
     0081    G$SP$0$0
     0081    _P0_1
     0081    _SP
     0082    G$DPL$0$0
     0082    G$P0_2$0$0
     0082    _DPL
     0082    _P0_2
     0083    G$DPH$0$0
     0083    G$P0_3$0$0
     0083    _DPH
     0083    _P0_3
     0084    G$P0_4$0$0
     0084    G$SFRPAGE$0$0
     0084    _P0_4
     0084    _SFRPAGE
     0085    G$P0_5$0$0
     0085    G$SFRNEXT$0$0
     0085    _P0_5
     0085    _SFRNEXT
     0086    G$P0_6$0$0
     0086    G$SFRLAST$0$0
     0086    _P0_6
     0086    _SFRLAST
     0087    G$P0_7$0$0
     0087    G$PCON$0$0
     0087    _P0_7
     0087    _PCON
     0088    G$CP0HYN0$0$0
     0088    G$CP1HYN0$0$0
     0088    G$CPT0CN$0$0
     0088    G$CPT1CN$0$0
     0088    G$FLHBUSY$0$0
     0088    G$FLSTAT$0$0
     0088    G$IT0$0$0
     0088    G$TCON$0$0
     0088    _CP0HYN0
     0088    _CP1HYN0
     0088    _CPT0CN
     0088    _CPT1CN
     0088    _FLHBUSY
     0088    _FLSTAT
     0088    _IT0
     0088    _TCON
     0089    G$CP0HYN1$0$0
     0089    G$CP1HYN1$0$0
     0089    G$CPT0MD$0$0
     0089    G$CPT1MD$0$0
     0089    G$IE0$0$0
     0089    G$PLL0CN$0$0
     0089    G$TMOD$0$0
     0089    _CP0HYN1
     0089    _CP1HYN1
     0089    _CPT0MD
     0089    _CPT1MD
     0089    _IE0
     0089    _PLL0CN
     0089    _TMOD
     008A    G$CP0HYP0$0$0
     008A    G$CP1HYP0$0$0
     008A    G$IT1$0$0
     008A    G$OSCICN$0$0
     008A    G$TL0$0$0
     008A    _CP0HYP0
     008A    _CP1HYP0
     008A    _IT1
     008A    _OSCICN
     008A    _TL0
     008B    G$CP0HYP1$0$0
     008B    G$CP1HYP1$0$0
     008B    G$IE1$0$0
     008B    G$OSCICL$0$0
     008B    G$TL1$0$0
     008B    _CP0HYP1
     008B    _CP1HYP1
     008B    _IE1
     008B    _OSCICL
     008B    _TL1
     008C    G$CP0FIF$0$0
     008C    G$CP1FIF$0$0
     008C    G$OSCXCN$0$0
     008C    G$TH0$0$0
     008C    G$TR0$0$0
     008C    _CP0FIF
     008C    _CP1FIF
     008C    _OSCXCN
     008C    _TH0
     008C    _TR0
     008D    G$CP0RIF$0$0
     008D    G$CP1RIF$0$0
     008D    G$PLL0DIV$0$0
     008D    G$TF0$0$0
     008D    G$TH1$0$0
     008D    _CP0RIF
     008D    _CP1RIF
     008D    _PLL0DIV
     008D    _TF0
     008D    _TH1
     008E    G$CKCON$0$0
     008E    G$CP0OUT$0$0
     008E    G$CP1OUT$0$0
     008E    G$PLL0MUL$0$0
     008E    G$TR1$0$0
     008E    _CKCON
     008E    _CP0OUT
     008E    _CP1OUT
     008E    _PLL0MUL
     008E    _TR1
     008F    G$CP0EN$0$0
     008F    G$CP1EN$0$0
     008F    G$PLL0FLT$0$0
     008F    G$PSCTL$0$0
     008F    G$TF1$0$0
     008F    _CP0EN
     008F    _CP1EN
     008F    _PLL0FLT
     008F    _PSCTL
     008F    _TF1
     0090    G$P1$0$0
     0090    G$P1_0$0$0
     0090    _P1
     0090    _P1_0
     0091    G$MAC0BL$0$0
     0091    G$P1_1$0$0
     0091    G$SSTA0$0$0
     0091    _MAC0BL
     0091    _P1_1
     0091    _SSTA0
     0092    G$MAC0BH$0$0
     0092    G$P1_2$0$0
     0092    _MAC0BH
     0092    _P1_2
     0093    G$MAC0ACC0$0$0
     0093    G$P1_3$0$0
     0093    _MAC0ACC0
     0093    _P1_3
     0094    G$MAC0ACC1$0$0
     0094    G$P1_4$0$0
     0094    _MAC0ACC1
     0094    _P1_4
     0095    G$MAC0ACC2$0$0
     0095    G$P1_5$0$0
     0095    _MAC0ACC2
     0095    _P1_5
     0096    G$MAC0ACC3$0$0
     0096    G$P1_6$0$0
     0096    G$SFRPGCN$0$0
     0096    _MAC0ACC3
     0096    _P1_6
     0096    _SFRPGCN
     0097    G$CLKSEL$0$0
     0097    G$MAC0OVR$0$0
     0097    G$P1_7$0$0
     0097    _CLKSEL
     0097    _MAC0OVR
     0097    _P1_7
     0098    G$RI$0$0
     0098    G$RI0$0$0
     0098    G$RI1$0$0
     0098    G$SCON$0$0
     0098    G$SCON0$0$0
     0098    G$SCON1$0$0
     0098    _RI
     0098    _RI0
     0098    _RI1
     0098    _SCON
     0098    _SCON0
     0098    _SCON1
     0099    G$SBUF$0$0
     0099    G$SBUF0$0$0
     0099    G$SBUF1$0$0
     0099    G$TI$0$0
     0099    G$TI0$0$0
     0099    G$TI1$0$0
     0099    _SBUF
     0099    _SBUF0
     0099    _SBUF1
     0099    _TI
     0099    _TI0
     0099    _TI1
     009A    G$CCH0MA$0$0
     009A    G$RB80$0$0
     009A    G$RB81$0$0
     009A    G$SPI0CFG$0$0
     009A    _CCH0MA
     009A    _RB80
     009A    _RB81
     009A    _SPI0CFG
     009B    G$SPI0DAT$0$0
     009B    G$TB80$0$0
     009B    G$TB81$0$0
     009B    _SPI0DAT
     009B    _TB80
     009B    _TB81
     009C    G$P4MDOUT$0$0
     009C    G$REN$0$0
     009C    G$REN0$0$0
     009C    G$REN1$0$0
     009C    _P4MDOUT
     009C    _REN
     009C    _REN0
     009C    _REN1
     009D    G$MCE1$0$0
     009D    G$P5MDOUT$0$0
     009D    G$SM20$0$0
     009D    G$SPI0CKR$0$0
     009D    _MCE1
     009D    _P5MDOUT
     009D    _SM20
     009D    _SPI0CKR
     009E    G$P6MDOUT$0$0
     009E    G$SM10$0$0
     009E    _P6MDOUT
     009E    _SM10
     009F    G$P7MDOUT$0$0
     009F    G$S1MODE$0$0
     009F    G$SM00$0$0
     009F    _P7MDOUT
     009F    _S1MODE
     009F    _SM00
     00A0    G$P2$0$0
     00A0    G$P2_0$0$0
     00A0    _P2
     00A0    _P2_0
     00A1    G$CCH0CN$0$0
     00A1    G$EMI0TC$0$0
     00A1    G$P2_1$0$0
     00A1    _CCH0CN
     00A1    _EMI0TC
     00A1    _P2_1
     00A2    G$CCH0TN$0$0
     00A2    G$EMI0CN$0$0
     00A2    G$P2_2$0$0
     00A2    G$_XPAGE$0$0
     00A2    _CCH0TN
     00A2    _EMI0CN
     00A2    _P2_2
     00A2    __XPAGE
     00A3    G$CCH0LC$0$0
     00A3    G$EMI0CF$0$0
     00A3    G$P2_3$0$0
     00A3    _CCH0LC
     00A3    _EMI0CF
     00A3    _P2_3
     00A4    G$P0MDOUT$0$0
     00A4    G$P2_4$0$0
     00A4    _P0MDOUT
     00A4    _P2_4
     00A5    G$P1MDOUT$0$0
     00A5    G$P2_5$0$0
     00A5    _P1MDOUT
     00A5    _P2_5
     00A6    G$P2MDOUT$0$0
     00A6    G$P2_6$0$0
     00A6    _P2MDOUT
     00A6    _P2_6
     00A7    G$P2_7$0$0
     00A7    G$P3MDOUT$0$0
     00A7    _P2_7
     00A7    _P3MDOUT
     00A8    G$EX0$0$0
     00A8    G$IE$0$0
     00A8    _EX0
     00A8    _IE
     00A9    G$ET0$0$0
     00A9    G$SADDR0$0$0
     00A9    _ET0
     00A9    _SADDR0
     00AA    G$EX1$0$0
     00AA    _EX1
     00AB    G$ET1$0$0
     00AB    _ET1
     00AC    G$ES$0$0
     00AC    G$ES0$0$0
     00AC    _ES
     00AC    _ES0
     00AD    G$ET2$0$0
     00AD    G$P1MDIN$0$0
     00AD    _ET2
     00AD    _P1MDIN
     00AF    G$EA$0$0
     00AF    _EA
     00B0    G$P3$0$0
     00B0    G$P3_0$0$0
     00B0    _P3
     00B0    _P3_0
     00B1    G$P3_1$0$0
     00B1    G$PSBANK$0$0
     00B1    _P3_1
     00B1    _PSBANK
     00B2    G$P3_2$0$0
     00B2    _P3_2
     00B3    G$P3_3$0$0
     00B3    _P3_3
     00B4    G$P3_4$0$0
     00B4    _P3_4
     00B5    G$P3_5$0$0
     00B5    _P3_5
     00B6    G$P3_6$0$0
     00B6    _P3_6
     00B7    G$FLACL$0$0
     00B7    G$FLSCL$0$0
     00B7    G$P3_7$0$0
     00B7    _FLACL
     00B7    _FLSCL
     00B7    _P3_7
     00B8    G$IP$0$0
     00B8    G$PX0$0$0
     00B8    _IP
     00B8    _PX0
     00B9    G$PT0$0$0
     00B9    G$SADEN0$0$0
     00B9    _PT0
     00B9    _SADEN0
     00BA    G$AMX0CF$0$0
     00BA    G$AMX2CF$0$0
     00BA    G$PX1$0$0
     00BA    _AMX0CF
     00BA    _AMX2CF
     00BA    _PX1
     00BB    G$AMX0SL$0$0
     00BB    G$AMX2SL$0$0
     00BB    G$PT1$0$0
     00BB    _AMX0SL
     00BB    _AMX2SL
     00BB    _PT1
     00BC    G$ADC0CF$0$0
     00BC    G$ADC2CF$0$0
     00BC    G$PS$0$0
     00BC    G$PS0$0$0
     00BC    _ADC0CF
     00BC    _ADC2CF
     00BC    _PS
     00BC    _PS0
     00BD    G$PT2$0$0
     00BD    _PT2
     00BE    G$ADC0L$0$0
     00BE    G$ADC2$0$0
     00BE    _ADC0L
     00BE    _ADC2
     00BF    G$ADC0H$0$0
     00BF    _ADC0H
     00C0    G$MAC0N$0$0
     00C0    G$MAC0STA$0$0
     00C0    G$SMB0CN$0$0
     00C0    G$SMBTOE$0$0
     00C0    _MAC0N
     00C0    _MAC0STA
     00C0    _SMB0CN
     00C0    _SMBTOE
     00C1    G$MAC0AL$0$0
     00C1    G$MAC0SO$0$0
     00C1    G$SMB0STA$0$0
     00C1    G$SMBFTE$0$0
     00C1    _MAC0AL
     00C1    _MAC0SO
     00C1    _SMB0STA
     00C1    _SMBFTE
     00C2    G$AA$0$0
     00C2    G$MAC0AH$0$0
     00C2    G$MAC0Z$0$0
     00C2    G$SMB0DAT$0$0
     00C2    _AA
     00C2    _MAC0AH
     00C2    _MAC0Z
     00C2    _SMB0DAT
     00C3    G$MAC0CF$0$0
     00C3    G$MAC0HO$0$0
     00C3    G$SI$0$0
     00C3    G$SMB0ADR$0$0
     00C3    _MAC0CF
     00C3    _MAC0HO
     00C3    _SI
     00C3    _SMB0ADR
     00C4    G$ADC0GTL$0$0
     00C4    G$ADC2GT$0$0
     00C4    G$STO$0$0
     00C4    _ADC0GTL
     00C4    _ADC2GT
     00C4    _STO
     00C5    G$ADC0GTH$0$0
     00C5    G$STA$0$0
     00C5    _ADC0GTH
     00C5    _STA
     00C6    G$ADC0LTL$0$0
     00C6    G$ADC2LT$0$0
     00C6    G$ENSMB$0$0
     00C6    _ADC0LTL
     00C6    _ADC2LT
     00C6    _ENSMB
     00C7    G$ADC0LTH$0$0
     00C7    G$BUSY$0$0
     00C7    _ADC0LTH
     00C7    _BUSY
     00C8    G$CPRL2$0$0
     00C8    G$CPRL3$0$0
     00C8    G$CPRL4$0$0
     00C8    G$P4$0$0
     00C8    G$P4_0$0$0
     00C8    G$TMR2CN$0$0
     00C8    G$TMR3CN$0$0
     00C8    G$TMR4CN$0$0
     00C8    _CPRL2
     00C8    _CPRL3
     00C8    _CPRL4
     00C8    _P4
     00C8    _P4_0
     00C8    _TMR2CN
     00C8    _TMR3CN
     00C8    _TMR4CN
     00C9    G$CT2$0$0
     00C9    G$CT3$0$0
     00C9    G$CT4$0$0
     00C9    G$P4_1$0$0
     00C9    G$TMR2CF$0$0
     00C9    G$TMR3CF$0$0
     00C9    G$TMR4CF$0$0
     00C9    _CT2
     00C9    _CT3
     00C9    _CT4
     00C9    _P4_1
     00C9    _TMR2CF
     00C9    _TMR3CF
     00C9    _TMR4CF
     00CA    G$P4_2$0$0
     00CA    G$RCAP2L$0$0
     00CA    G$RCAP3L$0$0
     00CA    G$RCAP4L$0$0
     00CA    G$TR2$0$0
     00CA    G$TR3$0$0
     00CA    G$TR4$0$0
     00CA    _P4_2
     00CA    _RCAP2L
     00CA    _RCAP3L
     00CA    _RCAP4L
     00CA    _TR2
     00CA    _TR3
     00CA    _TR4
     00CB    G$EXEN2$0$0
     00CB    G$EXEN3$0$0
     00CB    G$EXEN4$0$0
     00CB    G$P4_3$0$0
     00CB    G$RCAP2H$0$0
     00CB    G$RCAP3H$0$0
     00CB    G$RCAP4H$0$0
     00CB    _EXEN2
     00CB    _EXEN3
     00CB    _EXEN4
     00CB    _P4_3
     00CB    _RCAP2H
     00CB    _RCAP3H
     00CB    _RCAP4H
     00CC    G$P4_4$0$0
     00CC    G$TL2$0$0
     00CC    G$TMR2L$0$0
     00CC    G$TMR3L$0$0
     00CC    G$TMR4L$0$0
     00CC    _P4_4
     00CC    _TL2
     00CC    _TMR2L
     00CC    _TMR3L
     00CC    _TMR4L
     00CD    G$P4_5$0$0
     00CD    G$TH2$0$0
     00CD    G$TMR2H$0$0
     00CD    G$TMR3H$0$0
     00CD    G$TMR4H$0$0
     00CD    _P4_5
     00CD    _TH2
     00CD    _TMR2H
     00CD    _TMR3H
     00CD    _TMR4H
     00CE    G$EXF2$0$0
     00CE    G$EXF3$0$0
     00CE    G$EXF4$0$0
     00CE    G$MAC0RNDL$0$0
     00CE    G$P4_6$0$0
     00CE    _EXF2
     00CE    _EXF3
     00CE    _EXF4
     00CE    _MAC0RNDL
     00CE    _P4_6
     00CF    G$MAC0RNDH$0$0
     00CF    G$P4_7$0$0
     00CF    G$SMB0CR$0$0
     00CF    G$TF2$0$0
     00CF    G$TF3$0$0
     00CF    G$TF4$0$0
     00CF    _MAC0RNDH
     00CF    _P4_7
     00CF    _SMB0CR
     00CF    _TF2
     00CF    _TF3
     00CF    _TF4
     00D0    G$P$0$0
     00D0    G$PSW$0$0
     00D0    _P
     00D0    _PSW
     00D1    G$F1$0$0
     00D1    G$REF0CN$0$0
     00D1    _F1
     00D1    _REF0CN
     00D2    G$DAC0L$0$0
     00D2    G$DAC1L$0$0
     00D2    G$OV$0$0
     00D2    _DAC0L
     00D2    _DAC1L
     00D2    _OV
     00D3    G$DAC0H$0$0
     00D3    G$DAC1H$0$0
     00D3    G$RS0$0$0
     00D3    _DAC0H
     00D3    _DAC1H
     00D3    _RS0
     00D4    G$DAC0CN$0$0
     00D4    G$DAC1CN$0$0
     00D4    G$RS1$0$0
     00D4    _DAC0CN
     00D4    _DAC1CN
     00D4    _RS1
     00D5    G$F0$0$0
     00D5    _F0
     00D6    G$AC$0$0
     00D6    _AC
     00D7    G$CY$0$0
     00D7    _CY
     00D8    G$CCF0$0$0
     00D8    G$P5$0$0
     00D8    G$P5_0$0$0
     00D8    G$PCA0CN$0$0
     00D8    _CCF0
     00D8    _P5
     00D8    _P5_0
     00D8    _PCA0CN
     00D9    G$CCF1$0$0
     00D9    G$P5_1$0$0
     00D9    G$PCA0MD$0$0
     00D9    _CCF1
     00D9    _P5_1
     00D9    _PCA0MD
     00DA    G$CCF2$0$0
     00DA    G$P5_2$0$0
     00DA    G$PCA0CPM0$0$0
     00DA    _CCF2
     00DA    _P5_2
     00DA    _PCA0CPM0
     00DB    G$CCF3$0$0
     00DB    G$P5_3$0$0
     00DB    G$PCA0CPM1$0$0
     00DB    _CCF3
     00DB    _P5_3
     00DB    _PCA0CPM1
     00DC    G$CCF4$0$0
     00DC    G$P5_4$0$0
     00DC    G$PCA0CPM2$0$0
     00DC    _CCF4
     00DC    _P5_4
     00DC    _PCA0CPM2
     00DD    G$CCF5$0$0
     00DD    G$P5_5$0$0
     00DD    G$PCA0CPM3$0$0
     00DD    _CCF5
     00DD    _P5_5
     00DD    _PCA0CPM3
     00DE    G$CR$0$0
     00DE    G$P5_6$0$0
     00DE    G$PCA0CPM4$0$0
     00DE    _CR
     00DE    _P5_6
     00DE    _PCA0CPM4
     00DF    G$CF$0$0
     00DF    G$P5_7$0$0
     00DF    G$PCA0CPM5$0$0
     00DF    _CF
     00DF    _P5_7
     00DF    _PCA0CPM5
     00E0    G$ACC$0$0
     00E0    _ACC
     00E1    G$PCA0CPL5$0$0
     00E1    G$XBR0$0$0
     00E1    _PCA0CPL5
     00E1    _XBR0
     00E2    G$PCA0CPH5$0$0
     00E2    G$XBR1$0$0
     00E2    _PCA0CPH5
     00E2    _XBR1
     00E3    G$XBR2$0$0
     00E3    _XBR2
     00E6    G$EIE1$0$0
     00E6    _EIE1
     00E7    G$EIE2$0$0
     00E7    _EIE2
     00E8    G$AD0LJST$0$0
     00E8    G$AD2WINT$0$0
     00E8    G$ADC0CN$0$0
     00E8    G$ADC2CN$0$0
     00E8    G$P6$0$0
     00E8    G$P6_0$0$0
     00E8    _AD0LJST
     00E8    _AD2WINT
     00E8    _ADC0CN
     00E8    _ADC2CN
     00E8    _P6
     00E8    _P6_0
     00E9    G$AD0WINT$0$0
     00E9    G$AD2CM0$0$0
     00E9    G$P6_1$0$0
     00E9    G$PCA0CPL2$0$0
     00E9    _AD0WINT
     00E9    _AD2CM0
     00E9    _P6_1
     00E9    _PCA0CPL2
     00EA    G$AD0CM0$0$0
     00EA    G$AD2CM1$0$0
     00EA    G$P6_2$0$0
     00EA    G$PCA0CPH2$0$0
     00EA    _AD0CM0
     00EA    _AD2CM1
     00EA    _P6_2
     00EA    _PCA0CPH2
     00EB    G$AD0CM1$0$0
     00EB    G$AD2CM2$0$0
     00EB    G$P6_3$0$0
     00EB    G$PCA0CPL3$0$0
     00EB    _AD0CM1
     00EB    _AD2CM2
     00EB    _P6_3
     00EB    _PCA0CPL3
     00EC    G$AD0BUSY$0$0
     00EC    G$AD2BUSY$0$0
     00EC    G$P6_4$0$0
     00EC    G$PCA0CPH3$0$0
     00EC    _AD0BUSY
     00EC    _AD2BUSY
     00EC    _P6_4
     00EC    _PCA0CPH3
     00ED    G$AD0INT$0$0
     00ED    G$AD2INT$0$0
     00ED    G$P6_5$0$0
     00ED    G$PCA0CPL4$0$0
     00ED    _AD0INT
     00ED    _AD2INT
     00ED    _P6_5
     00ED    _PCA0CPL4
     00EE    G$AD0TM$0$0
     00EE    G$AD2TM$0$0
     00EE    G$P6_6$0$0
     00EE    G$PCA0CPH4$0$0
     00EE    _AD0TM
     00EE    _AD2TM
     00EE    _P6_6
     00EE    _PCA0CPH4
     00EF    G$AD0EN$0$0
     00EF    G$AD2EN$0$0
     00EF    G$P6_7$0$0
     00EF    G$RSTSRC$0$0
     00EF    _AD0EN
     00EF    _AD2EN
     00EF    _P6_7
     00EF    _RSTSRC
     00F0    G$B$0$0
     00F0    _B
     00F5    _B_5
     00F6    G$EIP1$0$0
     00F6    _B_6
     00F6    _EIP1
     00F7    G$EIP2$0$0
     00F7    _B_7
     00F7    _EIP2
     00F8    G$P7$0$0
     00F8    G$P7_0$0$0
     00F8    G$SPI0CN$0$0
     00F8    G$SPIEN$0$0
     00F8    _P7
     00F8    _P7_0
     00F8    _SPI0CN
     00F8    _SPIEN
     00F9    G$P7_1$0$0
     00F9    G$PCA0L$0$0
     00F9    G$TXBMT$0$0
     00F9    _P7_1
     00F9    _PCA0L
     00F9    _TXBMT
     00FA    G$NSSMD0$0$0
     00FA    G$P7_2$0$0
     00FA    G$PCA0H$0$0
     00FA    _NSSMD0
     00FA    _P7_2
     00FA    _PCA0H
     00FB    G$NSSMD1$0$0
     00FB    G$P7_3$0$0
     00FB    G$PCA0CPL0$0$0
     00FB    _NSSMD1
     00FB    _P7_3
     00FB    _PCA0CPL0
     00FC    G$P7_4$0$0
     00FC    G$PCA0CPH0$0$0
     00FC    G$RXOVRN$0$0
     00FC    _P7_4
     00FC    _PCA0CPH0
     00FC    _RXOVRN
     00FD    G$MODF$0$0
     00FD    G$P7_5$0$0
     00FD    G$PCA0CPL1$0$0
     00FD    _MODF
     00FD    _P7_5
     00FD    _PCA0CPL1
     00FE    G$P7_6$0$0
     00FE    G$PCA0CPH1$0$0
     00FE    G$WCOL$0$0
     00FE    _P7_6
     00FE    _PCA0CPH1
     00FE    _WCOL
     00FF    G$P7_7$0$0
     00FF    G$SPIF$0$0
     00FF    G$WDTCN$0$0
     00FF    _P7_7
     00FF    _SPIF
     00FF    _WDTCN
     8C8A    G$TMR0$0$0
     8C8A    _TMR0
     8D8B    G$TMR1$0$0
     8D8B    _TMR1
     BFBE    G$ADC0$0$0
     BFBE    _ADC0
     C2C1    G$MAC0A$0$0
     C2C1    _MAC0A
     C5C4    G$ADC0GT$0$0
     C5C4    _ADC0GT
     C7C6    G$ADC0LT$0$0
     C7C6    _ADC0LT
     CBCA    G$RCAP2$0$0
     CBCA    G$RCAP3$0$0
     CBCA    G$RCAP4$0$0
     CBCA    _RCAP2
     CBCA    _RCAP3
     CBCA    _RCAP4
     CDCC    G$TMR2$0$0
     CDCC    G$TMR3$0$0
     CDCC    G$TMR4$0$0
     CDCC    _TMR2
     CDCC    _TMR3
     CDCC    _TMR4
     CFCE    G$MAC0RND$0$0
     CFCE    _MAC0RND
     D3D2    G$DAC0$0$0
     D3D2    G$DAC1$0$0
     D3D2    _DAC0
     D3D2    _DAC1
     E2E1    G$PCA0CP5$0$0
     E2E1    _PCA0CP5
     EAE9    G$PCA0CP2$0$0
     EAE9    _PCA0CP2
     ECEB    G$PCA0CP3$0$0
     ECEB    _PCA0CP3
     EEED    G$PCA0CP4$0$0
     EEED    _PCA0CP4
     FAF9    G$PCA0$0$0
     FAF9    _PCA0
     FCFB    G$PCA0CP0$0$0
     FCFB    _PCA0CP0
     FEFD    G$PCA0CP1$0$0
     FEFD    _PCA0CP1









Hexadecimal

Area                               Addr   Size   Decimal Bytes (Attributes)
--------------------------------   ----   ----   ------- ----- ------------
DSEG                               0000   0074 =    116. bytes (REL,CON)

      Value  Global
   --------  --------------------------------
     0008    G$overflows$0$0
     0008    _overflows
     000A    _vprintf_PARM_2
     000B    _bp
     002F    __print_format_PARM_2
     0032    __print_format_PARM_3
     0035    __print_format_PARM_4

Hexadecimal

Area                               Addr   Size   Decimal Bytes (Attributes)
--------------------------------   ----   ----   ------- ----- ------------
OSEG                               000C   0002 =      2. bytes (REL,OVR)

      Value  Global
   --------  --------------------------------
     000C    _calculate_digit_radix_1_1
     000D    _calculate_digit_i_1_1


Hexadecimal

Area                               Addr   Size   Decimal Bytes (Attributes)
--------------------------------   ----   ----   ------- ----- ------------
SSEG                               003C   00C4 =    196. bytes (REL,OVR)

      Value  Global
   --------  --------------------------------
     003C    __start__stack





Hexadecimal

Area                               Addr   Size   Decimal Bytes (Attributes)
--------------------------------   ----   ----   ------- ----- ------------
HOME                               0000   0033 =     51. bytes (REL,CON,CODE)

      Value  Global
   --------  --------------------------------
  0C:0000    A$lab3-1$1267
  0C:0003    A$lab3-1$1268
  0C:000B    A$lab3-1$1270
  0C:0013    A$lab3-1$1272
  0C:001B    A$lab3-1$1274
  0C:0023    A$lab3-1$1276
  0C:002B    A$lab3-1$1278
  0C:002E    A$lab3-1$1306
  0C:002E    __sdcc_program_startup
  0C:0031    A$lab3-1$1308

Hexadecimal

Area                               Addr   Size   Decimal Bytes (Attributes)
--------------------------------   ----   ----   ------- ----- ------------
GSINIT0                            0033   0003 =      3. bytes (REL,CON,CODE)

      Value  Global
   --------  --------------------------------
  0C:0033    __sdcc_gsinit_startup



Hexadecimal

Area                               Addr   Size   Decimal Bytes (Attributes)
--------------------------------   ----   ----   ------- ----- ------------
GSINIT3                            0040   0022 =     34. bytes (REL,CON,CODE)

      Value  Global
   --------  --------------------------------
  0C:0040    __mcs51_genXINIT

Hexadecimal

Area                               Addr   Size   Decimal Bytes (Attributes)
--------------------------------   ----   ----   ------- ----- ------------
GSINIT4                            0062   002A =     42. bytes (REL,CON,CODE)

      Value  Global
   --------  --------------------------------
  0C:0062    __mcs51_genRAMCLEAR
  0C:0068    __mcs51_genXRAMCLEAR


Hexadecimal

Area                               Addr   Size   Decimal Bytes (Attributes)
--------------------------------   ----   ----   ------- ----- ------------
GSINIT                             008C   0005 =      5. bytes (REL,CON,CODE)

      Value  Global
   --------  --------------------------------
  0C:008C    A$lab3-1$1295
  0C:008C    C$lab3_1.c$31$1$1
  0C:008D    A$lab3-1$1296
  0C:008F    A$lab3-1$1297

Hexadecimal

Area                               Addr   Size   Decimal Bytes (Attributes)
--------------------------------   ----   ----   ------- ----- ------------
GSFINAL                            0091   0003 =      3. bytes (REL,CON,CODE)

      Value  Global
   --------  --------------------------------
  0C:0091    A$lab3-1$1299

Hexadecimal

Area                               Addr   Size   Decimal Bytes (Attributes)
--------------------------------   ----   ----   ------- ----- ------------
CSEG                               0094   077F =   1919. bytes (REL,CON,CODE)

      Value  Global
   --------  --------------------------------
  0C:0094    A$lab3-1$1333
  0C:0094    C$putget.h$18$0$0
  0C:0094    G$putchar$0$0
  0C:0094    _putchar
  0C:0096    A$lab3-1$1339
  0C:0096    C$putget.h$20$1$1
  0C:0096    C$putget.h$21$1$1
  0C:0099    A$lab3-1$1340
  0C:009B    A$lab3-1$1344
  0C:009B    C$putget.h$22$1$1
  0C:009D    A$lab3-1$1347
  0C:009D    C$putget.h$23$1$1
  0C:009D    XG$putchar$0$0
  0C:009E    A$lab3-1$1365
  0C:009E    C$putget.h$28$1$1
  0C:009E    C$putget.h$31$1$1
  0C:009E    C$putget.h$32$1$1
  0C:009E    G$getchar$0$0
  0C:009E    _getchar
  0C:00A1    A$lab3-1$1366
  0C:00A3    A$lab3-1$1370
  0C:00A3    C$putget.h$33$1$1
  0C:00A6    A$lab3-1$1375
  0C:00A6    C$putget.h$35$1$1
  0C:00A6    C$putget.h$36$1$1
  0C:00A6    XG$getchar$0$0
  0C:00A7    A$lab3-1$1390
  0C:00A7    C$lab3_1.c$36$1$1
  0C:00A7    C$lab3_1.c$39$1$1
  0C:00A7    G$main$0$0
  0C:00A7    _main
  0C:00AA    A$lab3-1$1393
  0C:00AA    C$lab3_1.c$40$1$1
  0C:00AD    A$lab3-1$1396
  0C:00AD    C$lab3_1.c$42$1$1
  0C:00B0    A$lab3-1$1399
  0C:00B0    C$lab3_1.c$43$1$1
  0C:00B3    A$lab3-1$1402
  0C:00B3    C$lab3_1.c$44$1$1
  0C:00B6    A$lab3-1$1405
  0C:00B6    C$lab3_1.c$45$1$1
  0C:00B9    A$lab3-1$1408
  0C:00B9    C$lab3_1.c$46$1$1
  0C:00BC    A$lab3-1$1411
  0C:00BC    C$lab3_1.c$49$1$1
  0C:00BF    A$lab3-1$1414
  0C:00BF    C$lab3_1.c$51$1$1
  0C:00C1    A$lab3-1$1415
  0C:00C3    A$lab3-1$1416
  0C:00C5    A$lab3-1$1417
  0C:00C7    A$lab3-1$1418
  0C:00C9    A$lab3-1$1419
  0C:00CB    A$lab3-1$1420
  0C:00CE    A$lab3-1$1421
  0C:00D0    A$lab3-1$1422
  0C:00D2    A$lab3-1$1423
  0C:00D4    A$lab3-1$1426
  0C:00D4    C$lab3_1.c$52$1$1
  0C:00D6    A$lab3-1$1427
  0C:00D8    A$lab3-1$1428
  0C:00DA    A$lab3-1$1429
  0C:00DC    A$lab3-1$1430
  0C:00DE    A$lab3-1$1431
  0C:00E0    A$lab3-1$1432
  0C:00E3    A$lab3-1$1433
  0C:00E5    A$lab3-1$1434
  0C:00E7    A$lab3-1$1435
  0C:00E9    A$lab3-1$1438
  0C:00E9    C$lab3_1.c$56$1$1
  0C:00EC    A$lab3-1$1441
  0C:00EC    C$lab3_1.c$58$1$1
  0C:00EE    A$lab3-1$1442
  0C:00F0    A$lab3-1$1443
  0C:00F2    A$lab3-1$1444
  0C:00F4    A$lab3-1$1445
  0C:00F6    A$lab3-1$1446
  0C:00F8    A$lab3-1$1447
  0C:00FB    A$lab3-1$1448
  0C:00FD    A$lab3-1$1449
  0C:00FF    A$lab3-1$1450
  0C:0101    A$lab3-1$1453
  0C:0101    C$lab3_1.c$59$1$1
  0C:0103    A$lab3-1$1454
  0C:0105    A$lab3-1$1455
  0C:0107    A$lab3-1$1456
  0C:0109    A$lab3-1$1457
  0C:010B    A$lab3-1$1458
  0C:010D    A$lab3-1$1459
  0C:0110    A$lab3-1$1460
  0C:0112    A$lab3-1$1461
  0C:0114    A$lab3-1$1462
  0C:0116    A$lab3-1$1465
  0C:0116    C$lab3_1.c$60$1$1
  0C:0116    XG$main$0$0
  0C:0117    A$lab3-1$1481
  0C:0117    C$lab3_1.c$68$1$1
  0C:0117    C$lab3_1.c$73$1$1
  0C:0117    G$SYSCLK_INIT$0$0
  0C:0117    _SYSCLK_INIT
  0C:0119    A$lab3-1$1484
  0C:0119    C$lab3_1.c$74$1$1
  0C:011C    A$lab3-1$1487
  0C:011C    C$lab3_1.c$76$1$1
  0C:011F    A$lab3-1$1490
  0C:011F    C$lab3_1.c$77$1$1
  0C:0121    A$lab3-1$1491
  0C:0123    A$lab3-1$1493
  0C:0124    A$lab3-1$1494
  0C:0127    A$lab3-1$1495
  0C:0128    A$lab3-1$1497
  0C:0129    A$lab3-1$1498
  0C:012A    A$lab3-1$1499
  0C:012C    A$lab3-1$1503
  0C:012C    C$lab3_1.c$78$1$1
  0C:012E    A$lab3-1$1504
  0C:0131    A$lab3-1$1507
  0C:0131    C$lab3_1.c$79$1$1
  0C:0134    A$lab3-1$1510
  0C:0134    C$lab3_1.c$80$1$1
  0C:0137    A$lab3-1$1513
  0C:0137    C$lab3_1.c$82$1$1
  0C:0139    A$lab3-1$1516
  0C:0139    C$lab3_1.c$83$1$1
  0C:0139    XG$SYSCLK_INIT$0$0
  0C:013A    A$lab3-1$1531
  0C:013A    C$lab3_1.c$91$1$1
  0C:013A    C$lab3_1.c$93$1$1
  0C:013A    G$PORT_INIT$0$0
  0C:013A    _PORT_INIT
  0C:013C    A$lab3-1$1534
  0C:013C    C$lab3_1.c$95$1$1
  0C:013F    A$lab3-1$1537
  0C:013F    C$lab3_1.c$97$1$1
  0C:0141    A$lab3-1$1540
  0C:0141    C$lab3_1.c$98$1$1
  0C:0143    A$lab3-1$1543
  0C:0143    C$lab3_1.c$100$1$1
  0C:0146    A$lab3-1$1546
  0C:0146    C$lab3_1.c$101$1$1
  0C:0149    A$lab3-1$1549
  0C:0149    C$lab3_1.c$103$1$1
  0C:014C    A$lab3-1$1552
  0C:014C    C$lab3_1.c$104$1$1
  0C:014F    A$lab3-1$1555
  0C:014F    C$lab3_1.c$106$1$1
  0C:0151    A$lab3-1$1558
  0C:0151    C$lab3_1.c$107$1$1
  0C:0151    XG$PORT_INIT$0$0
  0C:0152    A$lab3-1$1573
  0C:0152    C$lab3_1.c$115$1$1
  0C:0152    C$lab3_1.c$117$1$1
  0C:0152    G$UART_INIT$0$0
  0C:0152    _UART_INIT
  0C:0154    A$lab3-1$1576
  0C:0154    C$lab3_1.c$119$1$1
  0C:0157    A$lab3-1$1579
  0C:0157    C$lab3_1.c$120$1$1
  0C:015A    A$lab3-1$1582
  0C:015A    C$lab3_1.c$121$1$1
  0C:015D    A$lab3-1$1585
  0C:015D    C$lab3_1.c$122$1$1
  0C:015F    A$lab3-1$1588
  0C:015F    C$lab3_1.c$124$1$1
  0C:0162    A$lab3-1$1591
  0C:0162    C$lab3_1.c$125$1$1
  0C:0165    A$lab3-1$1594
  0C:0165    C$lab3_1.c$128$1$1
  0C:0167    A$lab3-1$1597
  0C:0167    C$lab3_1.c$129$1$1
  0C:0167    XG$UART_INIT$0$0
  0C:0168    A$lab3-1$1612
  0C:0168    C$lab3_1.c$131$1$1
  0C:0168    C$lab3_1.c$133$1$1
  0C:0168    G$SPI_Init$0$0
  0C:0168    _SPI_Init
  0C:016A    A$lab3-1$1615
  0C:016A    C$lab3_1.c$135$1$1
  0C:016D    A$lab3-1$1618
  0C:016D    C$lab3_1.c$136$1$1
  0C:0170    A$lab3-1$1621
  0C:0170    C$lab3_1.c$138$1$1
  0C:0172    A$lab3-1$1624
  0C:0172    C$lab3_1.c$139$1$1
  0C:0172    XG$SPI_Init$0$0
  0C:0173    A$lab3-1$1638
  0C:0173    C$lab3_1.c$141$1$1
  0C:0173    C$lab3_1.c$143$1$1
  0C:0173    G$Interrupts_Init$0$0
  0C:0173    _Interrupts_Init
  0C:0176    A$lab3-1$1641
  0C:0176    C$lab3_1.c$144$1$1
  0C:0179    A$lab3-1$1644
  0C:0179    C$lab3_1.c$145$1$1
  0C:017C    A$lab3-1$1647
  0C:017C    C$lab3_1.c$146$1$1
  0C:017C    XG$Interrupts_Init$0$0
  0C:017D    A$lab3-1$1662
  0C:017D    C$lab3_1.c$148$1$1
  0C:017D    C$lab3_1.c$150$1$1
  0C:017D    G$Timer_Init$0$0
  0C:017D    _Timer_Init
  0C:017F    A$lab3-1$1665
  0C:017F    C$lab3_1.c$152$1$1
  0C:0182    A$lab3-1$1668
  0C:0182    C$lab3_1.c$153$1$1
  0C:0185    A$lab3-1$1671
  0C:0185    C$lab3_1.c$154$1$1
  0C:0188    A$lab3-1$1674
  0C:0188    C$lab3_1.c$155$1$1
  0C:018B    A$lab3-1$1677
  0C:018B    C$lab3_1.c$156$1$1
  0C:018E    A$lab3-1$1680
  0C:018E    C$lab3_1.c$157$1$1
  0C:0191    A$lab3-1$1683
  0C:0191    C$lab3_1.c$158$1$1
  0C:0194    A$lab3-1$1686
  0C:0194    C$lab3_1.c$160$1$1
  0C:0197    A$lab3-1$1689
  0C:0197    C$lab3_1.c$161$1$1
  0C:019A    A$lab3-1$1692
  0C:019A    C$lab3_1.c$162$1$1
  0C:019D    A$lab3-1$1695
  0C:019D    C$lab3_1.c$163$1$1
  0C:01A0    A$lab3-1$1698
  0C:01A0    C$lab3_1.c$164$1$1
  0C:01A3    A$lab3-1$1701
  0C:01A3    C$lab3_1.c$166$1$1
  0C:01A5    A$lab3-1$1704
  0C:01A5    C$lab3_1.c$167$1$1
  0C:01A7    A$lab3-1$1707
  0C:01A7    C$lab3_1.c$169$1$1
  0C:01A9    A$lab3-1$1710
  0C:01A9    C$lab3_1.c$170$1$1
  0C:01A9    XG$Timer_Init$0$0
  0C:01AA    A$lab3-1$1722
  0C:01AA    C$lab3_1.c$174$1$1
  0C:01AA    G$Timer2_ISR$0$0
  0C:01AA    _Timer2_ISR
  0C:01AC    A$lab3-1$1723
  0C:01AE    A$lab3-1$1724
  0C:01B0    A$lab3-1$1725
  0C:01B2    A$lab3-1$1726
  0C:01B4    A$lab3-1$1727
  0C:01B6    A$lab3-1$1728
  0C:01B8    A$lab3-1$1729
  0C:01BA    A$lab3-1$1730
  0C:01BC    A$lab3-1$1731
  0C:01BE    A$lab3-1$1732
  0C:01C0    A$lab3-1$1733
  0C:01C2    A$lab3-1$1734
  0C:01C4    A$lab3-1$1735
  0C:01C6    A$lab3-1$1736
  0C:01C9    A$lab3-1$1739
  0C:01C9    C$lab3_1.c$176$1$1
  0C:01CB    A$lab3-1$1740
  0C:01CC    A$lab3-1$1741
  0C:01CF    A$lab3-1$1742
  0C:01D1    A$lab3-1$1746
  0C:01D1    C$lab3_1.c$177$1$1
  0C:01D3    A$lab3-1$1747
  0C:01D5    A$lab3-1$1748
  0C:01D7    A$lab3-1$1749
  0C:01D9    A$lab3-1$1750
  0C:01DB    A$lab3-1$1751
  0C:01DD    A$lab3-1$1752
  0C:01DF    A$lab3-1$1753
  0C:01E1    A$lab3-1$1754
  0C:01E4    A$lab3-1$1755
  0C:01E6    A$lab3-1$1756
  0C:01E8    A$lab3-1$1757
  0C:01EA    A$lab3-1$1760
  0C:01EA    C$lab3_1.c$178$1$1
  0C:01EC    A$lab3-1$1761
  0C:01EE    A$lab3-1$1762
  0C:01F0    A$lab3-1$1763
  0C:01F2    A$lab3-1$1764
  0C:01F4    A$lab3-1$1765
  0C:01F6    A$lab3-1$1766
  0C:01F8    A$lab3-1$1767
  0C:01FA    A$lab3-1$1768
  0C:01FC    A$lab3-1$1769
  0C:01FE    A$lab3-1$1770
  0C:0200    A$lab3-1$1771
  0C:0202    A$lab3-1$1772
  0C:0204    A$lab3-1$1773
  0C:0206    A$lab3-1$1774
  0C:0208    A$lab3-1$1777
  0C:0208    C$lab3_1.c$179$1$1
  0C:0208    XG$Timer2_ISR$0$0
  0C:0214    _vprintf
  0C:022D    _printf
  0C:02ED    __print_format
  0C:07DB    _strlen
  0C:07F3    __gptrget
  0C:080F    __sdcc_external_startup

Hexadecimal

Area                               Addr   Size   Decimal Bytes (Attributes)
--------------------------------   ----   ----   ------- ----- ------------
CONST                              0813   0035 =     53. bytes (REL,CON,CODE)

      Value  Global
   --------  --------------------------------
  0C:0813    Flab3_1$_str_0$0$0
  0C:0818    Flab3_1$_str_1$0$0
  0C:0829    Flab3_1$_str_2$0$0
  0C:0838    Flab3_1$_str_3$0$0

ASxxxx Linker V01.75 + NoICE + SDCC Feb 1999,  page 1.

Files Linked      [ module(s) ]

C:\Users\SSP\Documents\Microprocessor Systems\Lab 3\lab3-1.rel

Libraries Linked            [   object  file   ]

C:\Program Files (x86)\SDCC\bin\..\lib\small/mcs51.lib    [     crtclear.rel ]
C:\Program Files (x86)\SDCC\bin\..\lib\small/mcs51.lib    [     crtxinit.rel ]
C:\Program Files (x86)\SDCC\bin\..\lib\small/mcs51.lib    [    crtxclear.rel ]
C:\Program Files (x86)\SDCC\bin\..\lib\small/libsdcc.lib    [      vprintf.rel ]
C:\Program Files (x86)\SDCC\bin\..\lib\small/libsdcc.lib    [ /0               ]
C:\Program Files (x86)\SDCC\bin\..\lib\small/libsdcc.lib    [      _strlen.rel ]
C:\Program Files (x86)\SDCC\bin\..\lib\small/mcs51.lib    [     crtstart.rel ]
C:\Program Files (x86)\SDCC\bin\..\lib\small/libsdcc.lib    [     _gptrget.rel ]
C:\Program Files (x86)\SDCC\bin\..\lib\small/libsdcc.lib    [     _startup.rel ]
C:\Program Files (x86)\SDCC\bin\..\lib\small/libsdcc.lib    [          _bp.rel ]

ASxxxx Linker V01.75 + NoICE + SDCC Feb 1999,  page 2.

User Base Address Definitions

HOME = 0x0000
ISEG = 0x0000
BSEG = 0x0000

