
Hexadecimal

Area                               Addr   Size   Decimal Bytes (Attributes)
--------------------------------   ----   ----   ------- ----- ------------
CABS                               0000   0000 =      0. bytes (ABS,CON,CODE)

      Value  Global
   --------  --------------------------------
  0C:0000    l_CABS
  0C:0000    l_GSINIT1
  0C:0000    l_GSINIT5
  0C:0000    l_IABS
  0C:0000    l_PSEG
  0C:0000    l_REG_BANK_1
  0C:0000    l_REG_BANK_2
  0C:0000    l_REG_BANK_3
  0C:0000    l_RSEG
  0C:0000    l_XABS
  0C:0000    l_XINIT
  0C:0000    l_XISEG
  0C:0000    l_XSEG
  0C:0000    l__CODE
  0C:0000    s_BSEG
  0C:0000    s_CABS
  0C:0000    s_DSEG
  0C:0000    s_HOME
  0C:0000    s_IABS
  0C:0000    s_ISEG
  0C:0000    s_PSEG
  0C:0000    s_REG_BANK_0
  0C:0000    s_XABS
  0C:0000    s_XISEG
  0C:0000    s_XSEG
  0C:0001    l_BIT_BANK
  0C:0002    l_BSEG_BYTES
  0C:0003    l_GSFINAL
  0C:0003    l_GSINIT0
  0C:0004    l_OSEG
  0C:0006    l_ISEG
  0C:0008    l_REG_BANK_0
  0C:0008    s_REG_BANK_1
  0C:000A    l_GSINIT2
  0C:000B    l_BSEG
  0C:0010    s_REG_BANK_2
  0C:0012    l_GSINIT
  0C:0013    l_HOME
  0C:0013    s_GSINIT0
  0C:0015    s_OSEG
  0C:0016    s_GSINIT1
  0C:0016    s_GSINIT2
  0C:0018    s_REG_BANK_3
  0C:0020    s_BSEG_BYTES
  0C:0020    s_GSINIT3
  0C:0020    s__CODE
  0C:0022    l_GSINIT3
  0C:0022    s_BIT_BANK
  0C:002A    l_GSINIT4
  0C:0042    s_GSINIT4
  0C:0066    s_RSEG
  0C:0066    s_SSEG
  0C:006C    s_GSINIT
  0C:006C    s_GSINIT5
  0C:007E    s_GSFINAL
  0C:007F    l_DSEG
  0C:0081    s_CSEG
  0C:009A    l_SSEG
  0C:0100    l_IRAM
  0C:0233    l_CONST
  0C:125F    l_CSEG
  0C:12E0    s_CONST
  0C:1513    s_XINIT



Hexadecimal

Area                               Addr   Size   Decimal Bytes (Attributes)
--------------------------------   ----   ----   ------- ----- ------------
.  .ABS.                           0000   0000 =      0. bytes (ABS,CON)

      Value  Global
   --------  --------------------------------
     96959493    G$MAC0ACC$0$0
     96959493    _MAC0ACC
     0080    G$P0$0$0
     0080    G$P0_0$0$0
     0080    _P0
     0080    _P0_0
     0081    G$P0_1$0$0
     0081    G$SP$0$0
     0081    _P0_1
     0081    _SP
     0082    G$DPL$0$0
     0082    G$P0_2$0$0
     0082    _DPL
     0082    _P0_2
     0083    G$DPH$0$0
     0083    G$P0_3$0$0
     0083    _DPH
     0083    _P0_3
     0084    G$P0_4$0$0
     0084    G$SFRPAGE$0$0
     0084    _P0_4
     0084    _SFRPAGE
     0085    G$P0_5$0$0
     0085    G$SFRNEXT$0$0
     0085    _P0_5
     0085    _SFRNEXT
     0086    G$P0_6$0$0
     0086    G$SFRLAST$0$0
     0086    _P0_6
     0086    _SFRLAST
     0087    G$P0_7$0$0
     0087    G$PCON$0$0
     0087    _P0_7
     0087    _PCON
     0088    G$CP0HYN0$0$0
     0088    G$CP1HYN0$0$0
     0088    G$CPT0CN$0$0
     0088    G$CPT1CN$0$0
     0088    G$FLHBUSY$0$0
     0088    G$FLSTAT$0$0
     0088    G$IT0$0$0
     0088    G$TCON$0$0
     0088    _CP0HYN0
     0088    _CP1HYN0
     0088    _CPT0CN
     0088    _CPT1CN
     0088    _FLHBUSY
     0088    _FLSTAT
     0088    _IT0
     0088    _TCON
     0089    G$CP0HYN1$0$0
     0089    G$CP1HYN1$0$0
     0089    G$CPT0MD$0$0
     0089    G$CPT1MD$0$0
     0089    G$IE0$0$0
     0089    G$PLL0CN$0$0
     0089    G$TMOD$0$0
     0089    _CP0HYN1
     0089    _CP1HYN1
     0089    _CPT0MD
     0089    _CPT1MD
     0089    _IE0
     0089    _PLL0CN
     0089    _TMOD
     008A    G$CP0HYP0$0$0
     008A    G$CP1HYP0$0$0
     008A    G$IT1$0$0
     008A    G$OSCICN$0$0
     008A    G$TL0$0$0
     008A    _CP0HYP0
     008A    _CP1HYP0
     008A    _IT1
     008A    _OSCICN
     008A    _TL0
     008B    G$CP0HYP1$0$0
     008B    G$CP1HYP1$0$0
     008B    G$IE1$0$0
     008B    G$OSCICL$0$0
     008B    G$TL1$0$0
     008B    _CP0HYP1
     008B    _CP1HYP1
     008B    _IE1
     008B    _OSCICL
     008B    _TL1
     008C    G$CP0FIF$0$0
     008C    G$CP1FIF$0$0
     008C    G$OSCXCN$0$0
     008C    G$TH0$0$0
     008C    G$TR0$0$0
     008C    _CP0FIF
     008C    _CP1FIF
     008C    _OSCXCN
     008C    _TH0
     008C    _TR0
     008D    G$CP0RIF$0$0
     008D    G$CP1RIF$0$0
     008D    G$PLL0DIV$0$0
     008D    G$TF0$0$0
     008D    G$TH1$0$0
     008D    _CP0RIF
     008D    _CP1RIF
     008D    _PLL0DIV
     008D    _TF0
     008D    _TH1
     008E    G$CKCON$0$0
     008E    G$CP0OUT$0$0
     008E    G$CP1OUT$0$0
     008E    G$PLL0MUL$0$0
     008E    G$TR1$0$0
     008E    _CKCON
     008E    _CP0OUT
     008E    _CP1OUT
     008E    _PLL0MUL
     008E    _TR1
     008F    G$CP0EN$0$0
     008F    G$CP1EN$0$0
     008F    G$PLL0FLT$0$0
     008F    G$PSCTL$0$0
     008F    G$TF1$0$0
     008F    _CP0EN
     008F    _CP1EN
     008F    _PLL0FLT
     008F    _PSCTL
     008F    _TF1
     0090    G$P1$0$0
     0090    G$P1_0$0$0
     0090    _P1
     0090    _P1_0
     0091    G$MAC0BL$0$0
     0091    G$P1_1$0$0
     0091    G$SSTA0$0$0
     0091    _MAC0BL
     0091    _P1_1
     0091    _SSTA0
     0092    G$MAC0BH$0$0
     0092    G$P1_2$0$0
     0092    _MAC0BH
     0092    _P1_2
     0093    G$MAC0ACC0$0$0
     0093    G$P1_3$0$0
     0093    _MAC0ACC0
     0093    _P1_3
     0094    G$MAC0ACC1$0$0
     0094    G$P1_4$0$0
     0094    _MAC0ACC1
     0094    _P1_4
     0095    G$MAC0ACC2$0$0
     0095    G$P1_5$0$0
     0095    _MAC0ACC2
     0095    _P1_5
     0096    G$MAC0ACC3$0$0
     0096    G$P1_6$0$0
     0096    G$SFRPGCN$0$0
     0096    _MAC0ACC3
     0096    _P1_6
     0096    _SFRPGCN
     0097    G$CLKSEL$0$0
     0097    G$MAC0OVR$0$0
     0097    G$P1_7$0$0
     0097    _CLKSEL
     0097    _MAC0OVR
     0097    _P1_7
     0098    G$RI$0$0
     0098    G$RI0$0$0
     0098    G$RI1$0$0
     0098    G$SCON$0$0
     0098    G$SCON0$0$0
     0098    G$SCON1$0$0
     0098    _RI
     0098    _RI0
     0098    _RI1
     0098    _SCON
     0098    _SCON0
     0098    _SCON1
     0099    G$SBUF$0$0
     0099    G$SBUF0$0$0
     0099    G$SBUF1$0$0
     0099    G$TI$0$0
     0099    G$TI0$0$0
     0099    G$TI1$0$0
     0099    _SBUF
     0099    _SBUF0
     0099    _SBUF1
     0099    _TI
     0099    _TI0
     0099    _TI1
     009A    G$CCH0MA$0$0
     009A    G$RB80$0$0
     009A    G$RB81$0$0
     009A    G$SPI0CFG$0$0
     009A    _CCH0MA
     009A    _RB80
     009A    _RB81
     009A    _SPI0CFG
     009B    G$SPI0DAT$0$0
     009B    G$TB80$0$0
     009B    G$TB81$0$0
     009B    _SPI0DAT
     009B    _TB80
     009B    _TB81
     009C    G$P4MDOUT$0$0
     009C    G$REN$0$0
     009C    G$REN0$0$0
     009C    G$REN1$0$0
     009C    _P4MDOUT
     009C    _REN
     009C    _REN0
     009C    _REN1
     009D    G$MCE1$0$0
     009D    G$P5MDOUT$0$0
     009D    G$SM20$0$0
     009D    G$SPI0CKR$0$0
     009D    _MCE1
     009D    _P5MDOUT
     009D    _SM20
     009D    _SPI0CKR
     009E    G$P6MDOUT$0$0
     009E    G$SM10$0$0
     009E    _P6MDOUT
     009E    _SM10
     009F    G$P7MDOUT$0$0
     009F    G$S1MODE$0$0
     009F    G$SM00$0$0
     009F    _P7MDOUT
     009F    _S1MODE
     009F    _SM00
     00A0    G$P2$0$0
     00A0    G$P2_0$0$0
     00A0    _P2
     00A0    _P2_0
     00A1    G$CCH0CN$0$0
     00A1    G$EMI0TC$0$0
     00A1    G$P2_1$0$0
     00A1    _CCH0CN
     00A1    _EMI0TC
     00A1    _P2_1
     00A2    G$CCH0TN$0$0
     00A2    G$EMI0CN$0$0
     00A2    G$P2_2$0$0
     00A2    G$_XPAGE$0$0
     00A2    _CCH0TN
     00A2    _EMI0CN
     00A2    _P2_2
     00A2    __XPAGE
     00A3    G$CCH0LC$0$0
     00A3    G$EMI0CF$0$0
     00A3    G$P2_3$0$0
     00A3    _CCH0LC
     00A3    _EMI0CF
     00A3    _P2_3
     00A4    G$P0MDOUT$0$0
     00A4    G$P2_4$0$0
     00A4    _P0MDOUT
     00A4    _P2_4
     00A5    G$P1MDOUT$0$0
     00A5    G$P2_5$0$0
     00A5    _P1MDOUT
     00A5    _P2_5
     00A6    G$P2MDOUT$0$0
     00A6    G$P2_6$0$0
     00A6    _P2MDOUT
     00A6    _P2_6
     00A7    G$P2_7$0$0
     00A7    G$P3MDOUT$0$0
     00A7    _P2_7
     00A7    _P3MDOUT
     00A8    G$EX0$0$0
     00A8    G$IE$0$0
     00A8    _EX0
     00A8    _IE
     00A9    G$ET0$0$0
     00A9    G$SADDR0$0$0
     00A9    _ET0
     00A9    _SADDR0
     00AA    G$EX1$0$0
     00AA    _EX1
     00AB    G$ET1$0$0
     00AB    _ET1
     00AC    G$ES$0$0
     00AC    G$ES0$0$0
     00AC    _ES
     00AC    _ES0
     00AD    G$ET2$0$0
     00AD    G$P1MDIN$0$0
     00AD    _ET2
     00AD    _P1MDIN
     00AF    G$EA$0$0
     00AF    _EA
     00B0    G$P3$0$0
     00B0    G$P3_0$0$0
     00B0    _P3
     00B0    _P3_0
     00B1    G$P3_1$0$0
     00B1    G$PSBANK$0$0
     00B1    _P3_1
     00B1    _PSBANK
     00B2    G$P3_2$0$0
     00B2    _P3_2
     00B3    G$P3_3$0$0
     00B3    _P3_3
     00B4    G$P3_4$0$0
     00B4    _P3_4
     00B5    G$P3_5$0$0
     00B5    _P3_5
     00B6    G$P3_6$0$0
     00B6    _P3_6
     00B7    G$FLACL$0$0
     00B7    G$FLSCL$0$0
     00B7    G$P3_7$0$0
     00B7    _FLACL
     00B7    _FLSCL
     00B7    _P3_7
     00B8    G$IP$0$0
     00B8    G$PX0$0$0
     00B8    _IP
     00B8    _PX0
     00B9    G$PT0$0$0
     00B9    G$SADEN0$0$0
     00B9    _PT0
     00B9    _SADEN0
     00BA    G$AMX0CF$0$0
     00BA    G$AMX2CF$0$0
     00BA    G$PX1$0$0
     00BA    _AMX0CF
     00BA    _AMX2CF
     00BA    _PX1
     00BB    G$AMX0SL$0$0
     00BB    G$AMX2SL$0$0
     00BB    G$PT1$0$0
     00BB    _AMX0SL
     00BB    _AMX2SL
     00BB    _PT1
     00BC    G$ADC0CF$0$0
     00BC    G$ADC2CF$0$0
     00BC    G$PS$0$0
     00BC    G$PS0$0$0
     00BC    _ADC0CF
     00BC    _ADC2CF
     00BC    _PS
     00BC    _PS0
     00BD    G$PT2$0$0
     00BD    _PT2
     00BE    G$ADC0L$0$0
     00BE    G$ADC2$0$0
     00BE    _ADC0L
     00BE    _ADC2
     00BF    G$ADC0H$0$0
     00BF    _ADC0H
     00C0    G$MAC0N$0$0
     00C0    G$MAC0STA$0$0
     00C0    G$SMB0CN$0$0
     00C0    G$SMBTOE$0$0
     00C0    _MAC0N
     00C0    _MAC0STA
     00C0    _SMB0CN
     00C0    _SMBTOE
     00C1    G$MAC0AL$0$0
     00C1    G$MAC0SO$0$0
     00C1    G$SMB0STA$0$0
     00C1    G$SMBFTE$0$0
     00C1    _MAC0AL
     00C1    _MAC0SO
     00C1    _SMB0STA
     00C1    _SMBFTE
     00C2    G$AA$0$0
     00C2    G$MAC0AH$0$0
     00C2    G$MAC0Z$0$0
     00C2    G$SMB0DAT$0$0
     00C2    _AA
     00C2    _MAC0AH
     00C2    _MAC0Z
     00C2    _SMB0DAT
     00C3    G$MAC0CF$0$0
     00C3    G$MAC0HO$0$0
     00C3    G$SI$0$0
     00C3    G$SMB0ADR$0$0
     00C3    _MAC0CF
     00C3    _MAC0HO
     00C3    _SI
     00C3    _SMB0ADR
     00C4    G$ADC0GTL$0$0
     00C4    G$ADC2GT$0$0
     00C4    G$STO$0$0
     00C4    _ADC0GTL
     00C4    _ADC2GT
     00C4    _STO
     00C5    G$ADC0GTH$0$0
     00C5    G$STA$0$0
     00C5    _ADC0GTH
     00C5    _STA
     00C6    G$ADC0LTL$0$0
     00C6    G$ADC2LT$0$0
     00C6    G$ENSMB$0$0
     00C6    _ADC0LTL
     00C6    _ADC2LT
     00C6    _ENSMB
     00C7    G$ADC0LTH$0$0
     00C7    G$BUSY$0$0
     00C7    _ADC0LTH
     00C7    _BUSY
     00C8    G$CPRL2$0$0
     00C8    G$CPRL3$0$0
     00C8    G$CPRL4$0$0
     00C8    G$P4$0$0
     00C8    G$P4_0$0$0
     00C8    G$TMR2CN$0$0
     00C8    G$TMR3CN$0$0
     00C8    G$TMR4CN$0$0
     00C8    _CPRL2
     00C8    _CPRL3
     00C8    _CPRL4
     00C8    _P4
     00C8    _P4_0
     00C8    _TMR2CN
     00C8    _TMR3CN
     00C8    _TMR4CN
     00C9    G$CT2$0$0
     00C9    G$CT3$0$0
     00C9    G$CT4$0$0
     00C9    G$P4_1$0$0
     00C9    G$TMR2CF$0$0
     00C9    G$TMR3CF$0$0
     00C9    G$TMR4CF$0$0
     00C9    _CT2
     00C9    _CT3
     00C9    _CT4
     00C9    _P4_1
     00C9    _TMR2CF
     00C9    _TMR3CF
     00C9    _TMR4CF
     00CA    G$P4_2$0$0
     00CA    G$RCAP2L$0$0
     00CA    G$RCAP3L$0$0
     00CA    G$RCAP4L$0$0
     00CA    G$TR2$0$0
     00CA    G$TR3$0$0
     00CA    G$TR4$0$0
     00CA    _P4_2
     00CA    _RCAP2L
     00CA    _RCAP3L
     00CA    _RCAP4L
     00CA    _TR2
     00CA    _TR3
     00CA    _TR4
     00CB    G$EXEN2$0$0
     00CB    G$EXEN3$0$0
     00CB    G$EXEN4$0$0
     00CB    G$P4_3$0$0
     00CB    G$RCAP2H$0$0
     00CB    G$RCAP3H$0$0
     00CB    G$RCAP4H$0$0
     00CB    _EXEN2
     00CB    _EXEN3
     00CB    _EXEN4
     00CB    _P4_3
     00CB    _RCAP2H
     00CB    _RCAP3H
     00CB    _RCAP4H
     00CC    G$P4_4$0$0
     00CC    G$TL2$0$0
     00CC    G$TMR2L$0$0
     00CC    G$TMR3L$0$0
     00CC    G$TMR4L$0$0
     00CC    _P4_4
     00CC    _TL2
     00CC    _TMR2L
     00CC    _TMR3L
     00CC    _TMR4L
     00CD    G$P4_5$0$0
     00CD    G$TH2$0$0
     00CD    G$TMR2H$0$0
     00CD    G$TMR3H$0$0
     00CD    G$TMR4H$0$0
     00CD    _P4_5
     00CD    _TH2
     00CD    _TMR2H
     00CD    _TMR3H
     00CD    _TMR4H
     00CE    G$EXF2$0$0
     00CE    G$EXF3$0$0
     00CE    G$EXF4$0$0
     00CE    G$MAC0RNDL$0$0
     00CE    G$P4_6$0$0
     00CE    _EXF2
     00CE    _EXF3
     00CE    _EXF4
     00CE    _MAC0RNDL
     00CE    _P4_6
     00CF    G$MAC0RNDH$0$0
     00CF    G$P4_7$0$0
     00CF    G$SMB0CR$0$0
     00CF    G$TF2$0$0
     00CF    G$TF3$0$0
     00CF    G$TF4$0$0
     00CF    _MAC0RNDH
     00CF    _P4_7
     00CF    _SMB0CR
     00CF    _TF2
     00CF    _TF3
     00CF    _TF4
     00D0    G$P$0$0
     00D0    G$PSW$0$0
     00D0    _P
     00D0    _PSW
     00D1    G$F1$0$0
     00D1    G$REF0CN$0$0
     00D1    _F1
     00D1    _REF0CN
     00D2    G$DAC0L$0$0
     00D2    G$DAC1L$0$0
     00D2    G$OV$0$0
     00D2    _DAC0L
     00D2    _DAC1L
     00D2    _OV
     00D3    G$DAC0H$0$0
     00D3    G$DAC1H$0$0
     00D3    G$RS0$0$0
     00D3    _DAC0H
     00D3    _DAC1H
     00D3    _RS0
     00D4    G$DAC0CN$0$0
     00D4    G$DAC1CN$0$0
     00D4    G$RS1$0$0
     00D4    _DAC0CN
     00D4    _DAC1CN
     00D4    _RS1
     00D5    G$F0$0$0
     00D5    _F0
     00D6    G$AC$0$0
     00D6    _AC
     00D7    G$CY$0$0
     00D7    _CY
     00D8    G$CCF0$0$0
     00D8    G$P5$0$0
     00D8    G$P5_0$0$0
     00D8    G$PCA0CN$0$0
     00D8    _CCF0
     00D8    _P5
     00D8    _P5_0
     00D8    _PCA0CN
     00D9    G$CCF1$0$0
     00D9    G$P5_1$0$0
     00D9    G$PCA0MD$0$0
     00D9    _CCF1
     00D9    _P5_1
     00D9    _PCA0MD
     00DA    G$CCF2$0$0
     00DA    G$P5_2$0$0
     00DA    G$PCA0CPM0$0$0
     00DA    _CCF2
     00DA    _P5_2
     00DA    _PCA0CPM0
     00DB    G$CCF3$0$0
     00DB    G$P5_3$0$0
     00DB    G$PCA0CPM1$0$0
     00DB    _CCF3
     00DB    _P5_3
     00DB    _PCA0CPM1
     00DC    G$CCF4$0$0
     00DC    G$P5_4$0$0
     00DC    G$PCA0CPM2$0$0
     00DC    _CCF4
     00DC    _P5_4
     00DC    _PCA0CPM2
     00DD    G$CCF5$0$0
     00DD    G$P5_5$0$0
     00DD    G$PCA0CPM3$0$0
     00DD    _CCF5
     00DD    _P5_5
     00DD    _PCA0CPM3
     00DE    G$CR$0$0
     00DE    G$P5_6$0$0
     00DE    G$PCA0CPM4$0$0
     00DE    _CR
     00DE    _P5_6
     00DE    _PCA0CPM4
     00DF    G$CF$0$0
     00DF    G$P5_7$0$0
     00DF    G$PCA0CPM5$0$0
     00DF    _CF
     00DF    _P5_7
     00DF    _PCA0CPM5
     00E0    G$ACC$0$0
     00E0    _ACC
     00E1    G$PCA0CPL5$0$0
     00E1    G$XBR0$0$0
     00E1    _PCA0CPL5
     00E1    _XBR0
     00E2    G$PCA0CPH5$0$0
     00E2    G$XBR1$0$0
     00E2    _PCA0CPH5
     00E2    _XBR1
     00E3    G$XBR2$0$0
     00E3    _XBR2
     00E6    G$EIE1$0$0
     00E6    _EIE1
     00E7    G$EIE2$0$0
     00E7    _EIE2
     00E8    G$AD0LJST$0$0
     00E8    G$AD2WINT$0$0
     00E8    G$ADC0CN$0$0
     00E8    G$ADC2CN$0$0
     00E8    G$P6$0$0
     00E8    G$P6_0$0$0
     00E8    _AD0LJST
     00E8    _AD2WINT
     00E8    _ADC0CN
     00E8    _ADC2CN
     00E8    _P6
     00E8    _P6_0
     00E9    G$AD0WINT$0$0
     00E9    G$AD2CM0$0$0
     00E9    G$P6_1$0$0
     00E9    G$PCA0CPL2$0$0
     00E9    _AD0WINT
     00E9    _AD2CM0
     00E9    _P6_1
     00E9    _PCA0CPL2
     00EA    G$AD0CM0$0$0
     00EA    G$AD2CM1$0$0
     00EA    G$P6_2$0$0
     00EA    G$PCA0CPH2$0$0
     00EA    _AD0CM0
     00EA    _AD2CM1
     00EA    _P6_2
     00EA    _PCA0CPH2
     00EB    G$AD0CM1$0$0
     00EB    G$AD2CM2$0$0
     00EB    G$P6_3$0$0
     00EB    G$PCA0CPL3$0$0
     00EB    _AD0CM1
     00EB    _AD2CM2
     00EB    _P6_3
     00EB    _PCA0CPL3
     00EC    G$AD0BUSY$0$0
     00EC    G$AD2BUSY$0$0
     00EC    G$P6_4$0$0
     00EC    G$PCA0CPH3$0$0
     00EC    _AD0BUSY
     00EC    _AD2BUSY
     00EC    _P6_4
     00EC    _PCA0CPH3
     00ED    G$AD0INT$0$0
     00ED    G$AD2INT$0$0
     00ED    G$P6_5$0$0
     00ED    G$PCA0CPL4$0$0
     00ED    _AD0INT
     00ED    _AD2INT
     00ED    _P6_5
     00ED    _PCA0CPL4
     00EE    G$AD0TM$0$0
     00EE    G$AD2TM$0$0
     00EE    G$P6_6$0$0
     00EE    G$PCA0CPH4$0$0
     00EE    _AD0TM
     00EE    _AD2TM
     00EE    _P6_6
     00EE    _PCA0CPH4
     00EF    G$AD0EN$0$0
     00EF    G$AD2EN$0$0
     00EF    G$P6_7$0$0
     00EF    G$RSTSRC$0$0
     00EF    _AD0EN
     00EF    _AD2EN
     00EF    _P6_7
     00EF    _RSTSRC
     00F0    G$B$0$0
     00F0    _B
     00F5    _B_5
     00F6    G$EIP1$0$0
     00F6    _B_6
     00F6    _EIP1
     00F7    G$EIP2$0$0
     00F7    _B_7
     00F7    _EIP2
     00F8    G$P7$0$0
     00F8    G$P7_0$0$0
     00F8    G$SPI0CN$0$0
     00F8    G$SPIEN$0$0
     00F8    _P7
     00F8    _P7_0
     00F8    _SPI0CN
     00F8    _SPIEN
     00F9    G$P7_1$0$0
     00F9    G$PCA0L$0$0
     00F9    G$TXBMT$0$0
     00F9    _P7_1
     00F9    _PCA0L
     00F9    _TXBMT
     00FA    G$NSSMD0$0$0
     00FA    G$P7_2$0$0
     00FA    G$PCA0H$0$0
     00FA    _NSSMD0
     00FA    _P7_2
     00FA    _PCA0H
     00FB    G$NSSMD1$0$0
     00FB    G$P7_3$0$0
     00FB    G$PCA0CPL0$0$0
     00FB    _NSSMD1
     00FB    _P7_3
     00FB    _PCA0CPL0
     00FC    G$P7_4$0$0
     00FC    G$PCA0CPH0$0$0
     00FC    G$RXOVRN$0$0
     00FC    _P7_4
     00FC    _PCA0CPH0
     00FC    _RXOVRN
     00FD    G$MODF$0$0
     00FD    G$P7_5$0$0
     00FD    G$PCA0CPL1$0$0
     00FD    _MODF
     00FD    _P7_5
     00FD    _PCA0CPL1
     00FE    G$P7_6$0$0
     00FE    G$PCA0CPH1$0$0
     00FE    G$WCOL$0$0
     00FE    _P7_6
     00FE    _PCA0CPH1
     00FE    _WCOL
     00FF    G$P7_7$0$0
     00FF    G$SPIF$0$0
     00FF    G$WDTCN$0$0
     00FF    _P7_7
     00FF    _SPIF
     00FF    _WDTCN
     8C8A    G$TMR0$0$0
     8C8A    _TMR0
     8D8B    G$TMR1$0$0
     8D8B    _TMR1
     BFBE    G$ADC0$0$0
     BFBE    _ADC0
     C2C1    G$MAC0A$0$0
     C2C1    _MAC0A
     C5C4    G$ADC0GT$0$0
     C5C4    _ADC0GT
     C7C6    G$ADC0LT$0$0
     C7C6    _ADC0LT
     CBCA    G$RCAP2$0$0
     CBCA    G$RCAP3$0$0
     CBCA    G$RCAP4$0$0
     CBCA    _RCAP2
     CBCA    _RCAP3
     CBCA    _RCAP4
     CDCC    G$TMR2$0$0
     CDCC    G$TMR3$0$0
     CDCC    G$TMR4$0$0
     CDCC    _TMR2
     CDCC    _TMR3
     CDCC    _TMR4
     CFCE    G$MAC0RND$0$0
     CFCE    _MAC0RND
     D3D2    G$DAC0$0$0
     D3D2    G$DAC1$0$0
     D3D2    _DAC0
     D3D2    _DAC1
     E2E1    G$PCA0CP5$0$0
     E2E1    _PCA0CP5
     EAE9    G$PCA0CP2$0$0
     EAE9    _PCA0CP2
     ECEB    G$PCA0CP3$0$0
     ECEB    _PCA0CP3
     EEED    G$PCA0CP4$0$0
     EEED    _PCA0CP4
     FAF9    G$PCA0$0$0
     FAF9    _PCA0
     FCFB    G$PCA0CP0$0$0
     FCFB    _PCA0CP0
     FEFD    G$PCA0CP1$0$0
     FEFD    _PCA0CP1







Hexadecimal

Area                               Addr   Size   Decimal Bits  (Attributes)
--------------------------------   ----   ----   ------- ----- ------------
BSEG                               0000   000B =     11. bits  (REL,CON,BIT)

      Value  Global
   --------  --------------------------------
  0B:0000    Llcd_cursor$on$1$1
  0B:0000    _lcd_cursor_PARM_1


Hexadecimal

Area                               Addr   Size   Decimal Bytes (Attributes)
--------------------------------   ----   ----   ------- ----- ------------
DSEG                               0000   007F =    127. bytes (REL,CON)

      Value  Global
   --------  --------------------------------
     000C    _vsprintf_PARM_2
     000F    _vsprintf_PARM_3
     0013    _bp
     0014    _vprintf_PARM_2
     0023    G$word$0$0
     0023    _word
     0024    G$seed$0$0
     0024    _seed
     0026    LdayOfWeek$days$1$1
     003B    LrandomNumber$second$1$1
     003D    LrandomNumber$buf$1$1
     0059    __print_format_PARM_2
     005C    __print_format_PARM_3
     005F    __print_format_PARM_4

Hexadecimal

Area                               Addr   Size   Decimal Bytes (Attributes)
--------------------------------   ----   ----   ------- ----- ------------
OSEG                               0015   0004 =      4. bytes (REL,OVR)

      Value  Global
   --------  --------------------------------
     0015    __gptrput_PARM_2
     0015    __modsint_PARM_2
     0015    __moduint_PARM_2
     0015    __mulint_PARM_2
     0015    __mullong_PARM_2
     0015    _calculate_digit_radix_1_1
     0016    _calculate_digit_i_1_1


Hexadecimal

Area                               Addr   Size   Decimal Bytes (Attributes)
--------------------------------   ----   ----   ------- ----- ------------
SSEG                               0066   009A =    154. bytes (REL,OVR)

      Value  Global
   --------  --------------------------------
     0066    __start__stack





Hexadecimal

Area                               Addr   Size   Decimal Bytes (Attributes)
--------------------------------   ----   ----   ------- ----- ------------
HOME                               0000   0013 =     19. bytes (REL,CON,CODE)

      Value  Global
   --------  --------------------------------
  0C:0000    A$lab6-3$1288
  0C:0003    A$lab6-3$1289
  0C:000B    A$lab6-3$1291
  0C:000E    A$lab6-3$1323
  0C:000E    __sdcc_program_startup
  0C:0011    A$lab6-3$1325

Hexadecimal

Area                               Addr   Size   Decimal Bytes (Attributes)
--------------------------------   ----   ----   ------- ----- ------------
GSINIT0                            0013   0003 =      3. bytes (REL,CON,CODE)

      Value  Global
   --------  --------------------------------
  0C:0013    __sdcc_gsinit_startup



Hexadecimal

Area                               Addr   Size   Decimal Bytes (Attributes)
--------------------------------   ----   ----   ------- ----- ------------
GSINIT3                            0020   0022 =     34. bytes (REL,CON,CODE)

      Value  Global
   --------  --------------------------------
  0C:0020    __mcs51_genXINIT

Hexadecimal

Area                               Addr   Size   Decimal Bytes (Attributes)
--------------------------------   ----   ----   ------- ----- ------------
GSINIT4                            0042   002A =     42. bytes (REL,CON,CODE)

      Value  Global
   --------  --------------------------------
  0C:0042    __mcs51_genRAMCLEAR
  0C:0048    __mcs51_genXRAMCLEAR


Hexadecimal

Area                               Addr   Size   Decimal Bytes (Attributes)
--------------------------------   ----   ----   ------- ----- ------------
GSINIT                             006C   0012 =     18. bytes (REL,CON,CODE)

      Value  Global
   --------  --------------------------------
  0C:006C    A$lab6-3$1308
  0C:006C    C$keypad.h$10$1$1
  0C:006F    A$lab6-3$1312
  0C:006F    C$lab6_3.c$40$1$1
  0C:0070    A$lab6-3$1313
  0C:0072    A$lab6-3$1314

Hexadecimal

Area                               Addr   Size   Decimal Bytes (Attributes)
--------------------------------   ----   ----   ------- ----- ------------
GSFINAL                            007E   0003 =      3. bytes (REL,CON,CODE)

      Value  Global
   --------  --------------------------------
  0C:007E    A$lab6-3$1316

Hexadecimal

Area                               Addr   Size   Decimal Bytes (Attributes)
--------------------------------   ----   ----   ------- ----- ------------
CSEG                               0081   125F =   4703. bytes (REL,CON,CODE)

      Value  Global
   --------  --------------------------------
  0C:0081    A$lab6-3$1350
  0C:0081    C$putget.h$18$0$0
  0C:0081    G$putchar$0$0
  0C:0081    _putchar
  0C:0083    A$lab6-3$1356
  0C:0083    C$putget.h$20$1$1
  0C:0083    C$putget.h$21$1$1
  0C:0086    A$lab6-3$1357
  0C:0088    A$lab6-3$1361
  0C:0088    C$putget.h$22$1$1
  0C:008A    A$lab6-3$1364
  0C:008A    C$putget.h$23$1$1
  0C:008A    XG$putchar$0$0
  0C:008B    A$lab6-3$1382
  0C:008B    C$putget.h$28$1$1
  0C:008B    C$putget.h$31$1$1
  0C:008B    C$putget.h$32$1$1
  0C:008B    G$getchar$0$0
  0C:008B    _getchar
  0C:008E    A$lab6-3$1383
  0C:0090    A$lab6-3$1387
  0C:0090    C$putget.h$33$1$1
  0C:0093    A$lab6-3$1392
  0C:0093    C$putget.h$35$1$1
  0C:0093    C$putget.h$36$1$1
  0C:0093    XG$getchar$0$0
  0C:0094    A$lab6-3$1408
  0C:0094    C$keypad.h$12$1$1
  0C:0094    C$keypad.h$16$1$1
  0C:0094    G$getLetter$0$0
  0C:0094    _getLetter
  0C:0096    A$lab6-3$1409
  0C:0099    A$lab6-3$1410
  0C:009B    A$lab6-3$1414
  0C:009B    C$keypad.h$18$1$1
  0C:009E    A$lab6-3$1417
  0C:009E    C$keypad.h$19$1$1
  0C:00A1    A$lab6-3$1422
  0C:00A1    C$keypad.h$20$1$1
  0C:00A1    C$keypad.h$21$1$1
  0C:00A1    XG$getLetter$0$0
  0C:00A2    A$lab6-3$1437
  0C:00A2    C$keypad.h$24$1$1
  0C:00A2    C$keypad.h$26$1$1
  0C:00A2    G$init_keypad$0$0
  0C:00A2    _init_keypad
  0C:00A4    A$lab6-3$1440
  0C:00A4    C$keypad.h$28$1$1
  0C:00A7    A$lab6-3$1443
  0C:00A7    C$keypad.h$29$1$1
  0C:00AA    A$lab6-3$1446
  0C:00AA    C$keypad.h$31$1$1
  0C:00AD    A$lab6-3$1449
  0C:00AD    C$keypad.h$32$1$1
  0C:00B0    A$lab6-3$1452
  0C:00B0    C$keypad.h$34$1$1
  0C:00B3    A$lab6-3$1455
  0C:00B3    C$keypad.h$35$1$1
  0C:00B6    A$lab6-3$1458
  0C:00B6    C$keypad.h$37$1$1
  0C:00B9    A$lab6-3$1461
  0C:00B9    C$keypad.h$38$1$1
  0C:00BC    A$lab6-3$1464
  0C:00BC    C$keypad.h$40$1$1
  0C:00BE    A$lab6-3$1467
  0C:00BE    C$keypad.h$41$1$1
  0C:00BE    XG$init_keypad$0$0
  0C:00BF    A$lab6-3$1482
  0C:00BF    C$keypad.h$43$1$1
  0C:00BF    G$KeypadVector$0$0
  0C:00BF    _KeypadVector
  0C:00C1    A$lab6-3$1483
  0C:00C3    A$lab6-3$1484
  0C:00C5    A$lab6-3$1485
  0C:00C7    A$lab6-3$1486
  0C:00C9    A$lab6-3$1487
  0C:00CB    A$lab6-3$1488
  0C:00CD    A$lab6-3$1489
  0C:00CF    A$lab6-3$1490
  0C:00D1    A$lab6-3$1491
  0C:00D3    A$lab6-3$1492
  0C:00D5    A$lab6-3$1493
  0C:00D7    A$lab6-3$1494
  0C:00D9    A$lab6-3$1495
  0C:00DB    A$lab6-3$1496
  0C:00DE    A$lab6-3$1499
  0C:00DE    C$keypad.h$49$1$1
  0C:00E1    A$lab6-3$1500
  0C:00E4    A$lab6-3$1503
  0C:00E4    C$keypad.h$52$1$1
  0C:00E6    A$lab6-3$1507
  0C:00E6    C$keypad.h$54$1$1
  0C:00E8    A$lab6-3$1508
  0C:00EB    A$lab6-3$1511
  0C:00EB    C$keypad.h$55$1$1
  0C:00ED    A$lab6-3$1512
  0C:00EF    A$lab6-3$1514
  0C:00F0    A$lab6-3$1515
  0C:00F3    A$lab6-3$1516
  0C:00F4    A$lab6-3$1518
  0C:00F5    A$lab6-3$1519
  0C:00F6    A$lab6-3$1520
  0C:00F8    A$lab6-3$1523
  0C:00F8    C$keypad.h$57$1$1
  0C:00FB    A$lab6-3$1524
  0C:00FD    A$lab6-3$1525
  0C:00FF    A$lab6-3$1526
  0C:0101    A$lab6-3$1527
  0C:0103    A$lab6-3$1528
  0C:0105    A$lab6-3$1529
  0C:0107    A$lab6-3$1530
  0C:0109    A$lab6-3$1531
  0C:010B    A$lab6-3$1532
  0C:010D    A$lab6-3$1533
  0C:010F    A$lab6-3$1534
  0C:0111    A$lab6-3$1535
  0C:0113    A$lab6-3$1536
  0C:0115    A$lab6-3$1537
  0C:0117    A$lab6-3$1540
  0C:0117    C$keypad.h$60$1$1
  0C:0117    XG$KeypadVector$0$0
  0C:0118    A$lab6-3$1558
  0C:0118    C$keypad.h$62$1$1
  0C:0118    C$keypad.h$64$1$1
  0C:0118    G$getKey$0$0
  0C:0118    _getKey
  0C:011A    A$lab6-3$1561
  0C:011A    C$keypad.h$65$1$1
  0C:011C    A$lab6-3$1564
  0C:011C    C$keypad.h$66$1$1
  0C:011E    A$lab6-3$1567
  0C:011E    C$keypad.h$69$1$1
  0C:0121    A$lab6-3$1570
  0C:0121    C$keypad.h$70$1$1
  0C:0123    A$lab6-3$1571
  0C:0125    A$lab6-3$1572
  0C:0127    A$lab6-3$1573
  0C:0129    A$lab6-3$1575
  0C:012A    A$lab6-3$1576
  0C:012D    A$lab6-3$1577
  0C:012E    A$lab6-3$1579
  0C:012F    A$lab6-3$1580
  0C:0130    A$lab6-3$1581
  0C:0132    A$lab6-3$1584
  0C:0132    C$keypad.h$72$1$1
  0C:0134    A$lab6-3$1585
  0C:0136    A$lab6-3$1586
  0C:0137    A$lab6-3$1589
  0C:0137    C$keypad.h$75$1$1
  0C:013A    A$lab6-3$1592
  0C:013A    C$keypad.h$77$2$2
  0C:013D    A$lab6-3$1595
  0C:013D    C$keypad.h$78$2$2
  0C:013F    A$lab6-3$1596
  0C:0141    A$lab6-3$1600
  0C:0141    C$keypad.h$79$2$2
  0C:0144    A$lab6-3$1603
  0C:0144    C$keypad.h$80$2$2
  0C:0146    A$lab6-3$1604
  0C:0148    A$lab6-3$1608
  0C:0148    C$keypad.h$81$2$2
  0C:014B    A$lab6-3$1611
  0C:014B    C$keypad.h$82$2$2
  0C:014D    A$lab6-3$1612
  0C:014F    A$lab6-3$1616
  0C:014F    C$keypad.h$84$2$2
  0C:0151    A$lab6-3$1620
  0C:0151    C$keypad.h$87$1$1
  0C:0154    A$lab6-3$1623
  0C:0154    C$keypad.h$88$1$1
  0C:0156    A$lab6-3$1624
  0C:0158    A$lab6-3$1625
  0C:015A    A$lab6-3$1626
  0C:015C    A$lab6-3$1628
  0C:015D    A$lab6-3$1629
  0C:0160    A$lab6-3$1630
  0C:0161    A$lab6-3$1632
  0C:0162    A$lab6-3$1633
  0C:0163    A$lab6-3$1634
  0C:0165    A$lab6-3$1637
  0C:0165    C$keypad.h$90$1$1
  0C:0167    A$lab6-3$1638
  0C:0169    A$lab6-3$1639
  0C:016A    A$lab6-3$1642
  0C:016A    C$keypad.h$92$1$1
  0C:016D    A$lab6-3$1645
  0C:016D    C$keypad.h$94$2$3
  0C:0170    A$lab6-3$1648
  0C:0170    C$keypad.h$95$2$3
  0C:0172    A$lab6-3$1649
  0C:0174    A$lab6-3$1653
  0C:0174    C$keypad.h$96$2$3
  0C:0177    A$lab6-3$1656
  0C:0177    C$keypad.h$97$2$3
  0C:0179    A$lab6-3$1657
  0C:017B    A$lab6-3$1661
  0C:017B    C$keypad.h$98$2$3
  0C:017E    A$lab6-3$1664
  0C:017E    C$keypad.h$99$2$3
  0C:0180    A$lab6-3$1665
  0C:0182    A$lab6-3$1669
  0C:0182    C$keypad.h$101$2$3
  0C:0184    A$lab6-3$1673
  0C:0184    C$keypad.h$104$1$1
  0C:0187    A$lab6-3$1676
  0C:0187    C$keypad.h$105$1$1
  0C:0189    A$lab6-3$1677
  0C:018B    A$lab6-3$1678
  0C:018D    A$lab6-3$1679
  0C:018F    A$lab6-3$1681
  0C:0190    A$lab6-3$1682
  0C:0193    A$lab6-3$1683
  0C:0194    A$lab6-3$1685
  0C:0195    A$lab6-3$1686
  0C:0196    A$lab6-3$1687
  0C:0198    A$lab6-3$1690
  0C:0198    C$keypad.h$107$1$1
  0C:019A    A$lab6-3$1691
  0C:019C    A$lab6-3$1692
  0C:019D    A$lab6-3$1695
  0C:019D    C$keypad.h$109$1$1
  0C:01A0    A$lab6-3$1698
  0C:01A0    C$keypad.h$111$2$4
  0C:01A3    A$lab6-3$1701
  0C:01A3    C$keypad.h$112$2$4
  0C:01A5    A$lab6-3$1702
  0C:01A7    A$lab6-3$1706
  0C:01A7    C$keypad.h$113$2$4
  0C:01AA    A$lab6-3$1709
  0C:01AA    C$keypad.h$114$2$4
  0C:01AC    A$lab6-3$1710
  0C:01AE    A$lab6-3$1714
  0C:01AE    C$keypad.h$115$2$4
  0C:01B1    A$lab6-3$1717
  0C:01B1    C$keypad.h$116$2$4
  0C:01B3    A$lab6-3$1718
  0C:01B5    A$lab6-3$1722
  0C:01B5    C$keypad.h$118$2$4
  0C:01B7    A$lab6-3$1726
  0C:01B7    C$keypad.h$121$1$1
  0C:01BA    A$lab6-3$1729
  0C:01BA    C$keypad.h$122$1$1
  0C:01BC    A$lab6-3$1730
  0C:01BE    A$lab6-3$1732
  0C:01BF    A$lab6-3$1733
  0C:01C2    A$lab6-3$1734
  0C:01C3    A$lab6-3$1736
  0C:01C4    A$lab6-3$1737
  0C:01C5    A$lab6-3$1738
  0C:01C7    A$lab6-3$1741
  0C:01C7    C$keypad.h$124$1$1
  0C:01C9    A$lab6-3$1742
  0C:01CB    A$lab6-3$1743
  0C:01CC    A$lab6-3$1746
  0C:01CC    C$keypad.h$126$1$1
  0C:01CF    A$lab6-3$1749
  0C:01CF    C$keypad.h$128$2$5
  0C:01D2    A$lab6-3$1752
  0C:01D2    C$keypad.h$129$2$5
  0C:01D4    A$lab6-3$1753
  0C:01D6    A$lab6-3$1757
  0C:01D6    C$keypad.h$130$2$5
  0C:01D9    A$lab6-3$1760
  0C:01D9    C$keypad.h$131$2$5
  0C:01DB    A$lab6-3$1761
  0C:01DD    A$lab6-3$1765
  0C:01DD    C$keypad.h$132$2$5
  0C:01E0    A$lab6-3$1768
  0C:01E0    C$keypad.h$133$2$5
  0C:01E2    A$lab6-3$1769
  0C:01E4    A$lab6-3$1773
  0C:01E4    C$keypad.h$135$2$5
  0C:01E6    A$lab6-3$1777
  0C:01E6    C$keypad.h$138$1$1
  0C:01E9    A$lab6-3$1780
  0C:01E9    C$keypad.h$140$1$1
  0C:01EB    A$lab6-3$1783
  0C:01EB    C$keypad.h$141$1$1
  0C:01EB    XG$getKey$0$0
  0C:01EC    A$lab6-3$1798
  0C:01EC    C$lab6_3.c$46$1$1
  0C:01EC    C$lab6_3.c$49$1$1
  0C:01EC    G$main$0$0
  0C:01EC    _main
  0C:01EF    A$lab6-3$1801
  0C:01EF    C$lab6_3.c$50$1$1
  0C:01F2    A$lab6-3$1804
  0C:01F2    C$lab6_3.c$52$1$1
  0C:01F5    A$lab6-3$1807
  0C:01F5    C$lab6_3.c$53$1$1
  0C:01F8    A$lab6-3$1810
  0C:01F8    C$lab6_3.c$54$1$1
  0C:01FB    A$lab6-3$1813
  0C:01FB    C$lab6_3.c$55$1$1
  0C:01FE    A$lab6-3$1816
  0C:01FE    C$lab6_3.c$56$1$1
  0C:0201    A$lab6-3$1819
  0C:0201    C$lab6_3.c$57$1$1
  0C:0204    A$lab6-3$1822
  0C:0204    C$lab6_3.c$59$1$1
  0C:0206    A$lab6-3$1825
  0C:0206    C$lab6_3.c$61$1$1
  0C:0209    A$lab6-3$1828
  0C:0209    C$lab6_3.c$64$1$1
  0C:020B    A$lab6-3$1829
  0C:020D    A$lab6-3$1830
  0C:020F    A$lab6-3$1831
  0C:0211    A$lab6-3$1832
  0C:0213    A$lab6-3$1833
  0C:0215    A$lab6-3$1834
  0C:0218    A$lab6-3$1835
  0C:021A    A$lab6-3$1836
  0C:021C    A$lab6-3$1837
  0C:021E    A$lab6-3$1840
  0C:021E    C$lab6_3.c$65$1$1
  0C:0220    A$lab6-3$1841
  0C:0222    A$lab6-3$1842
  0C:0224    A$lab6-3$1843
  0C:0226    A$lab6-3$1844
  0C:0228    A$lab6-3$1845
  0C:022A    A$lab6-3$1846
  0C:022D    A$lab6-3$1847
  0C:022F    A$lab6-3$1848
  0C:0231    A$lab6-3$1849
  0C:0233    A$lab6-3$1852
  0C:0233    C$lab6_3.c$67$1$1
  0C:0236    A$lab6-3$1853
  0C:0239    A$lab6-3$1856
  0C:0239    C$lab6_3.c$68$1$1
  0C:023C    A$lab6-3$1859
  0C:023C    C$lab6_3.c$69$1$1
  0C:023F    A$lab6-3$1860
  0C:0242    A$lab6-3$1861
  0C:0245    A$lab6-3$1867
  0C:0245    C$lab6_3.c$71$1$1
  0C:0245    C$lab6_3.c$73$2$2
  0C:0248    A$lab6-3$1870
  0C:0248    C$lab6_3.c$74$2$2
  0C:024B    A$lab6-3$1871
  0C:024D    A$lab6-3$1875
  0C:024D    C$lab6_3.c$75$2$2
  0C:0250    A$lab6-3$1878
  0C:0250    C$lab6_3.c$77$3$3
  0C:0253    A$lab6-3$1879
  0C:0255    A$lab6-3$1880
  0C:0257    A$lab6-3$1884
  0C:0257    C$lab6_3.c$79$2$2
  0C:025A    A$lab6-3$1885
  0C:025C    A$lab6-3$1887
  0C:025F    A$lab6-3$1888
  0C:0261    A$lab6-3$1890
  0C:0264    A$lab6-3$1891
  0C:0266    A$lab6-3$1895
  0C:0266    C$lab6_3.c$80$3$4
  0C:0269    A$lab6-3$1896
  0C:026B    A$lab6-3$1900
  0C:026B    C$lab6_3.c$81$3$4
  0C:026E    A$lab6-3$1905
  0C:026E    C$lab6_3.c$82$3$4
  0C:026E    C$lab6_3.c$83$3$4
  0C:0270    A$lab6-3$1909
  0C:0270    C$lab6_3.c$84$3$4
  0C:0273    A$lab6-3$1914
  0C:0273    C$lab6_3.c$85$3$4
  0C:0273    C$lab6_3.c$86$3$4
  0C:0275    A$lab6-3$1918
  0C:0275    C$lab6_3.c$87$3$4
  0C:0278    A$lab6-3$1923
  0C:0278    C$lab6_3.c$88$3$4
  0C:0278    C$lab6_3.c$89$3$4
  0C:027A    A$lab6-3$1927
  0C:027A    C$lab6_3.c$90$3$4
  0C:027D    A$lab6-3$1932
  0C:027D    C$lab6_3.c$91$3$4
  0C:027D    C$lab6_3.c$92$3$4
  0C:027F    A$lab6-3$1936
  0C:027F    C$lab6_3.c$93$3$4
  0C:0281    A$lab6-3$1937
  0C:0283    A$lab6-3$1938
  0C:0285    A$lab6-3$1939
  0C:0287    A$lab6-3$1940
  0C:0289    A$lab6-3$1941
  0C:028B    A$lab6-3$1942
  0C:028E    A$lab6-3$1943
  0C:0290    A$lab6-3$1944
  0C:0292    A$lab6-3$1945
  0C:0294    A$lab6-3$1950
  0C:0294    C$lab6_3.c$95$1$1
  0C:0294    C$lab6_3.c$97$1$1
  0C:0294    XG$main$0$0
  0C:0296    A$lab6-3$1964
  0C:0296    C$lab6_3.c$106$1$1
  0C:0296    C$lab6_3.c$99$1$1
  0C:0296    G$printMenu$0$0
  0C:0296    _printMenu
  0C:0298    A$lab6-3$1965
  0C:029A    A$lab6-3$1966
  0C:029C    A$lab6-3$1967
  0C:029E    A$lab6-3$1968
  0C:02A0    A$lab6-3$1969
  0C:02A2    A$lab6-3$1970
  0C:02A5    A$lab6-3$1971
  0C:02A7    A$lab6-3$1972
  0C:02A9    A$lab6-3$1973
  0C:02AB    A$lab6-3$1976
  0C:02AB    C$lab6_3.c$107$1$1
  0C:02AB    XG$printMenu$0$0
  0C:02AC    A$lab6-3$1991
  0C:02AC    C$lab6_3.c$110$1$1
  0C:02AC    C$lab6_3.c$113$1$1
  0C:02AC    G$yesNo$0$0
  0C:02AC    _yesNo
  0C:02AF    A$lab6-3$1992
  0C:02B2    A$lab6-3$1993
  0C:02B5    A$lab6-3$1996
  0C:02B5    C$lab6_3.c$114$1$1
  0C:02B8    A$lab6-3$1997
  0C:02BB    A$lab6-3$1998
  0C:02BC    A$lab6-3$1999
  0C:02BE    A$lab6-3$2000
  0C:02C1    A$lab6-3$2001
  0C:02C3    A$lab6-3$2002
  0C:02C5    A$lab6-3$2005
  0C:02C5    C$lab6_3.c$116$1$1
  0C:02C8    A$lab6-3$2006
  0C:02CB    A$lab6-3$2007
  0C:02CD    A$lab6-3$2011
  0C:02CD    C$lab6_3.c$117$2$2
  0C:02D0    A$lab6-3$2012
  0C:02D3    A$lab6-3$2013
  0C:02D5    A$lab6-3$2017
  0C:02D5    C$lab6_3.c$118$2$2
  0C:02D7    A$lab6-3$2018
  0C:02D9    A$lab6-3$2019
  0C:02DB    A$lab6-3$2020
  0C:02DD    A$lab6-3$2021
  0C:02DF    A$lab6-3$2022
  0C:02E1    A$lab6-3$2023
  0C:02E4    A$lab6-3$2024
  0C:02E6    A$lab6-3$2025
  0C:02E8    A$lab6-3$2026
  0C:02EA    A$lab6-3$2029
  0C:02EA    C$lab6_3.c$119$2$2
  0C:02ED    A$lab6-3$2032
  0C:02ED    C$lab6_3.c$120$2$2
  0C:02F0    A$lab6-3$2035
  0C:02F0    C$lab6_3.c$121$2$2
  0C:02F3    A$lab6-3$2038
  0C:02F3    C$lab6_3.c$122$2$2
  0C:02F6    A$lab6-3$2039
  0C:02F9    A$lab6-3$2040
  0C:02FC    A$lab6-3$2045
  0C:02FC    C$lab6_3.c$123$2$2
  0C:02FC    C$lab6_3.c$124$2$2
  0C:02FE    A$lab6-3$2049
  0C:02FE    C$lab6_3.c$125$2$2
  0C:0300    A$lab6-3$2050
  0C:0302    A$lab6-3$2051
  0C:0304    A$lab6-3$2052
  0C:0306    A$lab6-3$2053
  0C:0308    A$lab6-3$2054
  0C:030A    A$lab6-3$2055
  0C:030D    A$lab6-3$2056
  0C:030F    A$lab6-3$2057
  0C:0311    A$lab6-3$2058
  0C:0313    A$lab6-3$2061
  0C:0313    C$lab6_3.c$126$2$2
  0C:0316    A$lab6-3$2064
  0C:0316    C$lab6_3.c$127$2$2
  0C:0319    A$lab6-3$2067
  0C:0319    C$lab6_3.c$128$2$2
  0C:031C    A$lab6-3$2070
  0C:031C    C$lab6_3.c$129$2$2
  0C:031F    A$lab6-3$2071
  0C:0322    A$lab6-3$2072
  0C:0325    A$lab6-3$2078
  0C:0325    C$lab6_3.c$131$1$1
  0C:0325    C$lab6_3.c$132$1$1
  0C:0327    A$lab6-3$2079
  0C:0329    A$lab6-3$2080
  0C:032B    A$lab6-3$2081
  0C:032D    A$lab6-3$2082
  0C:032F    A$lab6-3$2083
  0C:0331    A$lab6-3$2084
  0C:0334    A$lab6-3$2085
  0C:0336    A$lab6-3$2086
  0C:0338    A$lab6-3$2087
  0C:033A    A$lab6-3$2090
  0C:033A    C$lab6_3.c$133$1$1
  0C:033A    XG$yesNo$0$0
  0C:033B    A$lab6-3$2105
  0C:033B    C$lab6_3.c$135$1$1
  0C:033B    C$lab6_3.c$138$1$1
  0C:033B    G$trueFalse$0$0
  0C:033B    _trueFalse
  0C:033E    A$lab6-3$2106
  0C:0341    A$lab6-3$2107
  0C:0344    A$lab6-3$2110
  0C:0344    C$lab6_3.c$139$1$1
  0C:0347    A$lab6-3$2111
  0C:034A    A$lab6-3$2112
  0C:034B    A$lab6-3$2113
  0C:034D    A$lab6-3$2114
  0C:0350    A$lab6-3$2115
  0C:0352    A$lab6-3$2116
  0C:0354    A$lab6-3$2119
  0C:0354    C$lab6_3.c$141$1$1
  0C:0357    A$lab6-3$2120
  0C:035A    A$lab6-3$2121
  0C:035C    A$lab6-3$2125
  0C:035C    C$lab6_3.c$142$2$2
  0C:035F    A$lab6-3$2126
  0C:0362    A$lab6-3$2127
  0C:0364    A$lab6-3$2131
  0C:0364    C$lab6_3.c$143$2$2
  0C:0366    A$lab6-3$2132
  0C:0368    A$lab6-3$2133
  0C:036A    A$lab6-3$2134
  0C:036C    A$lab6-3$2135
  0C:036E    A$lab6-3$2136
  0C:0370    A$lab6-3$2137
  0C:0373    A$lab6-3$2138
  0C:0375    A$lab6-3$2139
  0C:0377    A$lab6-3$2140
  0C:0379    A$lab6-3$2143
  0C:0379    C$lab6_3.c$144$2$2
  0C:037C    A$lab6-3$2146
  0C:037C    C$lab6_3.c$145$2$2
  0C:037F    A$lab6-3$2149
  0C:037F    C$lab6_3.c$146$2$2
  0C:0382    A$lab6-3$2152
  0C:0382    C$lab6_3.c$147$2$2
  0C:0385    A$lab6-3$2153
  0C:0388    A$lab6-3$2154
  0C:038B    A$lab6-3$2159
  0C:038B    C$lab6_3.c$148$2$2
  0C:038B    C$lab6_3.c$149$2$2
  0C:038D    A$lab6-3$2163
  0C:038D    C$lab6_3.c$150$2$2
  0C:038F    A$lab6-3$2164
  0C:0391    A$lab6-3$2165
  0C:0393    A$lab6-3$2166
  0C:0395    A$lab6-3$2167
  0C:0397    A$lab6-3$2168
  0C:0399    A$lab6-3$2169
  0C:039C    A$lab6-3$2170
  0C:039E    A$lab6-3$2171
  0C:03A0    A$lab6-3$2172
  0C:03A2    A$lab6-3$2175
  0C:03A2    C$lab6_3.c$151$2$2
  0C:03A5    A$lab6-3$2178
  0C:03A5    C$lab6_3.c$152$2$2
  0C:03A8    A$lab6-3$2181
  0C:03A8    C$lab6_3.c$153$2$2
  0C:03AB    A$lab6-3$2184
  0C:03AB    C$lab6_3.c$154$2$2
  0C:03AE    A$lab6-3$2185
  0C:03B1    A$lab6-3$2186
  0C:03B4    A$lab6-3$2192
  0C:03B4    C$lab6_3.c$156$1$1
  0C:03B4    C$lab6_3.c$157$1$1
  0C:03B6    A$lab6-3$2193
  0C:03B8    A$lab6-3$2194
  0C:03BA    A$lab6-3$2195
  0C:03BC    A$lab6-3$2196
  0C:03BE    A$lab6-3$2197
  0C:03C0    A$lab6-3$2198
  0C:03C3    A$lab6-3$2199
  0C:03C5    A$lab6-3$2200
  0C:03C7    A$lab6-3$2201
  0C:03C9    A$lab6-3$2204
  0C:03C9    C$lab6_3.c$158$1$1
  0C:03C9    XG$trueFalse$0$0
  0C:03CA    A$lab6-3$2220
  0C:03CA    C$lab6_3.c$160$1$1
  0C:03CA    C$lab6_3.c$164$1$1
  0C:03CA    G$dayOfWeek$0$0
  0C:03CA    _dayOfWeek
  0C:03CD    A$lab6-3$2221
  0C:03D0    A$lab6-3$2222
  0C:03D3    A$lab6-3$2223
  0C:03D6    A$lab6-3$2224
  0C:03D9    A$lab6-3$2225
  0C:03DC    A$lab6-3$2226
  0C:03DF    A$lab6-3$2227
  0C:03E2    A$lab6-3$2228
  0C:03E5    A$lab6-3$2229
  0C:03E8    A$lab6-3$2230
  0C:03EB    A$lab6-3$2231
  0C:03EE    A$lab6-3$2232
  0C:03F1    A$lab6-3$2233
  0C:03F4    A$lab6-3$2234
  0C:03F7    A$lab6-3$2235
  0C:03FA    A$lab6-3$2236
  0C:03FD    A$lab6-3$2237
  0C:0400    A$lab6-3$2238
  0C:0403    A$lab6-3$2239
  0C:0406    A$lab6-3$2240
  0C:0409    A$lab6-3$2243
  0C:0409    C$lab6_3.c$166$1$1
  0C:040C    A$lab6-3$2244
  0C:040F    A$lab6-3$2245
  0C:0412    A$lab6-3$2248
  0C:0412    C$lab6_3.c$167$1$1
  0C:0415    A$lab6-3$2249
  0C:0418    A$lab6-3$2250
  0C:0419    A$lab6-3$2251
  0C:041B    A$lab6-3$2252
  0C:041E    A$lab6-3$2253
  0C:0420    A$lab6-3$2254
  0C:0422    A$lab6-3$2257
  0C:0422    C$lab6_3.c$168$1$1
  0C:0424    A$lab6-3$2258
  0C:0426    A$lab6-3$2259
  0C:0428    A$lab6-3$2260
  0C:042A    A$lab6-3$2261
  0C:042C    A$lab6-3$2262
  0C:042E    A$lab6-3$2263
  0C:0430    A$lab6-3$2264
  0C:0432    A$lab6-3$2265
  0C:0435    A$lab6-3$2266
  0C:0437    A$lab6-3$2267
  0C:0439    A$lab6-3$2268
  0C:043B    A$lab6-3$2269
  0C:043D    A$lab6-3$2270
  0C:043F    A$lab6-3$2273
  0C:043F    C$lab6_3.c$169$1$1
  0C:0441    A$lab6-3$2274
  0C:0443    A$lab6-3$2275
  0C:0446    A$lab6-3$2276
  0C:0449    A$lab6-3$2277
  0C:044B    A$lab6-3$2278
  0C:044D    A$lab6-3$2279
  0C:044E    A$lab6-3$2280
  0C:0450    A$lab6-3$2281
  0C:0451    A$lab6-3$2282
  0C:0453    A$lab6-3$2283
  0C:0454    A$lab6-3$2284
  0C:0456    A$lab6-3$2285
  0C:0457    A$lab6-3$2286
  0C:0458    A$lab6-3$2287
  0C:045A    A$lab6-3$2288
  0C:045C    A$lab6-3$2289
  0C:045E    A$lab6-3$2290
  0C:0460    A$lab6-3$2291
  0C:0463    A$lab6-3$2294
  0C:0463    C$lab6_3.c$170$1$1
  0C:0465    A$lab6-3$2295
  0C:0467    A$lab6-3$2296
  0C:0469    A$lab6-3$2297
  0C:046B    A$lab6-3$2298
  0C:046D    A$lab6-3$2299
  0C:046F    A$lab6-3$2300
  0C:0472    A$lab6-3$2301
  0C:0474    A$lab6-3$2302
  0C:0476    A$lab6-3$2303
  0C:0478    A$lab6-3$2306
  0C:0478    C$lab6_3.c$172$1$1
  0C:047B    A$lab6-3$2309
  0C:047B    C$lab6_3.c$173$1$1
  0C:047E    A$lab6-3$2312
  0C:047E    C$lab6_3.c$174$1$1
  0C:0481    A$lab6-3$2313
  0C:0483    A$lab6-3$2316
  0C:0483    C$lab6_3.c$175$1$1
  0C:0485    A$lab6-3$2317
  0C:0486    A$lab6-3$2318
  0C:0488    A$lab6-3$2319
  0C:0489    A$lab6-3$2320
  0C:048B    A$lab6-3$2321
  0C:048D    A$lab6-3$2322
  0C:048F    A$lab6-3$2323
  0C:0491    A$lab6-3$2326
  0C:0491    C$lab6_3.c$177$1$1
  0C:0491    XG$dayOfWeek$0$0
  0C:0494    A$lab6-3$2349
  0C:0494    C$lab6_3.c$180$1$1
  0C:0494    C$lab6_3.c$182$1$1
  0C:0494    C$lab6_3.c$183$1$1
  0C:0494    G$randomNumber$0$0
  0C:0494    _randomNumber
  0C:0495    A$lab6-3$2350
  0C:0496    A$lab6-3$2351
  0C:0497    A$lab6-3$2352
  0C:0499    A$lab6-3$2353
  0C:049B    A$lab6-3$2356
  0C:049B    C$lab6_3.c$190$1$1
  0C:049D    A$lab6-3$2357
  0C:049F    A$lab6-3$2360
  0C:049F    C$lab6_3.c$191$1$1
  0C:04A1    A$lab6-3$2361
  0C:04A3    A$lab6-3$2362
  0C:04A5    A$lab6-3$2363
  0C:04A7    A$lab6-3$2364
  0C:04A9    A$lab6-3$2365
  0C:04AB    A$lab6-3$2366
  0C:04AD    A$lab6-3$2367
  0C:04AF    A$lab6-3$2368
  0C:04B1    A$lab6-3$2369
  0C:04B3    A$lab6-3$2370
  0C:04B6    A$lab6-3$2371
  0C:04B8    A$lab6-3$2372
  0C:04BA    A$lab6-3$2373
  0C:04BC    A$lab6-3$2374
  0C:04BE    A$lab6-3$2375
  0C:04C0    A$lab6-3$2376
  0C:04C2    A$lab6-3$2377
  0C:04C4    A$lab6-3$2381
  0C:04C4    C$lab6_3.c$192$3$4
  0C:04C7    A$lab6-3$2382
  0C:04CA    A$lab6-3$2383
  0C:04CD    A$lab6-3$2387
  0C:04CD    C$lab6_3.c$194$2$2
  0C:04CF    A$lab6-3$2388
  0C:04D1    A$lab6-3$2389
  0C:04D4    A$lab6-3$2390
  0C:04D6    A$lab6-3$2391
  0C:04D8    A$lab6-3$2392
  0C:04DA    A$lab6-3$2393
  0C:04DB    A$lab6-3$2394
  0C:04DC    A$lab6-3$2395
  0C:04DD    A$lab6-3$2396
  0C:04DF    A$lab6-3$2397
  0C:04E0    A$lab6-3$2400
  0C:04E0    C$lab6_3.c$195$2$2
  0C:04E3    A$lab6-3$2401
  0C:04E6    A$lab6-3$2402
  0C:04E8    A$lab6-3$2404
  0C:04EB    A$lab6-3$2405
  0C:04EE    A$lab6-3$2406
  0C:04F0    A$lab6-3$2408
  0C:04F3    A$lab6-3$2409
  0C:04F6    A$lab6-3$2410
  0C:04F8    A$lab6-3$2412
  0C:04FB    A$lab6-3$2413
  0C:04FE    A$lab6-3$2414
  0C:0500    A$lab6-3$2416
  0C:0503    A$lab6-3$2417
  0C:0506    A$lab6-3$2418
  0C:0508    A$lab6-3$2420
  0C:050B    A$lab6-3$2421
  0C:050E    A$lab6-3$2422
  0C:0510    A$lab6-3$2426
  0C:0510    C$lab6_3.c$201$3$4
  0C:0512    A$lab6-3$2427
  0C:0514    A$lab6-3$2428
  0C:0516    A$lab6-3$2429
  0C:0518    A$lab6-3$2430
  0C:051A    A$lab6-3$2431
  0C:051C    A$lab6-3$2432
  0C:051E    A$lab6-3$2433
  0C:0520    A$lab6-3$2434
  0C:0522    A$lab6-3$2435
  0C:0524    A$lab6-3$2436
  0C:0526    A$lab6-3$2437
  0C:0528    A$lab6-3$2438
  0C:052B    A$lab6-3$2439
  0C:052D    A$lab6-3$2440
  0C:052F    A$lab6-3$2441
  0C:0531    A$lab6-3$2442
  0C:0533    A$lab6-3$2443
  0C:0535    A$lab6-3$2444
  0C:0537    A$lab6-3$2445
  0C:0539    A$lab6-3$2448
  0C:0539    C$lab6_3.c$202$1$1
  0C:053B    A$lab6-3$2449
  0C:053D    A$lab6-3$2450
  0C:0540    A$lab6-3$2451
  0C:0542    A$lab6-3$2452
  0C:0544    A$lab6-3$2453
  0C:0547    A$lab6-3$2454
  0C:0549    A$lab6-3$2455
  0C:054B    A$lab6-3$2456
  0C:054D    A$lab6-3$2457
  0C:054F    A$lab6-3$2458
  0C:0550    A$lab6-3$2459
  0C:0552    A$lab6-3$2460
  0C:0553    A$lab6-3$2461
  0C:0554    A$lab6-3$2462
  0C:0556    A$lab6-3$2463
  0C:0557    A$lab6-3$2464
  0C:0558    A$lab6-3$2465
  0C:0559    A$lab6-3$2466
  0C:055A    A$lab6-3$2467
  0C:055B    A$lab6-3$2468
  0C:055C    A$lab6-3$2469
  0C:055D    A$lab6-3$2472
  0C:055D    C$lab6_3.c$204$3$4
  0C:055F    A$lab6-3$2473
  0C:0561    A$lab6-3$2474
  0C:0563    A$lab6-3$2475
  0C:0565    A$lab6-3$2476
  0C:0567    A$lab6-3$2477
  0C:0569    A$lab6-3$2478
  0C:056B    A$lab6-3$2479
  0C:056D    A$lab6-3$2480
  0C:056F    A$lab6-3$2481
  0C:0571    A$lab6-3$2482
  0C:0573    A$lab6-3$2483
  0C:0575    A$lab6-3$2484
  0C:0577    A$lab6-3$2485
  0C:0579    A$lab6-3$2486
  0C:057B    A$lab6-3$2487
  0C:057D    A$lab6-3$2488
  0C:057F    A$lab6-3$2489
  0C:0581    A$lab6-3$2490
  0C:0584    A$lab6-3$2491
  0C:0586    A$lab6-3$2492
  0C:0588    A$lab6-3$2493
  0C:058A    A$lab6-3$2496
  0C:058A    C$lab6_3.c$206$3$4
  0C:058D    A$lab6-3$2499
  0C:058D    C$lab6_3.c$207$3$4
  0C:0590    A$lab6-3$2502
  0C:0590    C$lab6_3.c$208$3$4
  0C:0593    A$lab6-3$2505
  0C:0593    C$lab6_3.c$209$3$4
  0C:0596    A$lab6-3$2506
  0C:0599    A$lab6-3$2507
  0C:059C    A$lab6-3$2508
  0C:059E    A$lab6-3$2509
  0C:05A0    A$lab6-3$2510
  0C:05A2    A$lab6-3$2511
  0C:05A4    A$lab6-3$2512
  0C:05A7    A$lab6-3$2516
  0C:05A7    C$lab6_3.c$215$1$1
  0C:05A9    A$lab6-3$2517
  0C:05AB    A$lab6-3$2520
  0C:05AB    C$lab6_3.c$216$1$1
  0C:05AD    A$lab6-3$2521
  0C:05AF    A$lab6-3$2522
  0C:05B1    A$lab6-3$2523
  0C:05B3    A$lab6-3$2524
  0C:05B5    A$lab6-3$2525
  0C:05B7    A$lab6-3$2526
  0C:05B9    A$lab6-3$2527
  0C:05BB    A$lab6-3$2528
  0C:05BD    A$lab6-3$2529
  0C:05BF    A$lab6-3$2530
  0C:05C2    A$lab6-3$2531
  0C:05C4    A$lab6-3$2532
  0C:05C6    A$lab6-3$2533
  0C:05C8    A$lab6-3$2534
  0C:05CA    A$lab6-3$2535
  0C:05CC    A$lab6-3$2536
  0C:05CE    A$lab6-3$2537
  0C:05D0    A$lab6-3$2541
  0C:05D0    C$lab6_3.c$217$3$7
  0C:05D3    A$lab6-3$2542
  0C:05D6    A$lab6-3$2543
  0C:05D9    A$lab6-3$2547
  0C:05D9    C$lab6_3.c$219$2$5
  0C:05DB    A$lab6-3$2548
  0C:05DD    A$lab6-3$2549
  0C:05E0    A$lab6-3$2550
  0C:05E2    A$lab6-3$2551
  0C:05E4    A$lab6-3$2552
  0C:05E6    A$lab6-3$2553
  0C:05E7    A$lab6-3$2554
  0C:05E8    A$lab6-3$2555
  0C:05E9    A$lab6-3$2556
  0C:05EB    A$lab6-3$2557
  0C:05EC    A$lab6-3$2560
  0C:05EC    C$lab6_3.c$220$2$5
  0C:05EF    A$lab6-3$2561
  0C:05F2    A$lab6-3$2562
  0C:05F4    A$lab6-3$2564
  0C:05F7    A$lab6-3$2565
  0C:05FA    A$lab6-3$2566
  0C:05FC    A$lab6-3$2568
  0C:05FF    A$lab6-3$2569
  0C:0602    A$lab6-3$2570
  0C:0604    A$lab6-3$2572
  0C:0607    A$lab6-3$2573
  0C:060A    A$lab6-3$2574
  0C:060C    A$lab6-3$2576
  0C:060F    A$lab6-3$2577
  0C:0612    A$lab6-3$2578
  0C:0614    A$lab6-3$2580
  0C:0617    A$lab6-3$2581
  0C:061A    A$lab6-3$2582
  0C:061C    A$lab6-3$2586
  0C:061C    C$lab6_3.c$226$3$7
  0C:061E    A$lab6-3$2587
  0C:0620    A$lab6-3$2588
  0C:0622    A$lab6-3$2589
  0C:0624    A$lab6-3$2590
  0C:0626    A$lab6-3$2591
  0C:0628    A$lab6-3$2592
  0C:062A    A$lab6-3$2593
  0C:062C    A$lab6-3$2594
  0C:062E    A$lab6-3$2595
  0C:0630    A$lab6-3$2596
  0C:0632    A$lab6-3$2597
  0C:0634    A$lab6-3$2598
  0C:0637    A$lab6-3$2599
  0C:0639    A$lab6-3$2600
  0C:063B    A$lab6-3$2601
  0C:063D    A$lab6-3$2604
  0C:063D    C$lab6_3.c$227$1$1
  0C:0640    A$lab6-3$2605
  0C:0643    A$lab6-3$2606
  0C:0646    A$lab6-3$2607
  0C:0649    A$lab6-3$2608
  0C:064B    A$lab6-3$2609
  0C:064D    A$lab6-3$2610
  0C:064F    A$lab6-3$2611
  0C:0651    A$lab6-3$2612
  0C:0652    A$lab6-3$2613
  0C:0654    A$lab6-3$2614
  0C:0655    A$lab6-3$2615
  0C:0656    A$lab6-3$2616
  0C:0658    A$lab6-3$2617
  0C:0659    A$lab6-3$2618
  0C:065A    A$lab6-3$2619
  0C:065B    A$lab6-3$2620
  0C:065D    A$lab6-3$2621
  0C:065E    A$lab6-3$2622
  0C:065F    A$lab6-3$2623
  0C:0661    A$lab6-3$2626
  0C:0661    C$lab6_3.c$229$3$7
  0C:0663    A$lab6-3$2627
  0C:0665    A$lab6-3$2628
  0C:0667    A$lab6-3$2629
  0C:0669    A$lab6-3$2630
  0C:066B    A$lab6-3$2631
  0C:066D    A$lab6-3$2632
  0C:066F    A$lab6-3$2633
  0C:0671    A$lab6-3$2634
  0C:0673    A$lab6-3$2635
  0C:0675    A$lab6-3$2636
  0C:0677    A$lab6-3$2637
  0C:0679    A$lab6-3$2638
  0C:067B    A$lab6-3$2639
  0C:067D    A$lab6-3$2640
  0C:067F    A$lab6-3$2641
  0C:0681    A$lab6-3$2642
  0C:0684    A$lab6-3$2643
  0C:0686    A$lab6-3$2644
  0C:0688    A$lab6-3$2645
  0C:068A    A$lab6-3$2648
  0C:068A    C$lab6_3.c$231$3$7
  0C:068D    A$lab6-3$2651
  0C:068D    C$lab6_3.c$232$3$7
  0C:0690    A$lab6-3$2654
  0C:0690    C$lab6_3.c$233$3$7
  0C:0693    A$lab6-3$2657
  0C:0693    C$lab6_3.c$234$3$7
  0C:0696    A$lab6-3$2658
  0C:0699    A$lab6-3$2659
  0C:069C    A$lab6-3$2660
  0C:069E    A$lab6-3$2661
  0C:06A0    A$lab6-3$2662
  0C:06A2    A$lab6-3$2663
  0C:06A4    A$lab6-3$2664
  0C:06A7    A$lab6-3$2668
  0C:06A7    C$lab6_3.c$238$1$1
  0C:06A9    A$lab6-3$2669
  0C:06AB    A$lab6-3$2670
  0C:06AD    A$lab6-3$2671
  0C:06AF    A$lab6-3$2672
  0C:06B1    A$lab6-3$2673
  0C:06B3    A$lab6-3$2674
  0C:06B5    A$lab6-3$2675
  0C:06B7    A$lab6-3$2676
  0C:06BA    A$lab6-3$2677
  0C:06BC    A$lab6-3$2678
  0C:06BE    A$lab6-3$2679
  0C:06C0    A$lab6-3$2680
  0C:06C2    A$lab6-3$2681
  0C:06C4    A$lab6-3$2684
  0C:06C4    C$lab6_3.c$241$1$1
  0C:06C5    A$lab6-3$2685
  0C:06C6    A$lab6-3$2686
  0C:06C8    A$lab6-3$2687
  0C:06C9    A$lab6-3$2688
  0C:06CB    A$lab6-3$2689
  0C:06CE    A$lab6-3$2690
  0C:06D1    A$lab6-3$2691
  0C:06D3    A$lab6-3$2692
  0C:06D5    A$lab6-3$2695
  0C:06D5    C$lab6_3.c$243$2$8
  0C:06D7    A$lab6-3$2696
  0C:06D9    A$lab6-3$2699
  0C:06D9    C$lab6_3.c$244$2$8
  0C:06DB    A$lab6-3$2700
  0C:06DC    A$lab6-3$2701
  0C:06DD    A$lab6-3$2702
  0C:06DE    A$lab6-3$2703
  0C:06E0    A$lab6-3$2704
  0C:06E1    A$lab6-3$2705
  0C:06E2    A$lab6-3$2706
  0C:06E4    A$lab6-3$2710
  0C:06E4    C$lab6_3.c$246$1$1
  0C:06E5    A$lab6-3$2711
  0C:06E7    A$lab6-3$2712
  0C:06E8    A$lab6-3$2713
  0C:06EA    A$lab6-3$2714
  0C:06EC    A$lab6-3$2715
  0C:06EE    A$lab6-3$2716
  0C:06F1    A$lab6-3$2717
  0C:06F3    A$lab6-3$2718
  0C:06F5    A$lab6-3$2721
  0C:06F5    C$lab6_3.c$248$2$9
  0C:06F7    A$lab6-3$2722
  0C:06F9    A$lab6-3$2725
  0C:06F9    C$lab6_3.c$249$2$9
  0C:06FA    A$lab6-3$2726
  0C:06FB    A$lab6-3$2727
  0C:06FD    A$lab6-3$2728
  0C:06FE    A$lab6-3$2729
  0C:06FF    A$lab6-3$2730
  0C:0701    A$lab6-3$2731
  0C:0702    A$lab6-3$2732
  0C:0704    A$lab6-3$2736
  0C:0704    C$lab6_3.c$253$2$10
  0C:0706    A$lab6-3$2737
  0C:0708    A$lab6-3$2738
  0C:070A    A$lab6-3$2739
  0C:070C    A$lab6-3$2740
  0C:070E    A$lab6-3$2741
  0C:0710    A$lab6-3$2742
  0C:0712    A$lab6-3$2743
  0C:0714    A$lab6-3$2744
  0C:0716    A$lab6-3$2745
  0C:0718    A$lab6-3$2746
  0C:071B    A$lab6-3$2747
  0C:071D    A$lab6-3$2748
  0C:071F    A$lab6-3$2749
  0C:0721    A$lab6-3$2752
  0C:0721    C$lab6_3.c$255$2$10
  0C:0723    A$lab6-3$2753
  0C:0725    A$lab6-3$2754
  0C:0727    A$lab6-3$2755
  0C:0729    A$lab6-3$2756
  0C:072B    A$lab6-3$2757
  0C:072D    A$lab6-3$2758
  0C:072F    A$lab6-3$2759
  0C:0731    A$lab6-3$2760
  0C:0733    A$lab6-3$2761
  0C:0735    A$lab6-3$2762
  0C:0737    A$lab6-3$2763
  0C:0739    A$lab6-3$2764
  0C:073C    A$lab6-3$2765
  0C:073E    A$lab6-3$2766
  0C:0740    A$lab6-3$2767
  0C:0742    A$lab6-3$2770
  0C:0742    C$lab6_3.c$257$2$10
  0C:0745    A$lab6-3$2773
  0C:0745    C$lab6_3.c$258$2$10
  0C:0748    A$lab6-3$2776
  0C:0748    C$lab6_3.c$259$2$10
  0C:074B    A$lab6-3$2779
  0C:074B    C$lab6_3.c$260$2$10
  0C:074E    A$lab6-3$2780
  0C:0751    A$lab6-3$2783
  0C:0751    C$lab6_3.c$262$2$10
  0C:0754    A$lab6-3$2787
  0C:0754    C$lab6_3.c$265$1$1
  0C:0757    A$lab6-3$2788
  0C:075A    A$lab6-3$2789
  0C:075C    A$lab6-3$2790
  0C:075E    A$lab6-3$2791
  0C:0760    A$lab6-3$2792
  0C:0762    A$lab6-3$2793
  0C:0765    A$lab6-3$2796
  0C:0765    C$lab6_3.c$266$1$1
  0C:0768    A$lab6-3$2797
  0C:076A    A$lab6-3$2798
  0C:076C    A$lab6-3$2799
  0C:076E    A$lab6-3$2800
  0C:0770    A$lab6-3$2801
  0C:0773    A$lab6-3$2802
  0C:0775    A$lab6-3$2803
  0C:0777    A$lab6-3$2804
  0C:0779    A$lab6-3$2805
  0C:077B    A$lab6-3$2808
  0C:077B    C$lab6_3.c$267$1$1
  0C:077C    A$lab6-3$2809
  0C:077D    A$lab6-3$2810
  0C:077E    A$lab6-3$2811
  0C:077F    A$lab6-3$2812
  0C:0780    A$lab6-3$2813
  0C:0781    A$lab6-3$2816
  0C:0781    C$lab6_3.c$269$1$1
  0C:0783    A$lab6-3$2817
  0C:0785    A$lab6-3$2818
  0C:0787    A$lab6-3$2819
  0C:0789    A$lab6-3$2820
  0C:078B    A$lab6-3$2821
  0C:078D    A$lab6-3$2822
  0C:078F    A$lab6-3$2823
  0C:0791    A$lab6-3$2824
  0C:0793    A$lab6-3$2825
  0C:0795    A$lab6-3$2826
  0C:0798    A$lab6-3$2827
  0C:079A    A$lab6-3$2828
  0C:079C    A$lab6-3$2829
  0C:079E    A$lab6-3$2832
  0C:079E    C$lab6_3.c$271$1$1
  0C:07A0    A$lab6-3$2833
  0C:07A2    A$lab6-3$2834
  0C:07A4    A$lab6-3$2835
  0C:07A6    A$lab6-3$2836
  0C:07A8    A$lab6-3$2837
  0C:07AA    A$lab6-3$2838
  0C:07AC    A$lab6-3$2839
  0C:07AE    A$lab6-3$2840
  0C:07B0    A$lab6-3$2841
  0C:07B2    A$lab6-3$2842
  0C:07B4    A$lab6-3$2843
  0C:07B6    A$lab6-3$2844
  0C:07B9    A$lab6-3$2845
  0C:07BB    A$lab6-3$2846
  0C:07BD    A$lab6-3$2847
  0C:07BF    A$lab6-3$2850
  0C:07BF    C$lab6_3.c$273$1$1
  0C:07C2    A$lab6-3$2853
  0C:07C2    C$lab6_3.c$274$1$1
  0C:07C5    A$lab6-3$2856
  0C:07C5    C$lab6_3.c$275$1$1
  0C:07C8    A$lab6-3$2859
  0C:07C8    C$lab6_3.c$276$1$1
  0C:07CB    A$lab6-3$2860
  0C:07CE    A$lab6-3$2863
  0C:07CE    C$lab6_3.c$278$1$1
  0C:07CE    XG$randomNumber$0$0
  0C:07D1    A$lab6-3$2877
  0C:07D1    C$lab6_3.c$280$1$1
  0C:07D1    C$lab6_3.c$282$1$1
  0C:07D1    G$Timer0_Init$0$0
  0C:07D1    _Timer0_Init
  0C:07D4    A$lab6-3$2880
  0C:07D4    C$lab6_3.c$283$1$1
  0C:07D7    A$lab6-3$2883
  0C:07D7    C$lab6_3.c$284$1$1
  0C:07DA    A$lab6-3$2886
  0C:07DA    C$lab6_3.c$285$1$1
  0C:07DC    A$lab6-3$2889
  0C:07DC    C$lab6_3.c$286$1$1
  0C:07DF    A$lab6-3$2892
  0C:07DF    C$lab6_3.c$287$1$1
  0C:07E2    A$lab6-3$2895
  0C:07E2    C$lab6_3.c$288$1$1
  0C:07E2    XG$Timer0_Init$0$0
  0C:07E3    A$lab6-3$2907
  0C:07E3    C$lab6_3.c$290$1$1
  0C:07E3    G$Timer0_ISR$0$0
  0C:07E3    _Timer0_ISR
  0C:07E5    A$lab6-3$2908
  0C:07E7    A$lab6-3$2909
  0C:07EA    A$lab6-3$2912
  0C:07EA    C$lab6_3.c$292$1$1
  0C:07ED    A$lab6-3$2915
  0C:07ED    C$lab6_3.c$293$1$1
  0C:07F0    A$lab6-3$2918
  0C:07F0    C$lab6_3.c$295$1$1
  0C:07F2    A$lab6-3$2919
  0C:07F3    A$lab6-3$2920
  0C:07F6    A$lab6-3$2921
  0C:07F8    A$lab6-3$2923
  0C:07FA    A$lab6-3$2924
  0C:07FC    A$lab6-3$2927
  0C:07FC    C$lab6_3.c$296$1$1
  0C:07FC    XG$Timer0_ISR$0$0
  0C:07FD    A$lab6-3$2946
  0C:07FD    C$lab6_3.c$304$1$1
  0C:07FD    C$lab6_3.c$309$1$1
  0C:07FD    G$SYSCLK_INIT$0$0
  0C:07FD    _SYSCLK_INIT
  0C:07FF    A$lab6-3$2949
  0C:07FF    C$lab6_3.c$310$1$1
  0C:0802    A$lab6-3$2952
  0C:0802    C$lab6_3.c$312$1$1
  0C:0805    A$lab6-3$2955
  0C:0805    C$lab6_3.c$313$1$1
  0C:0807    A$lab6-3$2956
  0C:0809    A$lab6-3$2958
  0C:080A    A$lab6-3$2959
  0C:080D    A$lab6-3$2960
  0C:080E    A$lab6-3$2962
  0C:080F    A$lab6-3$2963
  0C:0810    A$lab6-3$2964
  0C:0812    A$lab6-3$2968
  0C:0812    C$lab6_3.c$314$1$1
  0C:0814    A$lab6-3$2969
  0C:0817    A$lab6-3$2972
  0C:0817    C$lab6_3.c$315$1$1
  0C:081A    A$lab6-3$2975
  0C:081A    C$lab6_3.c$316$1$1
  0C:081D    A$lab6-3$2978
  0C:081D    C$lab6_3.c$318$1$1
  0C:081F    A$lab6-3$2981
  0C:081F    C$lab6_3.c$319$1$1
  0C:081F    XG$SYSCLK_INIT$0$0
  0C:0820    A$lab6-3$2996
  0C:0820    C$lab6_3.c$327$1$1
  0C:0820    C$lab6_3.c$331$1$1
  0C:0820    G$PORT_INIT$0$0
  0C:0820    _PORT_INIT
  0C:0822    A$lab6-3$2999
  0C:0822    C$lab6_3.c$332$1$1
  0C:0825    A$lab6-3$3002
  0C:0825    C$lab6_3.c$334$1$1
  0C:0827    A$lab6-3$3005
  0C:0827    C$lab6_3.c$335$1$1
  0C:0829    A$lab6-3$3008
  0C:0829    C$lab6_3.c$337$1$1
  0C:082C    A$lab6-3$3011
  0C:082C    C$lab6_3.c$338$1$1
  0C:082F    A$lab6-3$3014
  0C:082F    C$lab6_3.c$339$1$1
  0C:0832    A$lab6-3$3017
  0C:0832    C$lab6_3.c$340$1$1
  0C:0835    A$lab6-3$3020
  0C:0835    C$lab6_3.c$341$1$1
  0C:0838    A$lab6-3$3023
  0C:0838    C$lab6_3.c$343$1$1
  0C:083A    A$lab6-3$3026
  0C:083A    C$lab6_3.c$344$1$1
  0C:083A    XG$PORT_INIT$0$0
  0C:083B    A$lab6-3$3041
  0C:083B    C$lab6_3.c$352$1$1
  0C:083B    C$lab6_3.c$356$1$1
  0C:083B    G$UART0_INIT$0$0
  0C:083B    _UART0_INIT
  0C:083D    A$lab6-3$3044
  0C:083D    C$lab6_3.c$357$1$1
  0C:0840    A$lab6-3$3047
  0C:0840    C$lab6_3.c$359$1$1
  0C:0843    A$lab6-3$3050
  0C:0843    C$lab6_3.c$360$1$1
  0C:0846    A$lab6-3$3053
  0C:0846    C$lab6_3.c$361$1$1
  0C:0849    A$lab6-3$3056
  0C:0849    C$lab6_3.c$362$1$1
  0C:084C    A$lab6-3$3059
  0C:084C    C$lab6_3.c$364$1$1
  0C:084F    A$lab6-3$3062
  0C:084F    C$lab6_3.c$365$1$1
  0C:0851    A$lab6-3$3065
  0C:0851    C$lab6_3.c$367$1$1
  0C:0854    A$lab6-3$3068
  0C:0854    C$lab6_3.c$368$1$1
  0C:0857    A$lab6-3$3071
  0C:0857    C$lab6_3.c$369$1$1
  0C:085A    A$lab6-3$3074
  0C:085A    C$lab6_3.c$372$1$1
  0C:085C    A$lab6-3$3077
  0C:085C    C$lab6_3.c$374$1$1
  0C:085E    A$lab6-3$3080
  0C:085E    C$lab6_3.c$375$1$1
  0C:085E    XG$UART0_INIT$0$0
  0C:085F    A$LCD$1275
  0C:085F    C$LCD.c$21$0$0
  0C:085F    C$LCD.c$25$1$1
  0C:085F    G$lcd_init$0$0
  0C:085F    _lcd_init
  0C:0861    A$LCD$1278
  0C:0861    C$LCD.c$26$1$1
  0C:0864    A$LCD$1285
  0C:0864    C$LCD.c$28$1$1
  0C:0864    C$LCD.c$29$1$1
  0C:0864    C$LCD.c$30$1$1
  0C:0867    A$LCD$1288
  0C:0867    C$LCD.c$31$1$1
  0C:086A    A$LCD$1289
  0C:086C    A$LCD$1290
  0C:086F    A$LCD$1293
  0C:086F    C$LCD.c$33$1$1
  0C:0872    A$LCD$1296
  0C:0872    C$LCD.c$34$1$1
  0C:0875    A$LCD$1297
  0C:0878    A$LCD$1300
  0C:0878    C$LCD.c$35$1$1
  0C:087B    A$LCD$1301
  0C:087E    A$LCD$1302
  0C:0881    A$LCD$1303
  0C:0884    A$LCD$1304
  0C:0887    A$LCD$1305
  0C:088A    A$LCD$1308
  0C:088A    C$LCD.c$36$1$1
  0C:088D    A$LCD$1309
  0C:0890    A$LCD$1312
  0C:0890    C$LCD.c$38$1$1
  0C:0893    A$LCD$1315
  0C:0893    C$LCD.c$39$1$1
  0C:0896    A$LCD$1316
  0C:0899    A$LCD$1319
  0C:0899    C$LCD.c$40$1$1
  0C:089C    A$LCD$1320
  0C:089F    A$LCD$1321
  0C:08A2    A$LCD$1322
  0C:08A5    A$LCD$1323
  0C:08A8    A$LCD$1324
  0C:08AB    A$LCD$1327
  0C:08AB    C$LCD.c$41$1$1
  0C:08AE    A$LCD$1328
  0C:08B1    A$LCD$1331
  0C:08B1    C$LCD.c$43$1$1
  0C:08B4    A$LCD$1334
  0C:08B4    C$LCD.c$44$1$1
  0C:08B7    A$LCD$1335
  0C:08BA    A$LCD$1338
  0C:08BA    C$LCD.c$45$1$1
  0C:08BD    A$LCD$1339
  0C:08C0    A$LCD$1340
  0C:08C3    A$LCD$1341
  0C:08C6    A$LCD$1342
  0C:08C9    A$LCD$1343
  0C:08CC    A$LCD$1346
  0C:08CC    C$LCD.c$46$1$1
  0C:08CF    A$LCD$1347
  0C:08D2    A$LCD$1350
  0C:08D2    C$LCD.c$48$1$1
  0C:08D5    A$LCD$1351
  0C:08D8    A$LCD$1354
  0C:08D8    C$LCD.c$49$1$1
  0C:08DB    A$LCD$1357
  0C:08DB    C$LCD.c$50$1$1
  0C:08DE    A$LCD$1358
  0C:08E1    A$LCD$1359
  0C:08E3    A$LCD$1362
  0C:08E3    C$LCD.c$52$1$1
  0C:08E5    A$LCD$1365
  0C:08E5    C$LCD.c$53$1$1
  0C:08E5    XG$lcd_init$0$0
  0C:08E6    A$LCD$1380
  0C:08E6    C$LCD.c$63$1$1
  0C:08E6    C$LCD.c$67$1$1
  0C:08E6    G$lcd_busy_wait$0$0
  0C:08E6    _lcd_busy_wait
  0C:08E8    A$LCD$1383
  0C:08E8    C$LCD.c$68$1$1
  0C:08EB    A$LCD$1386
  0C:08EB    C$LCD.c$70$1$1
  0C:08EE    A$LCD$1389
  0C:08EE    C$LCD.c$71$1$1
  0C:08F1    A$LCD$1392
  0C:08F1    C$LCD.c$72$1$1
  0C:08F4    A$LCD$1395
  0C:08F4    C$LCD.c$73$1$1
  0C:08F7    A$LCD$1396
  0C:08F9    A$LCD$1397
  0C:08FC    A$LCD$1398
  0C:08FE    A$LCD$1401
  0C:08FE    C$LCD.c$74$1$1
  0C:0901    A$LCD$1407
  0C:0901    C$LCD.c$76$1$1
  0C:0901    C$LCD.c$78$2$2
  0C:0904    A$LCD$1408
  0C:0906    A$LCD$1409
  0C:0909    A$LCD$1410
  0C:090B    A$LCD$1413
  0C:090B    C$LCD.c$79$1$1
  0C:090D    A$LCD$1414
  0C:0910    A$LCD$1417
  0C:0910    C$LCD.c$82$1$1
  0C:0912    A$LCD$1420
  0C:0912    C$LCD.c$83$1$1
  0C:0912    XG$lcd_busy_wait$0$0
  0C:0913    A$LCD$1434
  0C:0913    C$LCD.c$92$1$1
  0C:0913    G$lcd_dat$0$0
  0C:0913    _lcd_dat
  0C:0915    A$LCD$1437
  0C:0915    C$LCD.c$97$1$1
  0C:0917    A$LCD$1440
  0C:0917    C$LCD.c$98$1$1
  0C:091A    A$LCD$1443
  0C:091A    C$LCD.c$100$1$1
  0C:091C    A$LCD$1444
  0C:091E    A$LCD$1445
  0C:0921    A$LCD$1446
  0C:0923    A$LCD$1447
  0C:0925    A$LCD$1450
  0C:0925    C$LCD.c$101$1$1
  0C:0928    A$LCD$1453
  0C:0928    C$LCD.c$102$1$1
  0C:092B    A$LCD$1456
  0C:092B    C$LCD.c$103$1$1
  0C:092D    A$LCD$1459
  0C:092D    C$LCD.c$104$1$1
  0C:0930    A$LCD$1460
  0C:0932    A$LCD$1461
  0C:0935    A$LCD$1464
  0C:0935    C$LCD.c$105$1$1
  0C:0938    A$LCD$1465
  0C:093B    A$LCD$1466
  0C:093E    A$LCD$1467
  0C:0941    A$LCD$1468
  0C:0944    A$LCD$1469
  0C:0946    A$LCD$1470
  0C:0949    A$LCD$1473
  0C:0949    C$LCD.c$107$1$1
  0C:094B    A$LCD$1476
  0C:094B    C$LCD.c$109$1$1
  0C:094E    A$LCD$1479
  0C:094E    C$LCD.c$110$1$1
  0C:094E    XG$lcd_dat$0$0
  0C:094F    A$LCD$1493
  0C:094F    C$LCD.c$119$1$1
  0C:094F    G$lcd_puts$0$0
  0C:094F    _lcd_puts
  0C:0951    A$LCD$1494
  0C:0953    A$LCD$1495
  0C:0955    A$LCD$1498
  0C:0955    C$LCD.c$122$1$1
  0C:0957    A$LCD$1499
  0C:0959    A$LCD$1503
  0C:0959    C$LCD.c$123$1$1
  0C:095A    A$LCD$1504
  0C:095B    A$LCD$1505
  0C:095C    A$LCD$1506
  0C:095D    A$LCD$1507
  0C:095E    A$LCD$1508
  0C:095F    A$LCD$1509
  0C:0961    A$LCD$1510
  0C:0963    A$LCD$1511
  0C:0965    A$LCD$1512
  0C:0967    A$LCD$1513
  0C:096A    A$LCD$1514
  0C:096C    A$LCD$1517
  0C:096C    C$LCD.c$125$2$2
  0C:096D    A$LCD$1518
  0C:096E    A$LCD$1519
  0C:096F    A$LCD$1520
  0C:0970    A$LCD$1521
  0C:0971    A$LCD$1522
  0C:0972    A$LCD$1523
  0C:0974    A$LCD$1524
  0C:0976    A$LCD$1525
  0C:0978    A$LCD$1526
  0C:097A    A$LCD$1527
  0C:097D    A$LCD$1528
  0C:097F    A$LCD$1529
  0C:0981    A$LCD$1530
  0C:0983    A$LCD$1531
  0C:0985    A$LCD$1532
  0C:0987    A$LCD$1533
  0C:0989    A$LCD$1534
  0C:098C    A$LCD$1535
  0C:098E    A$LCD$1536
  0C:0990    A$LCD$1537
  0C:0992    A$LCD$1538
  0C:0994    A$LCD$1539
  0C:0996    A$LCD$1542
  0C:0996    C$LCD.c$126$2$2
  0C:0997    A$LCD$1543
  0C:099A    A$LCD$1544
  0C:099B    A$LCD$1545
  0C:099D    A$LCD$1549
  0C:099D    C$LCD.c$128$1$1
  0C:099D    XG$lcd_puts$0$0
  0C:099E    A$LCD$1563
  0C:099E    C$LCD.c$137$1$1
  0C:099E    G$lcd_cmd$0$0
  0C:099E    _lcd_cmd
  0C:09A0    A$LCD$1566
  0C:09A0    C$LCD.c$141$1$1
  0C:09A2    A$LCD$1569
  0C:09A2    C$LCD.c$142$1$1
  0C:09A5    A$LCD$1572
  0C:09A5    C$LCD.c$144$1$1
  0C:09A7    A$LCD$1573
  0C:09A9    A$LCD$1574
  0C:09AC    A$LCD$1575
  0C:09AE    A$LCD$1576
  0C:09B0    A$LCD$1581
  0C:09B0    C$LCD.c$145$1$1
  0C:09B0    C$LCD.c$146$1$1
  0C:09B3    A$LCD$1584
  0C:09B3    C$LCD.c$147$1$1
  0C:09B5    A$LCD$1587
  0C:09B5    C$LCD.c$148$1$1
  0C:09B8    A$LCD$1588
  0C:09BA    A$LCD$1589
  0C:09BD    A$LCD$1592
  0C:09BD    C$LCD.c$149$1$1
  0C:09C0    A$LCD$1593
  0C:09C3    A$LCD$1594
  0C:09C6    A$LCD$1595
  0C:09C9    A$LCD$1596
  0C:09CC    A$LCD$1597
  0C:09CE    A$LCD$1598
  0C:09D1    A$LCD$1601
  0C:09D1    C$LCD.c$151$1$1
  0C:09D3    A$LCD$1604
  0C:09D3    C$LCD.c$152$1$1
  0C:09D3    XG$lcd_cmd$0$0
  0C:09D4    A$LCD$1618
  0C:09D4    C$LCD.c$158$1$1
  0C:09D4    C$LCD.c$160$1$1
  0C:09D4    G$lcd_clear$0$0
  0C:09D4    _lcd_clear
  0C:09D7    A$LCD$1619
  0C:09DA    A$LCD$1622
  0C:09DA    C$LCD.c$161$1$1
  0C:09DD    A$LCD$1625
  0C:09DD    C$LCD.c$162$1$1
  0C:09DD    XG$lcd_clear$0$0
  0C:09E0    A$LCD$1638
  0C:09E0    C$LCD.c$168$1$1
  0C:09E0    G$lcd_goto$0$0
  0C:09E0    _lcd_goto
  0C:09E2    A$LCD$1641
  0C:09E2    C$LCD.c$170$1$1
  0C:09E4    A$LCD$1642
  0C:09E5    A$LCD$1643
  0C:09E7    A$LCD$1646
  0C:09E7    C$LCD.c$171$1$1
  0C:09E7    XG$lcd_goto$0$0
  0C:09EA    A$LCD$1660
  0C:09EA    C$LCD.c$177$1$1
  0C:09EA    C$LCD.c$179$1$1
  0C:09EA    G$lcd_home$0$0
  0C:09EA    _lcd_home
  0C:09ED    A$LCD$1663
  0C:09ED    C$LCD.c$180$1$1
  0C:09ED    XG$lcd_home$0$0
  0C:09F0    A$LCD$1677
  0C:09F0    C$LCD.c$186$1$1
  0C:09F0    C$LCD.c$188$1$1
  0C:09F0    G$lcd_cursor$0$0
  0C:09F0    _lcd_cursor
  0C:09F3    A$LCD$1680
  0C:09F3    C$LCD.c$189$1$1
  0C:09F6    A$LCD$1681
  0C:09F9    A$LCD$1685
  0C:09F9    C$LCD.c$191$1$1
  0C:09FC    A$LCD$1688
  0C:09FC    C$LCD.c$192$1$1
  0C:09FC    XG$lcd_cursor$0$0
  0C:09FF    A$LCD$1701
  0C:09FF    C$LCD.c$201$1$1
  0C:09FF    G$small_delay$0$0
  0C:09FF    _small_delay
  0C:0A01    A$LCD$1705
  0C:0A01    C$LCD.c$203$1$1
  0C:0A03    A$LCD$1706
  0C:0A04    A$LCD$1707
  0C:0A05    A$LCD$1708
  0C:0A07    A$LCD$1711
  0C:0A07    C$LCD.c$204$1$1
  0C:0A07    XG$small_delay$0$0
  0C:0A08    A$LCD$1724
  0C:0A08    C$LCD.c$207$1$1
  0C:0A08    G$large_delay$0$0
  0C:0A08    _large_delay
  0C:0A0A    A$LCD$1728
  0C:0A0A    C$LCD.c$209$1$1
  0C:0A0C    A$LCD$1729
  0C:0A0D    A$LCD$1730
  0C:0A0E    A$LCD$1731
  0C:0A10    A$LCD$1734
  0C:0A10    C$LCD.c$210$1$1
  0C:0A13    A$LCD$1735
  0C:0A15    A$LCD$1736
  0C:0A18    A$LCD$1737
  0C:0A1A    A$LCD$1738
  0C:0A1C    A$LCD$1742
  0C:0A1C    C$LCD.c$211$1$1
  0C:0A1C    XG$large_delay$0$0
  0C:0A1D    A$LCD$1755
  0C:0A1D    C$LCD.c$214$1$1
  0C:0A1D    G$huge_delay$0$0
  0C:0A1D    _huge_delay
  0C:0A1F    A$LCD$1759
  0C:0A1F    C$LCD.c$216$1$1
  0C:0A21    A$LCD$1760
  0C:0A22    A$LCD$1761
  0C:0A23    A$LCD$1762
  0C:0A25    A$LCD$1765
  0C:0A25    C$LCD.c$217$1$1
  0C:0A28    A$LCD$1766
  0C:0A2A    A$LCD$1767
  0C:0A2D    A$LCD$1768
  0C:0A2F    A$LCD$1769
  0C:0A31    A$LCD$1773
  0C:0A31    C$LCD.c$218$1$1
  0C:0A31    XG$huge_delay$0$0
  0C:0A32    _rand
  0C:0A6E    _srand
  0C:0A7D    __mulint
  0C:0A7D    __mulint_dummy
  0C:0A9A    __mullong
  0C:0A9A    __mullong_dummy
  0C:0B08    __moduint
  0C:0BAE    _vsprintf
  0C:0BEB    _sprintf
  0C:0C38    _puts
  0C:0C92    _vprintf
  0C:0CAB    _printf
  0C:0D6B    __print_format
  0C:1259    _strlen
  0C:1271    __gptrget
  0C:128D    __modsint
  0C:12C3    __sdcc_external_startup
  0C:12C7    __gptrput

Hexadecimal

Area                               Addr   Size   Decimal Bytes (Attributes)
--------------------------------   ----   ----   ------- ----- ------------
CONST                              12E0   0233 =    563. bytes (REL,CON,CODE)

      Value  Global
   --------  --------------------------------
  0C:12E0    Flab6_3$_str_0$0$0
  0C:12E5    Flab6_3$_str_1$0$0
  0C:131F    Flab6_3$_str_2$0$0
  0C:1328    Flab6_3$_str_3$0$0
  0C:1342    Flab6_3$_str_4$0$0
  0C:13AF    Flab6_3$_str_5$0$0
  0C:13C0    Flab6_3$_str_6$0$0
  0C:13CE    Flab6_3$_str_7$0$0
  0C:13E0    Flab6_3$_str_8$0$0
  0C:13EF    Flab6_3$_str_9$0$0
  0C:13F2    Flab6_3$_str_10$0$0
  0C:1405    Flab6_3$_str_11$0$0
  0C:1415    Flab6_3$_str_12$0$0
  0C:142B    Flab6_3$_str_13$0$0
  0C:143C    Flab6_3$_str_14$0$0
  0C:1445    Flab6_3$_str_15$0$0
  0C:144E    Flab6_3$_str_16$0$0
  0C:1458    Flab6_3$_str_17$0$0
  0C:1461    Flab6_3$_str_18$0$0
  0C:1469    Flab6_3$_str_19$0$0
  0C:1474    Flab6_3$_str_20$0$0
  0C:147D    Flab6_3$_str_21$0$0
  0C:1493    Flab6_3$_str_22$0$0
  0C:14A8    Flab6_3$_str_23$0$0
  0C:14AB    Flab6_3$_str_24$0$0
  0C:14AE    Flab6_3$_str_25$0$0
  0C:14C6    Flab6_3$_str_26$0$0
  0C:14E0    Flab6_3$_str_27$0$0
  0C:14EF    Flab6_3$_str_28$0$0
  0C:14FE    Flab6_3$_str_29$0$0

ASxxxx Linker V01.75 + NoICE + SDCC Feb 1999,  page 1.

Files Linked      [ module(s) ]

C:\Users\SSP\Documents\Microprocessor Systems\Lab 6\lab6-3.rel
C:\Users\SSP\Documents\Microprocessor Systems\Lab 6\LCD.rel

Libraries Linked            [   object  file   ]

C:\Program Files (x86)\SDCC\bin\..\lib\small/libsdcc.lib    [         rand.rel ]
C:\Program Files (x86)\SDCC\bin\..\lib\small/mcs51.lib    [     crtclear.rel ]
C:\Program Files (x86)\SDCC\bin\..\lib\small/mcs51.lib    [     crtxinit.rel ]
C:\Program Files (x86)\SDCC\bin\..\lib\small/libint.lib    [      _mulint.rel ]
C:\Program Files (x86)\SDCC\bin\..\lib\small/liblong.lib    [     _mullong.rel ]
C:\Program Files (x86)\SDCC\bin\..\lib\small/libint.lib    [     _moduint.rel ]
C:\Program Files (x86)\SDCC\bin\..\lib\small/mcs51.lib    [    crtxclear.rel ]
C:\Program Files (x86)\SDCC\bin\..\lib\small/libsdcc.lib    [      sprintf.rel ]
C:\Program Files (x86)\SDCC\bin\..\lib\small/libsdcc.lib    [         puts.rel ]
C:\Program Files (x86)\SDCC\bin\..\lib\small/libsdcc.lib    [          _bp.rel ]
C:\Program Files (x86)\SDCC\bin\..\lib\small/libsdcc.lib    [      vprintf.rel ]
C:\Program Files (x86)\SDCC\bin\..\lib\small/libsdcc.lib    [ /0               ]
C:\Program Files (x86)\SDCC\bin\..\lib\small/libsdcc.lib    [      _strlen.rel ]
C:\Program Files (x86)\SDCC\bin\..\lib\small/mcs51.lib    [     crtstart.rel ]
C:\Program Files (x86)\SDCC\bin\..\lib\small/libsdcc.lib    [     _gptrget.rel ]
C:\Program Files (x86)\SDCC\bin\..\lib\small/libint.lib    [     _modsint.rel ]
C:\Program Files (x86)\SDCC\bin\..\lib\small/libsdcc.lib    [     _startup.rel ]
C:\Program Files (x86)\SDCC\bin\..\lib\small/libsdcc.lib    [     _gptrput.rel ]

ASxxxx Linker V01.75 + NoICE + SDCC Feb 1999,  page 2.

User Base Address Definitions

HOME = 0x0000
ISEG = 0x0000
BSEG = 0x0000

