
Hexadecimal

Area                               Addr   Size   Decimal Bytes (Attributes)
--------------------------------   ----   ----   ------- ----- ------------
CABS                               0000   0000 =      0. bytes (ABS,CON,CODE)

      Value  Global
   --------  --------------------------------
  0C:0000    l_BIT_BANK
  0C:0000    l_CABS
  0C:0000    l_GSINIT1
  0C:0000    l_GSINIT5
  0C:0000    l_IABS
  0C:0000    l_PSEG
  0C:0000    l_REG_BANK_1
  0C:0000    l_REG_BANK_2
  0C:0000    l_REG_BANK_3
  0C:0000    l_RSEG
  0C:0000    l_XABS
  0C:0000    l_XINIT
  0C:0000    l_XISEG
  0C:0000    l__CODE
  0C:0000    s_BSEG
  0C:0000    s_CABS
  0C:0000    s_DSEG
  0C:0000    s_HOME
  0C:0000    s_IABS
  0C:0000    s_ISEG
  0C:0000    s_PSEG
  0C:0000    s_REG_BANK_0
  0C:0000    s_XABS
  0C:0000    s_XSEG
  0C:0002    l_BSEG_BYTES
  0C:0003    l_GSFINAL
  0C:0003    l_GSINIT0
  0C:0003    l_OSEG
  0C:0005    l_GSINIT
  0C:0006    l_ISEG
  0C:0008    l_HOME
  0C:0008    l_REG_BANK_0
  0C:0008    s_GSINIT0
  0C:0008    s_REG_BANK_1
  0C:000A    l_GSINIT2
  0C:000B    s_GSINIT1
  0C:000B    s_GSINIT2
  0C:000C    l_BSEG
  0C:000F    s_OSEG
  0C:0010    s_REG_BANK_2
  0C:0015    s_GSINIT3
  0C:0018    s_BIT_BANK
  0C:0018    s_REG_BANK_3
  0C:0020    s_BSEG_BYTES
  0C:0020    s__CODE
  0C:0022    l_GSINIT3
  0C:002A    l_GSINIT4
  0C:0037    s_GSINIT4
  0C:003B    s_RSEG
  0C:003B    s_SSEG
  0C:0061    s_GSINIT
  0C:0061    s_GSINIT5
  0C:0066    s_GSFINAL
  0C:0069    s_CSEG
  0C:0078    l_DSEG
  0C:00A0    l_XSEG
  0C:00A0    s_XISEG
  0C:00C5    l_SSEG
  0C:0100    l_IRAM
  0C:01C8    l_CONST
  0C:1217    l_CSEG
  0C:1280    s_CONST
  0C:1448    s_XINIT



Hexadecimal

Area                               Addr   Size   Decimal Bytes (Attributes)
--------------------------------   ----   ----   ------- ----- ------------
.  .ABS.                           0000   0000 =      0. bytes (ABS,CON)

      Value  Global
   --------  --------------------------------
     96959493    G$MAC0ACC$0$0
     96959493    _MAC0ACC
     0080    G$P0$0$0
     0080    G$P0_0$0$0
     0080    _P0
     0080    _P0_0
     0081    G$P0_1$0$0
     0081    G$SP$0$0
     0081    _P0_1
     0081    _SP
     0082    G$DPL$0$0
     0082    G$P0_2$0$0
     0082    _DPL
     0082    _P0_2
     0083    G$DPH$0$0
     0083    G$P0_3$0$0
     0083    _DPH
     0083    _P0_3
     0084    G$P0_4$0$0
     0084    G$SFRPAGE$0$0
     0084    _P0_4
     0084    _SFRPAGE
     0085    G$P0_5$0$0
     0085    G$SFRNEXT$0$0
     0085    _P0_5
     0085    _SFRNEXT
     0086    G$P0_6$0$0
     0086    G$SFRLAST$0$0
     0086    _P0_6
     0086    _SFRLAST
     0087    G$P0_7$0$0
     0087    G$PCON$0$0
     0087    _P0_7
     0087    _PCON
     0088    G$CP0HYN0$0$0
     0088    G$CP1HYN0$0$0
     0088    G$CPT0CN$0$0
     0088    G$CPT1CN$0$0
     0088    G$FLHBUSY$0$0
     0088    G$FLSTAT$0$0
     0088    G$IT0$0$0
     0088    G$TCON$0$0
     0088    _CP0HYN0
     0088    _CP1HYN0
     0088    _CPT0CN
     0088    _CPT1CN
     0088    _FLHBUSY
     0088    _FLSTAT
     0088    _IT0
     0088    _TCON
     0089    G$CP0HYN1$0$0
     0089    G$CP1HYN1$0$0
     0089    G$CPT0MD$0$0
     0089    G$CPT1MD$0$0
     0089    G$IE0$0$0
     0089    G$PLL0CN$0$0
     0089    G$TMOD$0$0
     0089    _CP0HYN1
     0089    _CP1HYN1
     0089    _CPT0MD
     0089    _CPT1MD
     0089    _IE0
     0089    _PLL0CN
     0089    _TMOD
     008A    G$CP0HYP0$0$0
     008A    G$CP1HYP0$0$0
     008A    G$IT1$0$0
     008A    G$OSCICN$0$0
     008A    G$TL0$0$0
     008A    _CP0HYP0
     008A    _CP1HYP0
     008A    _IT1
     008A    _OSCICN
     008A    _TL0
     008B    G$CP0HYP1$0$0
     008B    G$CP1HYP1$0$0
     008B    G$IE1$0$0
     008B    G$OSCICL$0$0
     008B    G$TL1$0$0
     008B    _CP0HYP1
     008B    _CP1HYP1
     008B    _IE1
     008B    _OSCICL
     008B    _TL1
     008C    G$CP0FIF$0$0
     008C    G$CP1FIF$0$0
     008C    G$OSCXCN$0$0
     008C    G$TH0$0$0
     008C    G$TR0$0$0
     008C    _CP0FIF
     008C    _CP1FIF
     008C    _OSCXCN
     008C    _TH0
     008C    _TR0
     008D    G$CP0RIF$0$0
     008D    G$CP1RIF$0$0
     008D    G$PLL0DIV$0$0
     008D    G$TF0$0$0
     008D    G$TH1$0$0
     008D    _CP0RIF
     008D    _CP1RIF
     008D    _PLL0DIV
     008D    _TF0
     008D    _TH1
     008E    G$CKCON$0$0
     008E    G$CP0OUT$0$0
     008E    G$CP1OUT$0$0
     008E    G$PLL0MUL$0$0
     008E    G$TR1$0$0
     008E    _CKCON
     008E    _CP0OUT
     008E    _CP1OUT
     008E    _PLL0MUL
     008E    _TR1
     008F    G$CP0EN$0$0
     008F    G$CP1EN$0$0
     008F    G$PLL0FLT$0$0
     008F    G$PSCTL$0$0
     008F    G$TF1$0$0
     008F    _CP0EN
     008F    _CP1EN
     008F    _PLL0FLT
     008F    _PSCTL
     008F    _TF1
     0090    G$P1$0$0
     0090    G$P1_0$0$0
     0090    _P1
     0090    _P1_0
     0091    G$MAC0BL$0$0
     0091    G$P1_1$0$0
     0091    G$SSTA0$0$0
     0091    _MAC0BL
     0091    _P1_1
     0091    _SSTA0
     0092    G$MAC0BH$0$0
     0092    G$P1_2$0$0
     0092    _MAC0BH
     0092    _P1_2
     0093    G$MAC0ACC0$0$0
     0093    G$P1_3$0$0
     0093    _MAC0ACC0
     0093    _P1_3
     0094    G$MAC0ACC1$0$0
     0094    G$P1_4$0$0
     0094    _MAC0ACC1
     0094    _P1_4
     0095    G$MAC0ACC2$0$0
     0095    G$P1_5$0$0
     0095    _MAC0ACC2
     0095    _P1_5
     0096    G$MAC0ACC3$0$0
     0096    G$P1_6$0$0
     0096    G$SFRPGCN$0$0
     0096    _MAC0ACC3
     0096    _P1_6
     0096    _SFRPGCN
     0097    G$CLKSEL$0$0
     0097    G$MAC0OVR$0$0
     0097    G$P1_7$0$0
     0097    _CLKSEL
     0097    _MAC0OVR
     0097    _P1_7
     0098    G$RI$0$0
     0098    G$RI0$0$0
     0098    G$RI1$0$0
     0098    G$SCON$0$0
     0098    G$SCON0$0$0
     0098    G$SCON1$0$0
     0098    _RI
     0098    _RI0
     0098    _RI1
     0098    _SCON
     0098    _SCON0
     0098    _SCON1
     0099    G$SBUF$0$0
     0099    G$SBUF0$0$0
     0099    G$SBUF1$0$0
     0099    G$TI$0$0
     0099    G$TI0$0$0
     0099    G$TI1$0$0
     0099    _SBUF
     0099    _SBUF0
     0099    _SBUF1
     0099    _TI
     0099    _TI0
     0099    _TI1
     009A    G$CCH0MA$0$0
     009A    G$RB80$0$0
     009A    G$RB81$0$0
     009A    G$SPI0CFG$0$0
     009A    _CCH0MA
     009A    _RB80
     009A    _RB81
     009A    _SPI0CFG
     009B    G$SPI0DAT$0$0
     009B    G$TB80$0$0
     009B    G$TB81$0$0
     009B    _SPI0DAT
     009B    _TB80
     009B    _TB81
     009C    G$P4MDOUT$0$0
     009C    G$REN$0$0
     009C    G$REN0$0$0
     009C    G$REN1$0$0
     009C    _P4MDOUT
     009C    _REN
     009C    _REN0
     009C    _REN1
     009D    G$MCE1$0$0
     009D    G$P5MDOUT$0$0
     009D    G$SM20$0$0
     009D    G$SPI0CKR$0$0
     009D    _MCE1
     009D    _P5MDOUT
     009D    _SM20
     009D    _SPI0CKR
     009E    G$P6MDOUT$0$0
     009E    G$SM10$0$0
     009E    _P6MDOUT
     009E    _SM10
     009F    G$P7MDOUT$0$0
     009F    G$S1MODE$0$0
     009F    G$SM00$0$0
     009F    _P7MDOUT
     009F    _S1MODE
     009F    _SM00
     00A0    G$P2$0$0
     00A0    G$P2_0$0$0
     00A0    _P2
     00A0    _P2_0
     00A1    G$CCH0CN$0$0
     00A1    G$EMI0TC$0$0
     00A1    G$P2_1$0$0
     00A1    _CCH0CN
     00A1    _EMI0TC
     00A1    _P2_1
     00A2    G$CCH0TN$0$0
     00A2    G$EMI0CN$0$0
     00A2    G$P2_2$0$0
     00A2    G$_XPAGE$0$0
     00A2    _CCH0TN
     00A2    _EMI0CN
     00A2    _P2_2
     00A2    __XPAGE
     00A3    G$CCH0LC$0$0
     00A3    G$EMI0CF$0$0
     00A3    G$P2_3$0$0
     00A3    _CCH0LC
     00A3    _EMI0CF
     00A3    _P2_3
     00A4    G$P0MDOUT$0$0
     00A4    G$P2_4$0$0
     00A4    _P0MDOUT
     00A4    _P2_4
     00A5    G$P1MDOUT$0$0
     00A5    G$P2_5$0$0
     00A5    _P1MDOUT
     00A5    _P2_5
     00A6    G$P2MDOUT$0$0
     00A6    G$P2_6$0$0
     00A6    _P2MDOUT
     00A6    _P2_6
     00A7    G$P2_7$0$0
     00A7    G$P3MDOUT$0$0
     00A7    _P2_7
     00A7    _P3MDOUT
     00A8    G$EX0$0$0
     00A8    G$IE$0$0
     00A8    _EX0
     00A8    _IE
     00A9    G$ET0$0$0
     00A9    G$SADDR0$0$0
     00A9    _ET0
     00A9    _SADDR0
     00AA    G$EX1$0$0
     00AA    _EX1
     00AB    G$ET1$0$0
     00AB    _ET1
     00AC    G$ES$0$0
     00AC    G$ES0$0$0
     00AC    _ES
     00AC    _ES0
     00AD    G$ET2$0$0
     00AD    G$P1MDIN$0$0
     00AD    _ET2
     00AD    _P1MDIN
     00AF    G$EA$0$0
     00AF    _EA
     00B0    G$P3$0$0
     00B0    G$P3_0$0$0
     00B0    _P3
     00B0    _P3_0
     00B1    G$P3_1$0$0
     00B1    G$PSBANK$0$0
     00B1    _P3_1
     00B1    _PSBANK
     00B2    G$P3_2$0$0
     00B2    _P3_2
     00B3    G$P3_3$0$0
     00B3    _P3_3
     00B4    G$P3_4$0$0
     00B4    _P3_4
     00B5    G$P3_5$0$0
     00B5    _P3_5
     00B6    G$P3_6$0$0
     00B6    _P3_6
     00B7    G$FLACL$0$0
     00B7    G$FLSCL$0$0
     00B7    G$P3_7$0$0
     00B7    _FLACL
     00B7    _FLSCL
     00B7    _P3_7
     00B8    G$IP$0$0
     00B8    G$PX0$0$0
     00B8    _IP
     00B8    _PX0
     00B9    G$PT0$0$0
     00B9    G$SADEN0$0$0
     00B9    _PT0
     00B9    _SADEN0
     00BA    G$AMX0CF$0$0
     00BA    G$AMX2CF$0$0
     00BA    G$PX1$0$0
     00BA    _AMX0CF
     00BA    _AMX2CF
     00BA    _PX1
     00BB    G$AMX0SL$0$0
     00BB    G$AMX2SL$0$0
     00BB    G$PT1$0$0
     00BB    _AMX0SL
     00BB    _AMX2SL
     00BB    _PT1
     00BC    G$ADC0CF$0$0
     00BC    G$ADC2CF$0$0
     00BC    G$PS$0$0
     00BC    G$PS0$0$0
     00BC    _ADC0CF
     00BC    _ADC2CF
     00BC    _PS
     00BC    _PS0
     00BD    G$PT2$0$0
     00BD    _PT2
     00BE    G$ADC0L$0$0
     00BE    G$ADC2$0$0
     00BE    _ADC0L
     00BE    _ADC2
     00BF    G$ADC0H$0$0
     00BF    _ADC0H
     00C0    G$MAC0N$0$0
     00C0    G$MAC0STA$0$0
     00C0    G$SMB0CN$0$0
     00C0    G$SMBTOE$0$0
     00C0    _MAC0N
     00C0    _MAC0STA
     00C0    _SMB0CN
     00C0    _SMBTOE
     00C1    G$MAC0AL$0$0
     00C1    G$MAC0SO$0$0
     00C1    G$SMB0STA$0$0
     00C1    G$SMBFTE$0$0
     00C1    _MAC0AL
     00C1    _MAC0SO
     00C1    _SMB0STA
     00C1    _SMBFTE
     00C2    G$AA$0$0
     00C2    G$MAC0AH$0$0
     00C2    G$MAC0Z$0$0
     00C2    G$SMB0DAT$0$0
     00C2    _AA
     00C2    _MAC0AH
     00C2    _MAC0Z
     00C2    _SMB0DAT
     00C3    G$MAC0CF$0$0
     00C3    G$MAC0HO$0$0
     00C3    G$SI$0$0
     00C3    G$SMB0ADR$0$0
     00C3    _MAC0CF
     00C3    _MAC0HO
     00C3    _SI
     00C3    _SMB0ADR
     00C4    G$ADC0GTL$0$0
     00C4    G$ADC2GT$0$0
     00C4    G$STO$0$0
     00C4    _ADC0GTL
     00C4    _ADC2GT
     00C4    _STO
     00C5    G$ADC0GTH$0$0
     00C5    G$STA$0$0
     00C5    _ADC0GTH
     00C5    _STA
     00C6    G$ADC0LTL$0$0
     00C6    G$ADC2LT$0$0
     00C6    G$ENSMB$0$0
     00C6    _ADC0LTL
     00C6    _ADC2LT
     00C6    _ENSMB
     00C7    G$ADC0LTH$0$0
     00C7    G$BUSY$0$0
     00C7    _ADC0LTH
     00C7    _BUSY
     00C8    G$CPRL2$0$0
     00C8    G$CPRL3$0$0
     00C8    G$CPRL4$0$0
     00C8    G$P4$0$0
     00C8    G$P4_0$0$0
     00C8    G$TMR2CN$0$0
     00C8    G$TMR3CN$0$0
     00C8    G$TMR4CN$0$0
     00C8    _CPRL2
     00C8    _CPRL3
     00C8    _CPRL4
     00C8    _P4
     00C8    _P4_0
     00C8    _TMR2CN
     00C8    _TMR3CN
     00C8    _TMR4CN
     00C9    G$CT2$0$0
     00C9    G$CT3$0$0
     00C9    G$CT4$0$0
     00C9    G$P4_1$0$0
     00C9    G$TMR2CF$0$0
     00C9    G$TMR3CF$0$0
     00C9    G$TMR4CF$0$0
     00C9    _CT2
     00C9    _CT3
     00C9    _CT4
     00C9    _P4_1
     00C9    _TMR2CF
     00C9    _TMR3CF
     00C9    _TMR4CF
     00CA    G$P4_2$0$0
     00CA    G$RCAP2L$0$0
     00CA    G$RCAP3L$0$0
     00CA    G$RCAP4L$0$0
     00CA    G$TR2$0$0
     00CA    G$TR3$0$0
     00CA    G$TR4$0$0
     00CA    _P4_2
     00CA    _RCAP2L
     00CA    _RCAP3L
     00CA    _RCAP4L
     00CA    _TR2
     00CA    _TR3
     00CA    _TR4
     00CB    G$EXEN2$0$0
     00CB    G$EXEN3$0$0
     00CB    G$EXEN4$0$0
     00CB    G$P4_3$0$0
     00CB    G$RCAP2H$0$0
     00CB    G$RCAP3H$0$0
     00CB    G$RCAP4H$0$0
     00CB    _EXEN2
     00CB    _EXEN3
     00CB    _EXEN4
     00CB    _P4_3
     00CB    _RCAP2H
     00CB    _RCAP3H
     00CB    _RCAP4H
     00CC    G$P4_4$0$0
     00CC    G$TL2$0$0
     00CC    G$TMR2L$0$0
     00CC    G$TMR3L$0$0
     00CC    G$TMR4L$0$0
     00CC    _P4_4
     00CC    _TL2
     00CC    _TMR2L
     00CC    _TMR3L
     00CC    _TMR4L
     00CD    G$P4_5$0$0
     00CD    G$TH2$0$0
     00CD    G$TMR2H$0$0
     00CD    G$TMR3H$0$0
     00CD    G$TMR4H$0$0
     00CD    _P4_5
     00CD    _TH2
     00CD    _TMR2H
     00CD    _TMR3H
     00CD    _TMR4H
     00CE    G$EXF2$0$0
     00CE    G$EXF3$0$0
     00CE    G$EXF4$0$0
     00CE    G$MAC0RNDL$0$0
     00CE    G$P4_6$0$0
     00CE    _EXF2
     00CE    _EXF3
     00CE    _EXF4
     00CE    _MAC0RNDL
     00CE    _P4_6
     00CF    G$MAC0RNDH$0$0
     00CF    G$P4_7$0$0
     00CF    G$SMB0CR$0$0
     00CF    G$TF2$0$0
     00CF    G$TF3$0$0
     00CF    G$TF4$0$0
     00CF    _MAC0RNDH
     00CF    _P4_7
     00CF    _SMB0CR
     00CF    _TF2
     00CF    _TF3
     00CF    _TF4
     00D0    G$P$0$0
     00D0    G$PSW$0$0
     00D0    _P
     00D0    _PSW
     00D1    G$F1$0$0
     00D1    G$REF0CN$0$0
     00D1    _F1
     00D1    _REF0CN
     00D2    G$DAC0L$0$0
     00D2    G$DAC1L$0$0
     00D2    G$OV$0$0
     00D2    _DAC0L
     00D2    _DAC1L
     00D2    _OV
     00D3    G$DAC0H$0$0
     00D3    G$DAC1H$0$0
     00D3    G$RS0$0$0
     00D3    _DAC0H
     00D3    _DAC1H
     00D3    _RS0
     00D4    G$DAC0CN$0$0
     00D4    G$DAC1CN$0$0
     00D4    G$RS1$0$0
     00D4    _DAC0CN
     00D4    _DAC1CN
     00D4    _RS1
     00D5    G$F0$0$0
     00D5    _F0
     00D6    G$AC$0$0
     00D6    _AC
     00D7    G$CY$0$0
     00D7    _CY
     00D8    G$CCF0$0$0
     00D8    G$P5$0$0
     00D8    G$P5_0$0$0
     00D8    G$PCA0CN$0$0
     00D8    _CCF0
     00D8    _P5
     00D8    _P5_0
     00D8    _PCA0CN
     00D9    G$CCF1$0$0
     00D9    G$P5_1$0$0
     00D9    G$PCA0MD$0$0
     00D9    _CCF1
     00D9    _P5_1
     00D9    _PCA0MD
     00DA    G$CCF2$0$0
     00DA    G$P5_2$0$0
     00DA    G$PCA0CPM0$0$0
     00DA    _CCF2
     00DA    _P5_2
     00DA    _PCA0CPM0
     00DB    G$CCF3$0$0
     00DB    G$P5_3$0$0
     00DB    G$PCA0CPM1$0$0
     00DB    _CCF3
     00DB    _P5_3
     00DB    _PCA0CPM1
     00DC    G$CCF4$0$0
     00DC    G$P5_4$0$0
     00DC    G$PCA0CPM2$0$0
     00DC    _CCF4
     00DC    _P5_4
     00DC    _PCA0CPM2
     00DD    G$CCF5$0$0
     00DD    G$P5_5$0$0
     00DD    G$PCA0CPM3$0$0
     00DD    _CCF5
     00DD    _P5_5
     00DD    _PCA0CPM3
     00DE    G$CR$0$0
     00DE    G$P5_6$0$0
     00DE    G$PCA0CPM4$0$0
     00DE    _CR
     00DE    _P5_6
     00DE    _PCA0CPM4
     00DF    G$CF$0$0
     00DF    G$P5_7$0$0
     00DF    G$PCA0CPM5$0$0
     00DF    _CF
     00DF    _P5_7
     00DF    _PCA0CPM5
     00E0    G$ACC$0$0
     00E0    _ACC
     00E1    G$PCA0CPL5$0$0
     00E1    G$XBR0$0$0
     00E1    _PCA0CPL5
     00E1    _XBR0
     00E2    G$PCA0CPH5$0$0
     00E2    G$XBR1$0$0
     00E2    _PCA0CPH5
     00E2    _XBR1
     00E3    G$XBR2$0$0
     00E3    _XBR2
     00E6    G$EIE1$0$0
     00E6    _EIE1
     00E7    G$EIE2$0$0
     00E7    _EIE2
     00E8    G$AD0LJST$0$0
     00E8    G$AD2WINT$0$0
     00E8    G$ADC0CN$0$0
     00E8    G$ADC2CN$0$0
     00E8    G$P6$0$0
     00E8    G$P6_0$0$0
     00E8    _AD0LJST
     00E8    _AD2WINT
     00E8    _ADC0CN
     00E8    _ADC2CN
     00E8    _P6
     00E8    _P6_0
     00E9    G$AD0WINT$0$0
     00E9    G$AD2CM0$0$0
     00E9    G$P6_1$0$0
     00E9    G$PCA0CPL2$0$0
     00E9    _AD0WINT
     00E9    _AD2CM0
     00E9    _P6_1
     00E9    _PCA0CPL2
     00EA    G$AD0CM0$0$0
     00EA    G$AD2CM1$0$0
     00EA    G$P6_2$0$0
     00EA    G$PCA0CPH2$0$0
     00EA    _AD0CM0
     00EA    _AD2CM1
     00EA    _P6_2
     00EA    _PCA0CPH2
     00EB    G$AD0CM1$0$0
     00EB    G$AD2CM2$0$0
     00EB    G$P6_3$0$0
     00EB    G$PCA0CPL3$0$0
     00EB    _AD0CM1
     00EB    _AD2CM2
     00EB    _P6_3
     00EB    _PCA0CPL3
     00EC    G$AD0BUSY$0$0
     00EC    G$AD2BUSY$0$0
     00EC    G$P6_4$0$0
     00EC    G$PCA0CPH3$0$0
     00EC    _AD0BUSY
     00EC    _AD2BUSY
     00EC    _P6_4
     00EC    _PCA0CPH3
     00ED    G$AD0INT$0$0
     00ED    G$AD2INT$0$0
     00ED    G$P6_5$0$0
     00ED    G$PCA0CPL4$0$0
     00ED    _AD0INT
     00ED    _AD2INT
     00ED    _P6_5
     00ED    _PCA0CPL4
     00EE    G$AD0TM$0$0
     00EE    G$AD2TM$0$0
     00EE    G$P6_6$0$0
     00EE    G$PCA0CPH4$0$0
     00EE    _AD0TM
     00EE    _AD2TM
     00EE    _P6_6
     00EE    _PCA0CPH4
     00EF    G$AD0EN$0$0
     00EF    G$AD2EN$0$0
     00EF    G$P6_7$0$0
     00EF    G$RSTSRC$0$0
     00EF    _AD0EN
     00EF    _AD2EN
     00EF    _P6_7
     00EF    _RSTSRC
     00F0    G$B$0$0
     00F0    _B
     00F5    _B_5
     00F6    G$EIP1$0$0
     00F6    _B_6
     00F6    _EIP1
     00F7    G$EIP2$0$0
     00F7    _B_7
     00F7    _EIP2
     00F8    G$P7$0$0
     00F8    G$P7_0$0$0
     00F8    G$SPI0CN$0$0
     00F8    G$SPIEN$0$0
     00F8    _P7
     00F8    _P7_0
     00F8    _SPI0CN
     00F8    _SPIEN
     00F9    G$P7_1$0$0
     00F9    G$PCA0L$0$0
     00F9    G$TXBMT$0$0
     00F9    _P7_1
     00F9    _PCA0L
     00F9    _TXBMT
     00FA    G$NSSMD0$0$0
     00FA    G$P7_2$0$0
     00FA    G$PCA0H$0$0
     00FA    _NSSMD0
     00FA    _P7_2
     00FA    _PCA0H
     00FB    G$NSSMD1$0$0
     00FB    G$P7_3$0$0
     00FB    G$PCA0CPL0$0$0
     00FB    _NSSMD1
     00FB    _P7_3
     00FB    _PCA0CPL0
     00FC    G$P7_4$0$0
     00FC    G$PCA0CPH0$0$0
     00FC    G$RXOVRN$0$0
     00FC    _P7_4
     00FC    _PCA0CPH0
     00FC    _RXOVRN
     00FD    G$MODF$0$0
     00FD    G$P7_5$0$0
     00FD    G$PCA0CPL1$0$0
     00FD    _MODF
     00FD    _P7_5
     00FD    _PCA0CPL1
     00FE    G$P7_6$0$0
     00FE    G$PCA0CPH1$0$0
     00FE    G$WCOL$0$0
     00FE    _P7_6
     00FE    _PCA0CPH1
     00FE    _WCOL
     00FF    G$P7_7$0$0
     00FF    G$SPIF$0$0
     00FF    G$WDTCN$0$0
     00FF    _P7_7
     00FF    _SPIF
     00FF    _WDTCN
     8C8A    G$TMR0$0$0
     8C8A    _TMR0
     8D8B    G$TMR1$0$0
     8D8B    _TMR1
     BFBE    G$ADC0$0$0
     BFBE    _ADC0
     C2C1    G$MAC0A$0$0
     C2C1    _MAC0A
     C5C4    G$ADC0GT$0$0
     C5C4    _ADC0GT
     C7C6    G$ADC0LT$0$0
     C7C6    _ADC0LT
     CBCA    G$RCAP2$0$0
     CBCA    G$RCAP3$0$0
     CBCA    G$RCAP4$0$0
     CBCA    _RCAP2
     CBCA    _RCAP3
     CBCA    _RCAP4
     CDCC    G$TMR2$0$0
     CDCC    G$TMR3$0$0
     CDCC    G$TMR4$0$0
     CDCC    _TMR2
     CDCC    _TMR3
     CDCC    _TMR4
     CFCE    G$MAC0RND$0$0
     CFCE    _MAC0RND
     D3D2    G$DAC0$0$0
     D3D2    G$DAC1$0$0
     D3D2    _DAC0
     D3D2    _DAC1
     E2E1    G$PCA0CP5$0$0
     E2E1    _PCA0CP5
     EAE9    G$PCA0CP2$0$0
     EAE9    _PCA0CP2
     ECEB    G$PCA0CP3$0$0
     ECEB    _PCA0CP3
     EEED    G$PCA0CP4$0$0
     EEED    _PCA0CP4
     FAF9    G$PCA0$0$0
     FAF9    _PCA0
     FCFB    G$PCA0CP0$0$0
     FCFB    _PCA0CP0
     FEFD    G$PCA0CP1$0$0
     FEFD    _PCA0CP1







Hexadecimal

Area                               Addr   Size   Decimal Bits  (Attributes)
--------------------------------   ----   ----   ------- ----- ------------
BSEG                               0000   000C =     12. bits  (REL,CON,BIT)

      Value  Global
   --------  --------------------------------
  0B:0000    G$turn$0$0
  0B:0000    _turn
  0B:0001    LgetMove$freeMove$1$1
  0B:0001    _getMove_PARM_1


Hexadecimal

Area                               Addr   Size   Decimal Bytes (Attributes)
--------------------------------   ----   ----   ------- ----- ------------
DSEG                               0000   0078 =    120. bytes (REL,CON)

      Value  Global
   --------  --------------------------------
     0008    G$current$0$0
     0008    _current
     0009    LprintSubBoard$sloc0$1$0
     000B    LprintSubBoard$sloc1$1$0
     000D    _vprintf_PARM_2
     000E    _bp
     002E    __print_format_PARM_2
     0031    __print_format_PARM_3
     0034    __print_format_PARM_4

Hexadecimal

Area                               Addr   Size   Decimal Bytes (Attributes)
--------------------------------   ----   ----   ------- ----- ------------
OSEG                               000F   0003 =      3. bytes (REL,OVR)

      Value  Global
   --------  --------------------------------
     000F    LcheckBoardWin$b$1$1
     000F    __divsint_PARM_2
     000F    __divuint_PARM_2
     000F    __modsint_PARM_2
     000F    __moduint_PARM_2
     000F    _calculate_digit_radix_1_1
     000F    _checkBoardWin_b_1_1
     0010    _calculate_digit_i_1_1


Hexadecimal

Area                               Addr   Size   Decimal Bytes (Attributes)
--------------------------------   ----   ----   ------- ----- ------------
SSEG                               003B   00C5 =    197. bytes (REL,OVR)

      Value  Global
   --------  --------------------------------
     003B    __start__stack



Hexadecimal

Area                               Addr   Size   Decimal Bytes (Attributes)
--------------------------------   ----   ----   ------- ----- ------------
XSEG                               0000   00A0 =    160. bytes (REL,CON,XDATA)

      Value  Global
   --------  --------------------------------
  0D:0000    G$board$0$0
  0D:0000    _board


Hexadecimal

Area                               Addr   Size   Decimal Bytes (Attributes)
--------------------------------   ----   ----   ------- ----- ------------
HOME                               0000   0008 =      8. bytes (REL,CON,CODE)

      Value  Global
   --------  --------------------------------
  0C:0000    A$final$1275
  0C:0003    A$final$1305
  0C:0003    __sdcc_program_startup
  0C:0006    A$final$1307

Hexadecimal

Area                               Addr   Size   Decimal Bytes (Attributes)
--------------------------------   ----   ----   ------- ----- ------------
GSINIT0                            0008   0003 =      3. bytes (REL,CON,CODE)

      Value  Global
   --------  --------------------------------
  0C:0008    __sdcc_gsinit_startup



Hexadecimal

Area                               Addr   Size   Decimal Bytes (Attributes)
--------------------------------   ----   ----   ------- ----- ------------
GSINIT3                            0015   0022 =     34. bytes (REL,CON,CODE)

      Value  Global
   --------  --------------------------------
  0C:0015    __mcs51_genXINIT

Hexadecimal

Area                               Addr   Size   Decimal Bytes (Attributes)
--------------------------------   ----   ----   ------- ----- ------------
GSINIT4                            0037   002A =     42. bytes (REL,CON,CODE)

      Value  Global
   --------  --------------------------------
  0C:0037    __mcs51_genRAMCLEAR
  0C:003D    __mcs51_genXRAMCLEAR


Hexadecimal

Area                               Addr   Size   Decimal Bytes (Attributes)
--------------------------------   ----   ----   ------- ----- ------------
GSINIT                             0061   0005 =      5. bytes (REL,CON,CODE)

      Value  Global
   --------  --------------------------------
  0C:0061    A$final$1292
  0C:0061    C$final.c$47$1$1
  0C:0064    A$final$1296
  0C:0064    C$final.c$46$1$1

Hexadecimal

Area                               Addr   Size   Decimal Bytes (Attributes)
--------------------------------   ----   ----   ------- ----- ------------
GSFINAL                            0066   0003 =      3. bytes (REL,CON,CODE)

      Value  Global
   --------  --------------------------------
  0C:0066    A$final$1298

Hexadecimal

Area                               Addr   Size   Decimal Bytes (Attributes)
--------------------------------   ----   ----   ------- ----- ------------
CSEG                               0069   1217 =   4631. bytes (REL,CON,CODE)

      Value  Global
   --------  --------------------------------
  0C:0069    A$final$1332
  0C:0069    C$putget.h$18$0$0
  0C:0069    G$putchar$0$0
  0C:0069    _putchar
  0C:006B    A$final$1338
  0C:006B    C$putget.h$20$1$1
  0C:006B    C$putget.h$21$1$1
  0C:006E    A$final$1339
  0C:0070    A$final$1343
  0C:0070    C$putget.h$22$1$1
  0C:0072    A$final$1346
  0C:0072    C$putget.h$23$1$1
  0C:0072    XG$putchar$0$0
  0C:0073    A$final$1364
  0C:0073    C$putget.h$28$1$1
  0C:0073    C$putget.h$31$1$1
  0C:0073    C$putget.h$32$1$1
  0C:0073    G$getchar$0$0
  0C:0073    _getchar
  0C:0076    A$final$1365
  0C:0078    A$final$1369
  0C:0078    C$putget.h$33$1$1
  0C:007B    A$final$1374
  0C:007B    C$putget.h$35$1$1
  0C:007B    C$putget.h$36$1$1
  0C:007B    XG$getchar$0$0
  0C:007C    A$final$1388
  0C:007C    C$final.c$54$1$1
  0C:007C    C$final.c$56$1$1
  0C:007C    G$main$0$0
  0C:007C    _main
  0C:007F    A$final$1391
  0C:007F    C$final.c$57$1$1
  0C:0082    A$final$1394
  0C:0082    C$final.c$59$1$1
  0C:0085    A$final$1397
  0C:0085    C$final.c$60$1$1
  0C:0088    A$final$1400
  0C:0088    C$final.c$61$1$1
  0C:008B    A$final$1403
  0C:008B    C$final.c$63$1$1
  0C:008E    A$final$1406
  0C:008E    C$final.c$65$1$1
  0C:0090    A$final$1407
  0C:0092    A$final$1408
  0C:0094    A$final$1409
  0C:0096    A$final$1410
  0C:0098    A$final$1411
  0C:009A    A$final$1412
  0C:009D    A$final$1413
  0C:009F    A$final$1414
  0C:00A1    A$final$1415
  0C:00A3    A$final$1418
  0C:00A3    C$final.c$66$1$1
  0C:00A5    A$final$1419
  0C:00A7    A$final$1420
  0C:00A9    A$final$1421
  0C:00AB    A$final$1422
  0C:00AD    A$final$1423
  0C:00AF    A$final$1424
  0C:00B2    A$final$1425
  0C:00B4    A$final$1426
  0C:00B6    A$final$1427
  0C:00B8    A$final$1433
  0C:00B8    C$final.c$69$1$1
  0C:00B8    C$final.c$71$2$2
  0C:00BB    A$final$1437
  0C:00BB    C$final.c$73$3$3
  0C:00BE    A$final$1438
  0C:00C0    A$final$1441
  0C:00C0    C$final.c$76$3$3
  0C:00C2    A$final$1442
  0C:00C4    A$final$1443
  0C:00C6    A$final$1444
  0C:00C8    A$final$1445
  0C:00CA    A$final$1446
  0C:00CC    A$final$1447
  0C:00CF    A$final$1448
  0C:00D1    A$final$1449
  0C:00D3    A$final$1450
  0C:00D5    A$final$1453
  0C:00D5    C$final.c$77$3$3
  0C:00D8    A$final$1456
  0C:00D8    C$final.c$78$3$3
  0C:00DA    A$final$1457
  0C:00DC    A$final$1458
  0C:00DE    A$final$1459
  0C:00E0    A$final$1460
  0C:00E2    A$final$1461
  0C:00E4    A$final$1462
  0C:00E7    A$final$1463
  0C:00E9    A$final$1464
  0C:00EB    A$final$1465
  0C:00ED    A$final$1466
  0C:00EF    A$final$1470
  0C:00EF    C$final.c$80$3$3
  0C:00F1    A$final$1471
  0C:00F3    A$final$1472
  0C:00F5    A$final$1473
  0C:00F7    A$final$1474
  0C:00F9    A$final$1475
  0C:00FB    A$final$1476
  0C:00FE    A$final$1477
  0C:0100    A$final$1478
  0C:0102    A$final$1479
  0C:0104    A$final$1483
  0C:0104    C$final.c$82$3$3
  0C:0106    A$final$1484
  0C:0108    A$final$1485
  0C:010A    A$final$1486
  0C:010B    A$final$1487
  0C:010D    A$final$1488
  0C:010F    A$final$1489
  0C:0110    A$final$1490
  0C:0111    A$final$1491
  0C:0114    A$final$1494
  0C:0114    C$final.c$83$3$3
  0C:0116    A$final$1495
  0C:0119    A$final$1496
  0C:011B    A$final$1500
  0C:011B    C$final.c$85$3$3
  0C:011D    A$final$1501
  0C:0120    A$final$1505
  0C:0120    C$final.c$87$3$3
  0C:0123    A$final$1506
  0C:0125    A$final$1510
  0C:0125    C$final.c$90$2$2
  0C:0127    A$final$1511
  0C:0129    A$final$1512
  0C:012B    A$final$1513
  0C:012D    A$final$1514
  0C:012F    A$final$1515
  0C:0131    A$final$1516
  0C:0134    A$final$1517
  0C:0136    A$final$1518
  0C:0138    A$final$1519
  0C:013A    A$final$1522
  0C:013A    C$final.c$91$2$2
  0C:013C    A$final$1523
  0C:013E    A$final$1524
  0C:0140    A$final$1525
  0C:0142    A$final$1526
  0C:0144    A$final$1527
  0C:0146    A$final$1528
  0C:0149    A$final$1529
  0C:014B    A$final$1530
  0C:014D    A$final$1531
  0C:014F    A$final$1534
  0C:014F    C$final.c$92$2$2
  0C:0152    A$final$1537
  0C:0152    C$final.c$94$1$1
  0C:0152    XG$main$0$0
  0C:0155    A$final$1553
  0C:0155    C$final.c$97$1$1
  0C:0155    G$gameStart$0$0
  0C:0155    _gameStart
  0C:0157    A$final$1554
  0C:0159    A$final$1556
  0C:015A    A$final$1557
  0C:015B    A$final$1558
  0C:015D    A$final$1559
  0C:015E    A$final$1560
  0C:0160    A$final$1561
  0C:0162    A$final$1562
  0C:0164    A$final$1565
  0C:0166    A$final$1566
  0C:0168    A$final$1567
  0C:016A    A$final$1568
  0C:016B    A$final$1569
  0C:016C    A$final$1570
  0C:016E    A$final$1571
  0C:016F    A$final$1572
  0C:0170    A$final$1573
  0C:0171    A$final$1574
  0C:0172    A$final$1575
  0C:0173    A$final$1576
  0C:0175    A$final$1577
  0C:0176    A$final$1578
  0C:0177    A$final$1579
  0C:0178    A$final$1580
  0C:0179    A$final$1581
  0C:017B    A$final$1582
  0C:017C    A$final$1583
  0C:017D    A$final$1584
  0C:017F    A$final$1585
  0C:0180    A$final$1587
  0C:0181    A$final$1588
  0C:0182    A$final$1589
  0C:0184    A$final$1590
  0C:0185    A$final$1591
  0C:0187    A$final$1592
  0C:0189    A$final$1593
  0C:018B    A$final$1596
  0C:018B    C$final.c$107$3$3
  0C:018C    A$final$1597
  0C:018D    A$final$1598
  0C:018F    A$final$1599
  0C:0190    A$final$1600
  0C:0191    A$final$1601
  0C:0193    A$final$1602
  0C:0195    A$final$1603
  0C:0196    A$final$1606
  0C:0196    C$final.c$105$2$2
  0C:0197    A$final$1607
  0C:019A    A$final$1608
  0C:019B    A$final$1609
  0C:019D    A$final$1613
  0C:019D    C$final.c$103$1$1
  0C:019E    A$final$1614
  0C:01A1    A$final$1615
  0C:01A2    A$final$1616
  0C:01A4    A$final$1620
  0C:01A4    C$final.c$111$1$1
  0C:01A6    A$final$1623
  0C:01A6    C$final.c$113$1$1
  0C:01A9    A$final$1626
  0C:01A9    C$final.c$114$1$1
  0C:01AB    A$final$1627
  0C:01AD    A$final$1628
  0C:01AF    A$final$1629
  0C:01B1    A$final$1630
  0C:01B3    A$final$1631
  0C:01B5    A$final$1632
  0C:01B8    A$final$1633
  0C:01BA    A$final$1634
  0C:01BC    A$final$1635
  0C:01BE    A$final$1638
  0C:01BE    C$final.c$115$1$1
  0C:01C0    A$final$1639
  0C:01C2    A$final$1640
  0C:01C4    A$final$1641
  0C:01C6    A$final$1642
  0C:01C8    A$final$1643
  0C:01CA    A$final$1644
  0C:01CD    A$final$1645
  0C:01CF    A$final$1646
  0C:01D1    A$final$1647
  0C:01D3    A$final$1650
  0C:01D3    C$final.c$116$1$1
  0C:01D5    A$final$1651
  0C:01D8    A$final$1656
  0C:01D8    C$final.c$117$1$1
  0C:01D8    C$final.c$118$1$1
  0C:01D8    XG$gameStart$0$0
  0C:01DB    A$final$1671
  0C:01DB    C$final.c$120$1$1
  0C:01DB    C$final.c$124$1$1
  0C:01DB    G$printBoard$0$0
  0C:01DB    _printBoard
  0C:01DD    A$final$1672
  0C:01DF    A$final$1673
  0C:01E1    A$final$1674
  0C:01E3    A$final$1675
  0C:01E5    A$final$1676
  0C:01E7    A$final$1677
  0C:01EA    A$final$1678
  0C:01EC    A$final$1679
  0C:01EE    A$final$1680
  0C:01F0    A$final$1683
  0C:01F2    A$final$1684
  0C:01F4    A$final$1685
  0C:01F6    A$final$1686
  0C:01F8    A$final$1688
  0C:01F9    A$final$1689
  0C:01FA    A$final$1690
  0C:01FC    A$final$1691
  0C:01FD    A$final$1692
  0C:01FF    A$final$1693
  0C:0201    A$final$1694
  0C:0203    A$final$1697
  0C:0203    C$final.c$129$2$2
  0C:0206    A$final$1698
  0C:0209    A$final$1699
  0C:020B    A$final$1701
  0C:020E    A$final$1702
  0C:0211    A$final$1706
  0C:0211    C$final.c$130$2$2
  0C:0213    A$final$1707
  0C:0215    A$final$1708
  0C:0217    A$final$1709
  0C:0219    A$final$1710
  0C:021B    A$final$1711
  0C:021D    A$final$1712
  0C:021F    A$final$1713
  0C:0221    A$final$1714
  0C:0224    A$final$1715
  0C:0226    A$final$1716
  0C:0228    A$final$1717
  0C:022A    A$final$1718
  0C:022C    A$final$1719
  0C:022E    A$final$1720
  0C:0230    A$final$1724
  0C:0230    C$final.c$132$2$2
  0C:0232    A$final$1725
  0C:0234    A$final$1726
  0C:0236    A$final$1727
  0C:0238    A$final$1728
  0C:023A    A$final$1729
  0C:023C    A$final$1730
  0C:023E    A$final$1731
  0C:0240    A$final$1732
  0C:0243    A$final$1733
  0C:0245    A$final$1734
  0C:0247    A$final$1735
  0C:0249    A$final$1736
  0C:024B    A$final$1737
  0C:024D    A$final$1741
  0C:024D    C$final.c$127$1$1
  0C:024E    A$final$1742
  0C:0251    A$final$1743
  0C:0252    A$final$1744
  0C:0254    A$final$1748
  0C:0256    A$final$1749
  0C:0258    A$final$1751
  0C:0259    A$final$1752
  0C:025A    A$final$1753
  0C:025C    A$final$1754
  0C:025D    A$final$1755
  0C:025F    A$final$1756
  0C:0261    A$final$1757
  0C:0263    A$final$1760
  0C:0263    C$final.c$136$1$1
  0C:0265    A$final$1761
  0C:0267    A$final$1762
  0C:0269    A$final$1763
  0C:026B    A$final$1764
  0C:026E    A$final$1765
  0C:0270    A$final$1766
  0C:0272    A$final$1769
  0C:0272    C$final.c$135$1$1
  0C:0273    A$final$1770
  0C:0276    A$final$1771
  0C:0277    A$final$1772
  0C:0279    A$final$1776
  0C:0279    C$final.c$137$1$1
  0C:0279    XG$printBoard$0$0
  0C:027A    A$final$1792
  0C:027A    C$final.c$139$1$1
  0C:027A    G$printSubBoard$0$0
  0C:027A    _printSubBoard
  0C:027C    A$final$1793
  0C:027E    A$final$1796
  0C:027E    C$final.c$142$1$1
  0C:0281    A$final$1797
  0C:0282    A$final$1798
  0C:0284    A$final$1799
  0C:0286    A$final$1800
  0C:0288    A$final$1801
  0C:028A    A$final$1802
  0C:028C    A$final$1803
  0C:028F    A$final$1804
  0C:0291    A$final$1805
  0C:0293    A$final$1806
  0C:0295    A$final$1807
  0C:0297    A$final$1808
  0C:0298    A$final$1809
  0C:0299    A$final$1810
  0C:029B    A$final$1811
  0C:029C    A$final$1812
  0C:029D    A$final$1813
  0C:029E    A$final$1814
  0C:029F    A$final$1815
  0C:02A1    A$final$1816
  0C:02A3    A$final$1817
  0C:02A4    A$final$1818
  0C:02A6    A$final$1819
  0C:02A8    A$final$1820
  0C:02A9    A$final$1821
  0C:02AA    A$final$1822
  0C:02AB    A$final$1823
  0C:02AC    A$final$1824
  0C:02AD    A$final$1825
  0C:02AE    A$final$1826
  0C:02AF    A$final$1827
  0C:02B2    A$final$1828
  0C:02B3    A$final$1829
  0C:02B5    A$final$1830
  0C:02B7    A$final$1831
  0C:02B9    A$final$1832
  0C:02BB    A$final$1833
  0C:02BD    A$final$1834
  0C:02BF    A$final$1835
  0C:02C1    A$final$1836
  0C:02C4    A$final$1837
  0C:02C6    A$final$1838
  0C:02C8    A$final$1839
  0C:02C9    A$final$1840
  0C:02CB    A$final$1841
  0C:02CC    A$final$1842
  0C:02CD    A$final$1843
  0C:02CE    A$final$1844
  0C:02CF    A$final$1845
  0C:02D1    A$final$1846
  0C:02D3    A$final$1847
  0C:02D4    A$final$1848
  0C:02D6    A$final$1849
  0C:02D8    A$final$1850
  0C:02D9    A$final$1851
  0C:02DA    A$final$1852
  0C:02DB    A$final$1853
  0C:02DC    A$final$1854
  0C:02DD    A$final$1855
  0C:02DE    A$final$1856
  0C:02DF    A$final$1857
  0C:02E1    A$final$1858
  0C:02E3    A$final$1859
  0C:02E5    A$final$1860
  0C:02E7    A$final$1861
  0C:02E9    A$final$1862
  0C:02EB    A$final$1863
  0C:02ED    A$final$1864
  0C:02EF    A$final$1865
  0C:02F2    A$final$1866
  0C:02F4    A$final$1867
  0C:02F6    A$final$1868
  0C:02F8    A$final$1869
  0C:02FA    A$final$1870
  0C:02FC    A$final$1873
  0C:02FC    C$final.c$144$1$1
  0C:02FD    A$final$1874
  0C:02FF    A$final$1875
  0C:0301    A$final$1876
  0C:0302    A$final$1877
  0C:0304    A$final$1878
  0C:0306    A$final$1879
  0C:0307    A$final$1880
  0C:0308    A$final$1881
  0C:030B    A$final$1882
  0C:030D    A$final$1884
  0C:0310    A$final$1888
  0C:0310    C$final.c$146$2$2
  0C:0312    A$final$1889
  0C:0314    A$final$1890
  0C:0316    A$final$1891
  0C:0318    A$final$1892
  0C:031A    A$final$1893
  0C:031C    A$final$1894
  0C:031E    A$final$1895
  0C:0320    A$final$1896
  0C:0323    A$final$1897
  0C:0325    A$final$1898
  0C:0327    A$final$1899
  0C:0329    A$final$1900
  0C:032B    A$final$1901
  0C:032D    A$final$1904
  0C:032D    C$final.c$147$2$2
  0C:0330    A$final$1905
  0C:0331    A$final$1906
  0C:0333    A$final$1907
  0C:0335    A$final$1908
  0C:0337    A$final$1909
  0C:0339    A$final$1910
  0C:033B    A$final$1911
  0C:033E    A$final$1912
  0C:0340    A$final$1913
  0C:0342    A$final$1914
  0C:0344    A$final$1915
  0C:0346    A$final$1916
  0C:0347    A$final$1917
  0C:0348    A$final$1918
  0C:034A    A$final$1919
  0C:034B    A$final$1920
  0C:034C    A$final$1921
  0C:034D    A$final$1922
  0C:034E    A$final$1923
  0C:0350    A$final$1924
  0C:0352    A$final$1925
  0C:0353    A$final$1926
  0C:0355    A$final$1927
  0C:0357    A$final$1928
  0C:0358    A$final$1929
  0C:0359    A$final$1930
  0C:035B    A$final$1931
  0C:035C    A$final$1932
  0C:035D    A$final$1933
  0C:035E    A$final$1934
  0C:0360    A$final$1935
  0C:0363    A$final$1936
  0C:0364    A$final$1937
  0C:0366    A$final$1938
  0C:0368    A$final$1939
  0C:036A    A$final$1940
  0C:036C    A$final$1941
  0C:036E    A$final$1942
  0C:0371    A$final$1943
  0C:0373    A$final$1944
  0C:0375    A$final$1945
  0C:0377    A$final$1946
  0C:0379    A$final$1947
  0C:037A    A$final$1948
  0C:037B    A$final$1949
  0C:037D    A$final$1950
  0C:037E    A$final$1951
  0C:037F    A$final$1952
  0C:0380    A$final$1953
  0C:0381    A$final$1954
  0C:0383    A$final$1955
  0C:0385    A$final$1956
  0C:0386    A$final$1957
  0C:0388    A$final$1958
  0C:038A    A$final$1959
  0C:038B    A$final$1960
  0C:038C    A$final$1961
  0C:038D    A$final$1962
  0C:038E    A$final$1963
  0C:038F    A$final$1964
  0C:0390    A$final$1965
  0C:0391    A$final$1966
  0C:0392    A$final$1967
  0C:0395    A$final$1968
  0C:0396    A$final$1970
  0C:0398    A$final$1971
  0C:039A    A$final$1972
  0C:039C    A$final$1973
  0C:039E    A$final$1974
  0C:03A0    A$final$1975
  0C:03A2    A$final$1976
  0C:03A4    A$final$1977
  0C:03A6    A$final$1978
  0C:03A8    A$final$1979
  0C:03AA    A$final$1980
  0C:03AC    A$final$1981
  0C:03AE    A$final$1982
  0C:03B0    A$final$1983
  0C:03B2    A$final$1984
  0C:03B5    A$final$1985
  0C:03B7    A$final$1986
  0C:03B9    A$final$1987
  0C:03BB    A$final$1988
  0C:03BD    A$final$1989
  0C:03BF    A$final$1990
  0C:03C1    A$final$1991
  0C:03C3    A$final$1994
  0C:03C3    C$final.c$148$2$2
  0C:03C4    A$final$1995
  0C:03C6    A$final$1996
  0C:03C8    A$final$1997
  0C:03C9    A$final$1998
  0C:03CB    A$final$1999
  0C:03CD    A$final$2000
  0C:03CE    A$final$2001
  0C:03CF    A$final$2002
  0C:03D0    A$final$2003
  0C:03D1    A$final$2004
  0C:03D2    A$final$2005
  0C:03D3    A$final$2006
  0C:03D4    A$final$2007
  0C:03D5    A$final$2008
  0C:03D7    A$final$2009
  0C:03D9    A$final$2010
  0C:03DA    A$final$2011
  0C:03DC    A$final$2012
  0C:03DE    A$final$2013
  0C:03DF    A$final$2014
  0C:03E0    A$final$2015
  0C:03E1    A$final$2016
  0C:03E2    A$final$2017
  0C:03E3    A$final$2018
  0C:03E4    A$final$2019
  0C:03E5    A$final$2020
  0C:03E7    A$final$2021
  0C:03E8    A$final$2022
  0C:03E9    A$final$2023
  0C:03EA    A$final$2024
  0C:03EB    A$final$2025
  0C:03EC    A$final$2026
  0C:03EE    A$final$2027
  0C:03F0    A$final$2028
  0C:03F2    A$final$2029
  0C:03F4    A$final$2030
  0C:03F6    A$final$2031
  0C:03F8    A$final$2032
  0C:03FA    A$final$2033
  0C:03FC    A$final$2034
  0C:03FE    A$final$2035
  0C:0400    A$final$2036
  0C:0403    A$final$2037
  0C:0405    A$final$2038
  0C:0407    A$final$2039
  0C:0409    A$final$2040
  0C:040A    A$final$2044
  0C:040A    C$final.c$150$1$1
  0C:040B    A$final$2045
  0C:040D    A$final$2046
  0C:040E    A$final$2047
  0C:040F    A$final$2048
  0C:0411    A$final$2049
  0C:0412    A$final$2050
  0C:0414    A$final$2051
  0C:0416    A$final$2052
  0C:0417    A$final$2053
  0C:0419    A$final$2054
  0C:041C    A$final$2058
  0C:041C    C$final.c$152$2$3
  0C:041E    A$final$2059
  0C:0420    A$final$2060
  0C:0422    A$final$2061
  0C:0424    A$final$2062
  0C:0426    A$final$2063
  0C:0428    A$final$2064
  0C:042A    A$final$2065
  0C:042C    A$final$2066
  0C:042F    A$final$2067
  0C:0431    A$final$2068
  0C:0433    A$final$2069
  0C:0435    A$final$2070
  0C:0437    A$final$2071
  0C:0439    A$final$2074
  0C:0439    C$final.c$153$2$3
  0C:043C    A$final$2075
  0C:043D    A$final$2076
  0C:043F    A$final$2077
  0C:0441    A$final$2078
  0C:0443    A$final$2079
  0C:0445    A$final$2080
  0C:0447    A$final$2081
  0C:044A    A$final$2082
  0C:044C    A$final$2083
  0C:044E    A$final$2084
  0C:0450    A$final$2085
  0C:0452    A$final$2086
  0C:0453    A$final$2087
  0C:0454    A$final$2088
  0C:0456    A$final$2089
  0C:0457    A$final$2090
  0C:0458    A$final$2091
  0C:0459    A$final$2092
  0C:045A    A$final$2093
  0C:045C    A$final$2094
  0C:045E    A$final$2095
  0C:045F    A$final$2096
  0C:0461    A$final$2097
  0C:0463    A$final$2098
  0C:0464    A$final$2099
  0C:0465    A$final$2100
  0C:0467    A$final$2101
  0C:0468    A$final$2102
  0C:0469    A$final$2103
  0C:046A    A$final$2104
  0C:046C    A$final$2105
  0C:046F    A$final$2106
  0C:0470    A$final$2107
  0C:0472    A$final$2108
  0C:0474    A$final$2109
  0C:0476    A$final$2110
  0C:0478    A$final$2111
  0C:047A    A$final$2112
  0C:047D    A$final$2113
  0C:047F    A$final$2114
  0C:0481    A$final$2115
  0C:0483    A$final$2116
  0C:0485    A$final$2117
  0C:0486    A$final$2118
  0C:0487    A$final$2119
  0C:0489    A$final$2120
  0C:048A    A$final$2121
  0C:048B    A$final$2122
  0C:048C    A$final$2123
  0C:048D    A$final$2124
  0C:048F    A$final$2125
  0C:0491    A$final$2126
  0C:0492    A$final$2127
  0C:0494    A$final$2128
  0C:0496    A$final$2129
  0C:0497    A$final$2130
  0C:0498    A$final$2131
  0C:0499    A$final$2132
  0C:049A    A$final$2133
  0C:049B    A$final$2134
  0C:049C    A$final$2135
  0C:049D    A$final$2136
  0C:049E    A$final$2137
  0C:04A1    A$final$2138
  0C:04A2    A$final$2140
  0C:04A4    A$final$2141
  0C:04A6    A$final$2142
  0C:04A8    A$final$2143
  0C:04AA    A$final$2144
  0C:04AC    A$final$2145
  0C:04AE    A$final$2146
  0C:04B0    A$final$2147
  0C:04B2    A$final$2148
  0C:04B4    A$final$2149
  0C:04B6    A$final$2150
  0C:04B8    A$final$2151
  0C:04BA    A$final$2152
  0C:04BC    A$final$2153
  0C:04BE    A$final$2154
  0C:04C1    A$final$2155
  0C:04C3    A$final$2156
  0C:04C5    A$final$2157
  0C:04C7    A$final$2158
  0C:04C9    A$final$2159
  0C:04CB    A$final$2160
  0C:04CD    A$final$2161
  0C:04CF    A$final$2164
  0C:04CF    C$final.c$154$2$3
  0C:04D0    A$final$2165
  0C:04D2    A$final$2166
  0C:04D4    A$final$2167
  0C:04D5    A$final$2168
  0C:04D7    A$final$2169
  0C:04D9    A$final$2170
  0C:04DA    A$final$2171
  0C:04DB    A$final$2172
  0C:04DC    A$final$2173
  0C:04DD    A$final$2174
  0C:04DE    A$final$2175
  0C:04DF    A$final$2176
  0C:04E0    A$final$2177
  0C:04E1    A$final$2178
  0C:04E3    A$final$2179
  0C:04E5    A$final$2180
  0C:04E6    A$final$2181
  0C:04E8    A$final$2182
  0C:04EA    A$final$2183
  0C:04EB    A$final$2184
  0C:04EC    A$final$2185
  0C:04ED    A$final$2186
  0C:04EE    A$final$2187
  0C:04EF    A$final$2188
  0C:04F0    A$final$2189
  0C:04F1    A$final$2190
  0C:04F3    A$final$2191
  0C:04F4    A$final$2192
  0C:04F5    A$final$2193
  0C:04F6    A$final$2194
  0C:04F7    A$final$2195
  0C:04F8    A$final$2196
  0C:04FA    A$final$2197
  0C:04FC    A$final$2198
  0C:04FE    A$final$2199
  0C:0500    A$final$2200
  0C:0502    A$final$2201
  0C:0504    A$final$2202
  0C:0506    A$final$2203
  0C:0508    A$final$2204
  0C:050A    A$final$2205
  0C:050C    A$final$2206
  0C:050F    A$final$2207
  0C:0511    A$final$2208
  0C:0513    A$final$2209
  0C:0515    A$final$2210
  0C:0516    A$final$2214
  0C:0518    A$final$2215
  0C:051A    A$final$2216
  0C:051D    A$final$2217
  0C:051E    A$final$2218
  0C:0520    A$final$2219
  0C:0522    A$final$2220
  0C:0524    A$final$2221
  0C:0526    A$final$2222
  0C:0528    A$final$2223
  0C:052A    A$final$2224
  0C:052C    A$final$2225
  0C:052F    A$final$2226
  0C:0531    A$final$2227
  0C:0533    A$final$2228
  0C:0535    A$final$2229
  0C:0537    A$final$2230
  0C:0539    A$final$2231
  0C:053B    A$final$2232
  0C:053C    A$final$2233
  0C:053D    A$final$2234
  0C:053F    A$final$2235
  0C:0540    A$final$2236
  0C:0541    A$final$2237
  0C:0542    A$final$2238
  0C:0545    A$final$2239
  0C:0546    A$final$2240
  0C:0548    A$final$2241
  0C:054A    A$final$2242
  0C:054C    A$final$2243
  0C:054E    A$final$2244
  0C:0550    A$final$2245
  0C:0552    A$final$2246
  0C:0554    A$final$2247
  0C:0556    A$final$2248
  0C:0558    A$final$2249
  0C:055B    A$final$2250
  0C:055D    A$final$2251
  0C:055F    A$final$2252
  0C:0561    A$final$2253
  0C:0563    A$final$2254
  0C:0565    A$final$2255
  0C:0567    A$final$2256
  0C:0569    A$final$2257
  0C:056B    A$final$2258
  0C:056D    A$final$2259
  0C:056E    A$final$2260
  0C:0570    A$final$2261
  0C:0572    A$final$2262
  0C:0574    A$final$2263
  0C:0575    A$final$2264
  0C:0577    A$final$2265
  0C:0578    A$final$2266
  0C:0579    A$final$2267
  0C:057B    A$final$2268
  0C:057C    A$final$2269
  0C:057D    A$final$2270
  0C:057E    A$final$2271
  0C:057F    A$final$2272
  0C:0580    A$final$2273
  0C:0582    A$final$2274
  0C:0583    A$final$2275
  0C:0584    A$final$2276
  0C:0585    A$final$2278
  0C:0586    A$final$2279
  0C:0587    A$final$2280
  0C:0589    A$final$2281
  0C:058A    A$final$2282
  0C:058C    A$final$2283
  0C:058E    A$final$2284
  0C:0590    A$final$2285
  0C:0591    A$final$2289
  0C:0591    C$final.c$160$1$1
  0C:0594    A$final$2290
  0C:0595    A$final$2291
  0C:0597    A$final$2292
  0C:0599    A$final$2293
  0C:059B    A$final$2294
  0C:059D    A$final$2295
  0C:059F    A$final$2296
  0C:05A1    A$final$2297
  0C:05A3    A$final$2298
  0C:05A5    A$final$2299
  0C:05A7    A$final$2300
  0C:05AA    A$final$2301
  0C:05AC    A$final$2302
  0C:05AF    A$final$2303
  0C:05B1    A$final$2304
  0C:05B3    A$final$2305
  0C:05B5    A$final$2306
  0C:05B7    A$final$2307
  0C:05B9    A$final$2308
  0C:05BB    A$final$2309
  0C:05BD    A$final$2310
  0C:05BF    A$final$2311
  0C:05C2    A$final$2315
  0C:05C2    C$final.c$161$1$1
  0C:05C4    A$final$2316
  0C:05C6    A$final$2317
  0C:05C7    A$final$2318
  0C:05C9    A$final$2319
  0C:05CB    A$final$2320
  0C:05CC    A$final$2321
  0C:05CE    A$final$2322
  0C:05D0    A$final$2323
  0C:05D1    A$final$2324
  0C:05D2    A$final$2325
  0C:05D3    A$final$2326
  0C:05D4    A$final$2327
  0C:05D5    A$final$2328
  0C:05D6    A$final$2329
  0C:05D7    A$final$2330
  0C:05D9    A$final$2331
  0C:05DB    A$final$2332
  0C:05DD    A$final$2333
  0C:05DF    A$final$2334
  0C:05E1    A$final$2335
  0C:05E3    A$final$2336
  0C:05E4    A$final$2337
  0C:05E5    A$final$2338
  0C:05E7    A$final$2339
  0C:05E8    A$final$2340
  0C:05E9    A$final$2341
  0C:05EA    A$final$2342
  0C:05EC    A$final$2343
  0C:05EF    A$final$2344
  0C:05F0    A$final$2345
  0C:05F2    A$final$2346
  0C:05F4    A$final$2347
  0C:05F6    A$final$2348
  0C:05F8    A$final$2349
  0C:05FA    A$final$2350
  0C:05FC    A$final$2351
  0C:05FE    A$final$2352
  0C:0600    A$final$2353
  0C:0602    A$final$2354
  0C:0605    A$final$2355
  0C:0607    A$final$2356
  0C:0609    A$final$2357
  0C:060B    A$final$2358
  0C:060D    A$final$2359
  0C:060F    A$final$2360
  0C:0611    A$final$2361
  0C:0613    A$final$2362
  0C:0615    A$final$2363
  0C:0616    A$final$2364
  0C:0618    A$final$2365
  0C:0619    A$final$2366
  0C:061A    A$final$2367
  0C:061C    A$final$2368
  0C:061D    A$final$2369
  0C:061F    A$final$2370
  0C:0621    A$final$2371
  0C:0623    A$final$2372
  0C:0625    A$final$2373
  0C:0627    A$final$2374
  0C:0629    A$final$2375
  0C:062B    A$final$2376
  0C:062D    A$final$2377
  0C:062F    A$final$2378
  0C:0631    A$final$2379
  0C:0633    A$final$2380
  0C:0635    A$final$2381
  0C:0637    A$final$2382
  0C:0639    A$final$2383
  0C:063B    A$final$2384
  0C:063D    A$final$2385
  0C:0640    A$final$2386
  0C:0642    A$final$2387
  0C:0644    A$final$2388
  0C:0646    A$final$2389
  0C:0648    A$final$2390
  0C:064A    A$final$2391
  0C:064C    A$final$2392
  0C:064E    A$final$2393
  0C:0650    A$final$2394
  0C:0652    A$final$2397
  0C:0652    C$final.c$158$1$1
  0C:0654    A$final$2398
  0C:0656    A$final$2404
  0C:0656    C$final.c$161$3$5
  0C:0656    C$final.c$163$3$5
  0C:0657    A$final$2405
  0C:0659    A$final$2406
  0C:065A    A$final$2407
  0C:065B    A$final$2408
  0C:065D    A$final$2409
  0C:065E    A$final$2410
  0C:065F    A$final$2411
  0C:0660    A$final$2412
  0C:0662    A$final$2413
  0C:0663    A$final$2414
  0C:0664    A$final$2415
  0C:0666    A$final$2416
  0C:0667    A$final$2417
  0C:0668    A$final$2418
  0C:0669    A$final$2419
  0C:066B    A$final$2420
  0C:066C    A$final$2421
  0C:066E    A$final$2422
  0C:0670    A$final$2423
  0C:0672    A$final$2424
  0C:0674    A$final$2425
  0C:0676    A$final$2426
  0C:0678    A$final$2427
  0C:067A    A$final$2428
  0C:067C    A$final$2429
  0C:067E    A$final$2430
  0C:0680    A$final$2431
  0C:0682    A$final$2432
  0C:0684    A$final$2433
  0C:0686    A$final$2434
  0C:0688    A$final$2435
  0C:068B    A$final$2436
  0C:068D    A$final$2437
  0C:068F    A$final$2438
  0C:0691    A$final$2439
  0C:0693    A$final$2440
  0C:0695    A$final$2441
  0C:0697    A$final$2442
  0C:0699    A$final$2445
  0C:0699    C$final.c$164$1$1
  0C:069C    A$final$2446
  0C:069D    A$final$2447
  0C:069F    A$final$2448
  0C:06A1    A$final$2449
  0C:06A3    A$final$2450
  0C:06A5    A$final$2451
  0C:06A7    A$final$2452
  0C:06A9    A$final$2453
  0C:06AB    A$final$2454
  0C:06AE    A$final$2455
  0C:06B0    A$final$2456
  0C:06B2    A$final$2457
  0C:06B4    A$final$2458
  0C:06B6    A$final$2459
  0C:06B8    A$final$2460
  0C:06BA    A$final$2461
  0C:06BC    A$final$2462
  0C:06BE    A$final$2463
  0C:06C1    A$final$2464
  0C:06C4    A$final$2465
  0C:06C6    A$final$2469
  0C:06C6    C$final.c$165$3$5
  0C:06C8    A$final$2470
  0C:06CA    A$final$2471
  0C:06CC    A$final$2472
  0C:06CE    A$final$2473
  0C:06D0    A$final$2474
  0C:06D2    A$final$2475
  0C:06D4    A$final$2476
  0C:06D6    A$final$2477
  0C:06D8    A$final$2478
  0C:06DA    A$final$2479
  0C:06DC    A$final$2480
  0C:06DE    A$final$2481
  0C:06E1    A$final$2482
  0C:06E3    A$final$2483
  0C:06E5    A$final$2484
  0C:06E7    A$final$2485
  0C:06E9    A$final$2486
  0C:06EB    A$final$2487
  0C:06ED    A$final$2488
  0C:06EF    A$final$2489
  0C:06F1    A$final$2490
  0C:06F3    A$final$2494
  0C:06F3    C$final.c$158$2$4
  0C:06F4    A$final$2495
  0C:06F7    A$final$2496
  0C:06F8    A$final$2500
  0C:06F8    C$final.c$168$1$1
  0C:06F8    XG$printSubBoard$0$0
  0C:06FB    A$final$2514
  0C:06FB    C$final.c$170$1$1
  0C:06FB    G$checkBoardWin$0$0
  0C:06FB    _checkBoardWin
  0C:06FE    A$final$2515
  0C:0701    A$final$2516
  0C:0704    A$final$2519
  0C:0706    A$final$2520
  0C:0708    A$final$2521
  0C:070A    A$final$2522
  0C:070C    A$final$2524
  0C:070D    A$final$2525
  0C:070E    A$final$2526
  0C:0710    A$final$2527
  0C:0711    A$final$2528
  0C:0713    A$final$2529
  0C:0715    A$final$2530
  0C:0717    A$final$2531
  0C:071A    A$final$2535
  0C:071A    C$final.c$176$2$2
  0C:071B    A$final$2536
  0C:071D    A$final$2537
  0C:071E    A$final$2538
  0C:071F    A$final$2539
  0C:0721    A$final$2540
  0C:0722    A$final$2541
  0C:0724    A$final$2542
  0C:0726    A$final$2543
  0C:0728    A$final$2544
  0C:072A    A$final$2545
  0C:072D    A$final$2546
  0C:072E    A$final$2547
  0C:0730    A$final$2548
  0C:0731    A$final$2549
  0C:0732    A$final$2550
  0C:0733    A$final$2551
  0C:0734    A$final$2552
  0C:0735    A$final$2553
  0C:0736    A$final$2554
  0C:0738    A$final$2555
  0C:0739    A$final$2556
  0C:073A    A$final$2557
  0C:073C    A$final$2558
  0C:073D    A$final$2559
  0C:073F    A$final$2560
  0C:0741    A$final$2561
  0C:0743    A$final$2562
  0C:0745    A$final$2563
  0C:0748    A$final$2564
  0C:0749    A$final$2565
  0C:074A    A$final$2566
  0C:074D    A$final$2567
  0C:074E    A$final$2568
  0C:0750    A$final$2569
  0C:0751    A$final$2570
  0C:0752    A$final$2571
  0C:0754    A$final$2572
  0C:0755    A$final$2573
  0C:0757    A$final$2574
  0C:0759    A$final$2575
  0C:075B    A$final$2576
  0C:075D    A$final$2577
  0C:0760    A$final$2578
  0C:0761    A$final$2579
  0C:0763    A$final$2580
  0C:0764    A$final$2581
  0C:0765    A$final$2582
  0C:0766    A$final$2583
  0C:0767    A$final$2584
  0C:0768    A$final$2585
  0C:0769    A$final$2586
  0C:076B    A$final$2587
  0C:076C    A$final$2588
  0C:076D    A$final$2589
  0C:076F    A$final$2590
  0C:0770    A$final$2591
  0C:0772    A$final$2592
  0C:0774    A$final$2593
  0C:0776    A$final$2594
  0C:0778    A$final$2595
  0C:077B    A$final$2596
  0C:077C    A$final$2597
  0C:077D    A$final$2598
  0C:0780    A$final$2599
  0C:0781    A$final$2600
  0C:0783    A$final$2601
  0C:0784    A$final$2602
  0C:0785    A$final$2603
  0C:0787    A$final$2604
  0C:0788    A$final$2605
  0C:078A    A$final$2606
  0C:078C    A$final$2607
  0C:078E    A$final$2608
  0C:0790    A$final$2609
  0C:0793    A$final$2610
  0C:0794    A$final$2611
  0C:0797    A$final$2612
  0C:0799    A$final$2616
  0C:0799    C$final.c$177$2$2
  0C:079A    A$final$2617
  0C:079B    A$final$2621
  0C:079B    C$final.c$174$1$1
  0C:079C    A$final$2622
  0C:079F    A$final$2623
  0C:07A0    A$final$2625
  0C:07A3    A$final$2629
  0C:07A5    A$final$2630
  0C:07A7    A$final$2631
  0C:07A9    A$final$2632
  0C:07AB    A$final$2634
  0C:07AC    A$final$2635
  0C:07AD    A$final$2636
  0C:07AF    A$final$2637
  0C:07B0    A$final$2638
  0C:07B2    A$final$2639
  0C:07B4    A$final$2640
  0C:07B6    A$final$2641
  0C:07B9    A$final$2645
  0C:07B9    C$final.c$182$2$3
  0C:07BA    A$final$2646
  0C:07BC    A$final$2647
  0C:07BD    A$final$2648
  0C:07BE    A$final$2649
  0C:07C0    A$final$2650
  0C:07C1    A$final$2651
  0C:07C3    A$final$2652
  0C:07C5    A$final$2653
  0C:07C7    A$final$2654
  0C:07C9    A$final$2655
  0C:07CC    A$final$2656
  0C:07CD    A$final$2657
  0C:07CF    A$final$2658
  0C:07D0    A$final$2659
  0C:07D1    A$final$2660
  0C:07D2    A$final$2661
  0C:07D3    A$final$2662
  0C:07D4    A$final$2663
  0C:07D5    A$final$2664
  0C:07D7    A$final$2665
  0C:07D8    A$final$2666
  0C:07D9    A$final$2667
  0C:07DB    A$final$2668
  0C:07DC    A$final$2669
  0C:07DE    A$final$2670
  0C:07E0    A$final$2671
  0C:07E2    A$final$2672
  0C:07E4    A$final$2673
  0C:07E7    A$final$2674
  0C:07E8    A$final$2675
  0C:07E9    A$final$2676
  0C:07EC    A$final$2677
  0C:07ED    A$final$2678
  0C:07EF    A$final$2679
  0C:07F0    A$final$2680
  0C:07F1    A$final$2681
  0C:07F3    A$final$2682
  0C:07F4    A$final$2683
  0C:07F6    A$final$2684
  0C:07F8    A$final$2685
  0C:07FA    A$final$2686
  0C:07FC    A$final$2687
  0C:07FF    A$final$2688
  0C:0800    A$final$2689
  0C:0802    A$final$2690
  0C:0803    A$final$2691
  0C:0804    A$final$2692
  0C:0805    A$final$2693
  0C:0806    A$final$2694
  0C:0807    A$final$2695
  0C:0808    A$final$2696
  0C:080A    A$final$2697
  0C:080B    A$final$2698
  0C:080C    A$final$2699
  0C:080E    A$final$2700
  0C:080F    A$final$2701
  0C:0811    A$final$2702
  0C:0813    A$final$2703
  0C:0815    A$final$2704
  0C:0817    A$final$2705
  0C:081A    A$final$2706
  0C:081B    A$final$2707
  0C:081C    A$final$2708
  0C:081F    A$final$2709
  0C:0820    A$final$2710
  0C:0822    A$final$2711
  0C:0823    A$final$2712
  0C:0824    A$final$2713
  0C:0826    A$final$2714
  0C:0827    A$final$2715
  0C:0829    A$final$2716
  0C:082B    A$final$2717
  0C:082D    A$final$2718
  0C:082F    A$final$2719
  0C:0832    A$final$2720
  0C:0833    A$final$2721
  0C:0836    A$final$2722
  0C:0838    A$final$2726
  0C:0838    C$final.c$183$2$3
  0C:0839    A$final$2727
  0C:083A    A$final$2731
  0C:083A    C$final.c$180$1$1
  0C:083C    A$final$2732
  0C:083D    A$final$2733
  0C:083E    A$final$2734
  0C:083F    A$final$2735
  0C:0840    A$final$2736
  0C:0841    A$final$2737
  0C:0844    A$final$2741
  0C:0844    C$final.c$186$1$1
  0C:0847    A$final$2742
  0C:084A    A$final$2743
  0C:084D    A$final$2744
  0C:0850    A$final$2745
  0C:0851    A$final$2746
  0C:0853    A$final$2747
  0C:0855    A$final$2748
  0C:0856    A$final$2749
  0C:0857    A$final$2750
  0C:0859    A$final$2751
  0C:085A    A$final$2752
  0C:085C    A$final$2753
  0C:085E    A$final$2754
  0C:0860    A$final$2755
  0C:0862    A$final$2756
  0C:0865    A$final$2757
  0C:0866    A$final$2758
  0C:0867    A$final$2759
  0C:086A    A$final$2760
  0C:086D    A$final$2761
  0C:0870    A$final$2762
  0C:0873    A$final$2763
  0C:0876    A$final$2764
  0C:0877    A$final$2765
  0C:0879    A$final$2766
  0C:087B    A$final$2767
  0C:087C    A$final$2768
  0C:087D    A$final$2769
  0C:087F    A$final$2770
  0C:0880    A$final$2771
  0C:0882    A$final$2772
  0C:0884    A$final$2773
  0C:0886    A$final$2774
  0C:0888    A$final$2775
  0C:088B    A$final$2776
  0C:088C    A$final$2777
  0C:088D    A$final$2778
  0C:0890    A$final$2779
  0C:0893    A$final$2780
  0C:0896    A$final$2781
  0C:0899    A$final$2782
  0C:089C    A$final$2783
  0C:089D    A$final$2784
  0C:08A0    A$final$2785
  0C:08A2    A$final$2789
  0C:08A2    C$final.c$187$1$1
  0C:08A3    A$final$2790
  0C:08A4    A$final$2794
  0C:08A4    C$final.c$189$1$1
  0C:08A6    A$final$2795
  0C:08A8    A$final$2796
  0C:08A9    A$final$2797
  0C:08AA    A$final$2798
  0C:08AC    A$final$2799
  0C:08AD    A$final$2800
  0C:08AF    A$final$2801
  0C:08B1    A$final$2802
  0C:08B3    A$final$2803
  0C:08B5    A$final$2804
  0C:08B8    A$final$2805
  0C:08B9    A$final$2806
  0C:08BB    A$final$2807
  0C:08BD    A$final$2808
  0C:08BE    A$final$2809
  0C:08BF    A$final$2810
  0C:08C1    A$final$2811
  0C:08C2    A$final$2812
  0C:08C4    A$final$2813
  0C:08C6    A$final$2814
  0C:08C8    A$final$2815
  0C:08CA    A$final$2816
  0C:08CD    A$final$2817
  0C:08CE    A$final$2818
  0C:08CF    A$final$2819
  0C:08D2    A$final$2820
  0C:08D4    A$final$2821
  0C:08D6    A$final$2822
  0C:08D7    A$final$2823
  0C:08D8    A$final$2824
  0C:08DA    A$final$2825
  0C:08DB    A$final$2826
  0C:08DD    A$final$2827
  0C:08DF    A$final$2828
  0C:08E1    A$final$2829
  0C:08E3    A$final$2830
  0C:08E6    A$final$2831
  0C:08E7    A$final$2832
  0C:08E9    A$final$2833
  0C:08EB    A$final$2834
  0C:08EC    A$final$2835
  0C:08ED    A$final$2836
  0C:08EF    A$final$2837
  0C:08F0    A$final$2838
  0C:08F2    A$final$2839
  0C:08F4    A$final$2840
  0C:08F6    A$final$2841
  0C:08F8    A$final$2842
  0C:08FB    A$final$2843
  0C:08FC    A$final$2844
  0C:08FD    A$final$2845
  0C:0900    A$final$2846
  0C:0902    A$final$2847
  0C:0904    A$final$2848
  0C:0905    A$final$2849
  0C:0906    A$final$2850
  0C:0908    A$final$2851
  0C:0909    A$final$2852
  0C:090B    A$final$2853
  0C:090D    A$final$2854
  0C:090F    A$final$2855
  0C:0911    A$final$2856
  0C:0914    A$final$2857
  0C:0915    A$final$2858
  0C:0918    A$final$2859
  0C:091A    A$final$2863
  0C:091A    C$final.c$190$1$1
  0C:091B    A$final$2864
  0C:091C    A$final$2868
  0C:091C    C$final.c$192$1$1
  0C:091D    A$final$2871
  0C:091D    C$final.c$193$1$1
  0C:091D    XG$checkBoardWin$0$0
  0C:091E    A$final$2885
  0C:091E    C$final.c$195$1$1
  0C:091E    C$final.c$197$1$1
  0C:091E    G$gameWon$0$0
  0C:091E    _gameWon
  0C:0921    A$final$2886
  0C:0924    A$final$2887
  0C:0927    A$final$2888
  0C:0929    A$final$2891
  0C:0929    C$final.c$199$2$2
  0C:092B    A$final$2892
  0C:092D    A$final$2893
  0C:092F    A$final$2894
  0C:0931    A$final$2895
  0C:0933    A$final$2896
  0C:0935    A$final$2897
  0C:0938    A$final$2898
  0C:093A    A$final$2899
  0C:093C    A$final$2900
  0C:093E    A$final$2903
  0C:093E    C$final.c$200$2$2
  0C:0941    A$final$2906
  0C:0941    C$final.c$201$2$2
  0C:0943    A$final$2907
  0C:0945    A$final$2908
  0C:0947    A$final$2909
  0C:0949    A$final$2910
  0C:094B    A$final$2911
  0C:094D    A$final$2912
  0C:0950    A$final$2913
  0C:0952    A$final$2914
  0C:0954    A$final$2915
  0C:0956    A$final$2916
  0C:0958    A$final$2920
  0C:0958    C$final.c$203$2$2
  0C:095A    A$final$2921
  0C:095C    A$final$2922
  0C:095E    A$final$2923
  0C:0960    A$final$2924
  0C:0962    A$final$2925
  0C:0964    A$final$2926
  0C:0967    A$final$2927
  0C:0969    A$final$2928
  0C:096B    A$final$2929
  0C:096D    A$final$2933
  0C:096D    C$final.c$205$2$2
  0C:096E    A$final$2934
  0C:096F    A$final$2938
  0C:096F    C$final.c$208$1$1
  0C:0970    A$final$2941
  0C:0970    C$final.c$209$1$1
  0C:0970    XG$gameWon$0$0
  0C:0971    A$final$2956
  0C:0971    C$final.c$211$1$1
  0C:0971    C$final.c$215$1$1
  0C:0971    G$getMove$0$0
  0C:0971    _getMove
  0C:0974    A$final$2959
  0C:0974    C$final.c$217$2$2
  0C:0976    A$final$2960
  0C:0978    A$final$2961
  0C:097A    A$final$2962
  0C:097C    A$final$2963
  0C:097E    A$final$2964
  0C:0980    A$final$2965
  0C:0983    A$final$2966
  0C:0985    A$final$2967
  0C:0987    A$final$2968
  0C:0989    A$final$2971
  0C:0989    C$final.c$218$2$2
  0C:098B    A$final$2972
  0C:098D    A$final$2973
  0C:098F    A$final$2974
  0C:0991    A$final$2975
  0C:0993    A$final$2976
  0C:0995    A$final$2977
  0C:0998    A$final$2978
  0C:099A    A$final$2979
  0C:099C    A$final$2980
  0C:099E    A$final$2983
  0C:099E    C$final.c$220$2$2
  0C:09A1    A$final$2987
  0C:09A1    C$final.c$222$2$2
  0C:09A3    A$final$2988
  0C:09A6    A$final$2989
  0C:09A7    A$final$2990
  0C:09A9    A$final$2991
  0C:09AC    A$final$2992
  0C:09AF    A$final$2993
  0C:09B1    A$final$2994
  0C:09B3    A$final$2995
  0C:09B5    A$final$2996
  0C:09B7    A$final$2997
  0C:09B9    A$final$2998
  0C:09BA    A$final$2999
  0C:09BC    A$final$3000
  0C:09BE    A$final$3001
  0C:09BF    A$final$3002
  0C:09C0    A$final$3003
  0C:09C3    A$final$3004
  0C:09C5    A$final$3009
  0C:09C5    C$final.c$224$3$3
  0C:09C8    A$final$3012
  0C:09C8    C$final.c$225$3$3
  0C:09CA    A$final$3013
  0C:09CB    A$final$3014
  0C:09CD    A$final$3015
  0C:09CF    A$final$3016
  0C:09D1    A$final$3020
  0C:09D1    C$final.c$229$1$1
  0C:09D3    A$final$3021
  0C:09D5    A$final$3022
  0C:09D7    A$final$3023
  0C:09D9    A$final$3024
  0C:09DB    A$final$3025
  0C:09DD    A$final$3026
  0C:09E0    A$final$3027
  0C:09E2    A$final$3028
  0C:09E4    A$final$3029
  0C:09E6    A$final$3032
  0C:09E6    C$final.c$230$1$1
  0C:09E8    A$final$3033
  0C:09EA    A$final$3034
  0C:09EC    A$final$3035
  0C:09EE    A$final$3036
  0C:09F0    A$final$3037
  0C:09F2    A$final$3038
  0C:09F5    A$final$3039
  0C:09F7    A$final$3040
  0C:09F9    A$final$3041
  0C:09FB    A$final$3044
  0C:09FB    C$final.c$232$1$1
  0C:09FE    A$final$3045
  0C:0A00    A$final$3046
  0C:0A02    A$final$3047
  0C:0A05    A$final$3048
  0C:0A07    A$final$3049
  0C:0A08    A$final$3050
  0C:0A09    A$final$3052
  0C:0A0A    A$final$3053
  0C:0A0C    A$final$3054
  0C:0A0F    A$final$3055
  0C:0A10    A$final$3056
  0C:0A11    A$final$3058
  0C:0A13    A$final$3059
  0C:0A14    A$final$3060
  0C:0A17    A$final$3061
  0C:0A18    A$final$3062
  0C:0A19    A$final$3063
  0C:0A1A    A$final$3064
  0C:0A1B    A$final$3065
  0C:0A1C    A$final$3066
  0C:0A1E    A$final$3067
  0C:0A21    A$final$3068
  0C:0A23    A$final$3069
  0C:0A26    A$final$3070
  0C:0A28    A$final$3071
  0C:0A29    A$final$3072
  0C:0A2A    A$final$3074
  0C:0A2B    A$final$3075
  0C:0A2E    A$final$3076
  0C:0A2F    A$final$3077
  0C:0A30    A$final$3079
  0C:0A32    A$final$3080
  0C:0A33    A$final$3081
  0C:0A36    A$final$3082
  0C:0A37    A$final$3083
  0C:0A38    A$final$3084
  0C:0A39    A$final$3085
  0C:0A3A    A$final$3086
  0C:0A3B    A$final$3087
  0C:0A3D    A$final$3088
  0C:0A3F    A$final$3089
  0C:0A41    A$final$3090
  0C:0A43    A$final$3091
  0C:0A45    A$final$3092
  0C:0A47    A$final$3093
  0C:0A49    A$final$3094
  0C:0A4B    A$final$3095
  0C:0A4D    A$final$3096
  0C:0A4F    A$final$3097
  0C:0A52    A$final$3098
  0C:0A54    A$final$3099
  0C:0A56    A$final$3100
  0C:0A58    A$final$3103
  0C:0A58    C$final.c$234$1$1
  0C:0A5A    A$final$3107
  0C:0A5A    C$final.c$236$1$1
  0C:0A5B    A$final$3108
  0C:0A5E    A$final$3109
  0C:0A5F    A$final$3110
  0C:0A61    A$final$3111
  0C:0A63    A$final$3112
  0C:0A66    A$final$3113
  0C:0A68    A$final$3114
  0C:0A6A    A$final$3115
  0C:0A6C    A$final$3116
  0C:0A6D    A$final$3117
  0C:0A6F    A$final$3118
  0C:0A71    A$final$3119
  0C:0A72    A$final$3120
  0C:0A73    A$final$3121
  0C:0A75    A$final$3122
  0C:0A76    A$final$3123
  0C:0A77    A$final$3124
  0C:0A78    A$final$3125
  0C:0A7A    A$final$3126
  0C:0A7B    A$final$3127
  0C:0A7C    A$final$3128
  0C:0A7E    A$final$3129
  0C:0A7F    A$final$3130
  0C:0A80    A$final$3131
  0C:0A83    A$final$3132
  0C:0A85    A$final$3137
  0C:0A85    C$final.c$238$2$4
  0C:0A88    A$final$3140
  0C:0A88    C$final.c$239$2$4
  0C:0A8A    A$final$3141
  0C:0A8C    A$final$3142
  0C:0A8D    A$final$3143
  0C:0A8F    A$final$3147
  0C:0A8F    C$final.c$242$1$1
  0C:0A92    A$final$3150
  0C:0A92    C$final.c$243$1$1
  0C:0A94    A$final$3151
  0C:0A95    A$final$3152
  0C:0A96    A$final$3153
  0C:0A98    A$final$3154
  0C:0A99    A$final$3155
  0C:0A9B    A$final$3156
  0C:0A9C    A$final$3157
  0C:0A9D    A$final$3158
  0C:0A9E    A$final$3159
  0C:0A9F    A$final$3160
  0C:0AA0    A$final$3161
  0C:0AA2    A$final$3162
  0C:0AA3    A$final$3163
  0C:0AA4    A$final$3164
  0C:0AA5    A$final$3165
  0C:0AA6    A$final$3166
  0C:0AA8    A$final$3167
  0C:0AA9    A$final$3168
  0C:0AAA    A$final$3169
  0C:0AAC    A$final$3170
  0C:0AAD    A$final$3171
  0C:0AAE    A$final$3172
  0C:0AAF    A$final$3173
  0C:0AB0    A$final$3174
  0C:0AB2    A$final$3175
  0C:0AB3    A$final$3176
  0C:0AB4    A$final$3177
  0C:0AB5    A$final$3178
  0C:0AB7    A$final$3179
  0C:0AB8    A$final$3180
  0C:0AB9    A$final$3181
  0C:0ABB    A$final$3182
  0C:0ABD    A$final$3183
  0C:0ABE    A$final$3184
  0C:0AC0    A$final$3188
  0C:0AC0    C$final.c$245$1$1
  0C:0AC2    A$final$3189
  0C:0AC3    A$final$3190
  0C:0AC4    A$final$3191
  0C:0AC6    A$final$3192
  0C:0AC7    A$final$3193
  0C:0AC9    A$final$3194
  0C:0ACA    A$final$3195
  0C:0ACB    A$final$3196
  0C:0ACC    A$final$3197
  0C:0ACD    A$final$3198
  0C:0ACE    A$final$3199
  0C:0AD0    A$final$3200
  0C:0AD1    A$final$3201
  0C:0AD2    A$final$3202
  0C:0AD3    A$final$3203
  0C:0AD4    A$final$3204
  0C:0AD6    A$final$3205
  0C:0AD7    A$final$3206
  0C:0AD8    A$final$3207
  0C:0ADA    A$final$3208
  0C:0ADB    A$final$3209
  0C:0ADC    A$final$3210
  0C:0ADD    A$final$3211
  0C:0ADE    A$final$3212
  0C:0AE0    A$final$3213
  0C:0AE1    A$final$3214
  0C:0AE2    A$final$3215
  0C:0AE3    A$final$3216
  0C:0AE5    A$final$3217
  0C:0AE6    A$final$3218
  0C:0AE7    A$final$3219
  0C:0AE9    A$final$3220
  0C:0AEB    A$final$3221
  0C:0AEC    A$final$3225
  0C:0AEC    C$final.c$247$1$1
  0C:0AEE    A$final$3226
  0C:0AEF    A$final$3227
  0C:0AF0    A$final$3228
  0C:0AF2    A$final$3229
  0C:0AF3    A$final$3230
  0C:0AF5    A$final$3231
  0C:0AF6    A$final$3232
  0C:0AF7    A$final$3233
  0C:0AF8    A$final$3234
  0C:0AF9    A$final$3235
  0C:0AFA    A$final$3236
  0C:0AFC    A$final$3237
  0C:0AFD    A$final$3238
  0C:0AFE    A$final$3239
  0C:0AFF    A$final$3240
  0C:0B00    A$final$3241
  0C:0B02    A$final$3242
  0C:0B03    A$final$3243
  0C:0B04    A$final$3244
  0C:0B06    A$final$3245
  0C:0B07    A$final$3246
  0C:0B09    A$final$3247
  0C:0B0B    A$final$3248
  0C:0B0D    A$final$3249
  0C:0B0F    A$final$3250
  0C:0B11    A$final$3251
  0C:0B14    A$final$3252
  0C:0B16    A$final$3253
  0C:0B18    A$final$3256
  0C:0B18    C$final.c$248$1$1
  0C:0B1A    A$final$3257
  0C:0B1C    A$final$3258
  0C:0B1E    A$final$3259
  0C:0B1F    A$final$3260
  0C:0B21    A$final$3261
  0C:0B23    A$final$3262
  0C:0B25    A$final$3263
  0C:0B26    A$final$3264
  0C:0B27    A$final$3265
  0C:0B28    A$final$3266
  0C:0B29    A$final$3270
  0C:0B29    C$final.c$250$1$1
  0C:0B2B    A$final$3275
  0C:0B2B    C$final.c$252$1$1
  0C:0B2B    C$final.c$253$1$1
  0C:0B2E    A$final$3276
  0C:0B30    A$final$3278
  0C:0B31    A$final$3282
  0C:0B31    C$final.c$255$1$1
  0C:0B33    A$final$3285
  0C:0B33    C$final.c$256$1$1
  0C:0B33    XG$getMove$0$0
  0C:0B34    A$final$3301
  0C:0B34    C$final.c$264$1$1
  0C:0B34    C$final.c$269$1$1
  0C:0B34    G$SYSCLK_INIT$0$0
  0C:0B34    _SYSCLK_INIT
  0C:0B36    A$final$3304
  0C:0B36    C$final.c$270$1$1
  0C:0B39    A$final$3307
  0C:0B39    C$final.c$272$1$1
  0C:0B3C    A$final$3310
  0C:0B3C    C$final.c$273$1$1
  0C:0B3E    A$final$3311
  0C:0B40    A$final$3313
  0C:0B41    A$final$3314
  0C:0B44    A$final$3315
  0C:0B45    A$final$3317
  0C:0B46    A$final$3318
  0C:0B47    A$final$3319
  0C:0B49    A$final$3323
  0C:0B49    C$final.c$274$1$1
  0C:0B4B    A$final$3324
  0C:0B4E    A$final$3327
  0C:0B4E    C$final.c$275$1$1
  0C:0B51    A$final$3330
  0C:0B51    C$final.c$276$1$1
  0C:0B54    A$final$3333
  0C:0B54    C$final.c$278$1$1
  0C:0B56    A$final$3336
  0C:0B56    C$final.c$279$1$1
  0C:0B56    XG$SYSCLK_INIT$0$0
  0C:0B57    A$final$3351
  0C:0B57    C$final.c$287$1$1
  0C:0B57    C$final.c$291$1$1
  0C:0B57    G$PORT_INIT$0$0
  0C:0B57    _PORT_INIT
  0C:0B59    A$final$3354
  0C:0B59    C$final.c$292$1$1
  0C:0B5C    A$final$3357
  0C:0B5C    C$final.c$294$1$1
  0C:0B5F    A$final$3360
  0C:0B5F    C$final.c$295$1$1
  0C:0B62    A$final$3363
  0C:0B62    C$final.c$296$1$1
  0C:0B65    A$final$3366
  0C:0B65    C$final.c$297$1$1
  0C:0B68    A$final$3369
  0C:0B68    C$final.c$298$1$1
  0C:0B6B    A$final$3372
  0C:0B6B    C$final.c$300$1$1
  0C:0B6D    A$final$3375
  0C:0B6D    C$final.c$301$1$1
  0C:0B6D    XG$PORT_INIT$0$0
  0C:0B6E    A$final$3390
  0C:0B6E    C$final.c$309$1$1
  0C:0B6E    C$final.c$313$1$1
  0C:0B6E    G$UART0_INIT$0$0
  0C:0B6E    _UART0_INIT
  0C:0B70    A$final$3393
  0C:0B70    C$final.c$314$1$1
  0C:0B73    A$final$3396
  0C:0B73    C$final.c$316$1$1
  0C:0B76    A$final$3399
  0C:0B76    C$final.c$317$1$1
  0C:0B79    A$final$3402
  0C:0B79    C$final.c$318$1$1
  0C:0B7C    A$final$3405
  0C:0B7C    C$final.c$319$1$1
  0C:0B7F    A$final$3408
  0C:0B7F    C$final.c$321$1$1
  0C:0B82    A$final$3411
  0C:0B82    C$final.c$322$1$1
  0C:0B84    A$final$3414
  0C:0B84    C$final.c$324$1$1
  0C:0B87    A$final$3417
  0C:0B87    C$final.c$325$1$1
  0C:0B8A    A$final$3420
  0C:0B8A    C$final.c$326$1$1
  0C:0B8D    A$final$3423
  0C:0B8D    C$final.c$329$1$1
  0C:0B8F    A$final$3426
  0C:0B8F    C$final.c$331$1$1
  0C:0B91    A$final$3429
  0C:0B91    C$final.c$332$1$1
  0C:0B91    XG$UART0_INIT$0$0
  0C:0B92    __moduint
  0C:0BDF    __divuint
  0C:0C13    _vprintf
  0C:0C2C    _printf
  0C:0CEC    __print_format
  0C:11DA    _strlen
  0C:11F2    __gptrget
  0C:120E    __modsint
  0C:1244    __divsint
  0C:127C    __sdcc_external_startup

Hexadecimal

Area                               Addr   Size   Decimal Bytes (Attributes)
--------------------------------   ----   ----   ------- ----- ------------
CONST                              1280   01C8 =    456. bytes (REL,CON,CODE)

      Value  Global
   --------  --------------------------------
  0C:1280    Ffinal$startRow$0$0
  0C:1286    Ffinal$startCol$0$0
  0C:128C    Ffinal$_str_0$0$0
  0C:1291    Ffinal$_str_1$0$0
  0C:12DB    Ffinal$_str_2$0$0
  0C:12E3    Ffinal$_str_3$0$0
  0C:12FF    Ffinal$_str_4$0$0
  0C:131B    Ffinal$_str_5$0$0
  0C:1323    Ffinal$_str_6$0$0
  0C:133F    Ffinal$_str_7$0$0
  0C:1346    Ffinal$_str_8$0$0
  0C:135A    Ffinal$_str_9$0$0
  0C:136E    Ffinal$_str_10$0$0
  0C:1377    Ffinal$_str_11$0$0
  0C:137C    Ffinal$_str_12$0$0
  0C:1389    Ffinal$_str_13$0$0
  0C:1396    Ffinal$_str_14$0$0
  0C:139B    Ffinal$_str_15$0$0
  0C:13A8    Ffinal$_str_16$0$0
  0C:13B4    Ffinal$_str_17$0$0
  0C:13B7    Ffinal$_str_18$0$0
  0C:13B9    Ffinal$_str_19$0$0
  0C:13C1    Ffinal$_str_20$0$0
  0C:13DF    Ffinal$_str_21$0$0
  0C:13FD    Ffinal$_str_22$0$0
  0C:141C    Ffinal$_str_23$0$0

ASxxxx Linker V01.75 + NoICE + SDCC Feb 1999,  page 1.

Files Linked      [ module(s) ]

C:\Users\SSP\Documents\Microprocessor Systems\Final\final.rel

Libraries Linked            [   object  file   ]

C:\Program Files (x86)\SDCC\bin\..\lib\small/mcs51.lib    [     crtclear.rel ]
C:\Program Files (x86)\SDCC\bin\..\lib\small/mcs51.lib    [     crtxinit.rel ]
C:\Program Files (x86)\SDCC\bin\..\lib\small/libint.lib    [     _moduint.rel ]
C:\Program Files (x86)\SDCC\bin\..\lib\small/mcs51.lib    [    crtxclear.rel ]
C:\Program Files (x86)\SDCC\bin\..\lib\small/libint.lib    [     _divuint.rel ]
C:\Program Files (x86)\SDCC\bin\..\lib\small/libsdcc.lib    [      vprintf.rel ]
C:\Program Files (x86)\SDCC\bin\..\lib\small/libsdcc.lib    [ /0               ]
C:\Program Files (x86)\SDCC\bin\..\lib\small/libsdcc.lib    [      _strlen.rel ]
C:\Program Files (x86)\SDCC\bin\..\lib\small/mcs51.lib    [     crtstart.rel ]
C:\Program Files (x86)\SDCC\bin\..\lib\small/libsdcc.lib    [     _gptrget.rel ]
C:\Program Files (x86)\SDCC\bin\..\lib\small/libint.lib    [     _modsint.rel ]
C:\Program Files (x86)\SDCC\bin\..\lib\small/libint.lib    [     _divsint.rel ]
C:\Program Files (x86)\SDCC\bin\..\lib\small/libsdcc.lib    [     _startup.rel ]
C:\Program Files (x86)\SDCC\bin\..\lib\small/libsdcc.lib    [          _bp.rel ]

ASxxxx Linker V01.75 + NoICE + SDCC Feb 1999,  page 2.

User Base Address Definitions

HOME = 0x0000
ISEG = 0x0000
BSEG = 0x0000

