
Hexadecimal

Area                               Addr   Size   Decimal Bytes (Attributes)
--------------------------------   ----   ----   ------- ----- ------------
CABS                               0000   0000 =      0. bytes (ABS,CON,CODE)

      Value  Global
   --------  --------------------------------
  0C:0000    l_CABS
  0C:0000    l_GSINIT1
  0C:0000    l_GSINIT5
  0C:0000    l_IABS
  0C:0000    l_PSEG
  0C:0000    l_REG_BANK_1
  0C:0000    l_REG_BANK_2
  0C:0000    l_REG_BANK_3
  0C:0000    l_RSEG
  0C:0000    l_XABS
  0C:0000    l_XINIT
  0C:0000    l_XISEG
  0C:0000    l_XSEG
  0C:0000    l__CODE
  0C:0000    s_BSEG
  0C:0000    s_CABS
  0C:0000    s_DSEG
  0C:0000    s_HOME
  0C:0000    s_IABS
  0C:0000    s_ISEG
  0C:0000    s_PSEG
  0C:0000    s_REG_BANK_0
  0C:0000    s_XABS
  0C:0000    s_XISEG
  0C:0000    s_XSEG
  0C:0001    l_BIT_BANK
  0C:0002    l_BSEG_BYTES
  0C:0002    l_OSEG
  0C:0003    l_GSFINAL
  0C:0003    l_GSINIT0
  0C:0006    l_ISEG
  0C:0008    l_GSINIT
  0C:0008    l_REG_BANK_0
  0C:0008    s_REG_BANK_1
  0C:000A    l_GSINIT2
  0C:000A    s_OSEG
  0C:000B    l_HOME
  0C:000B    s_GSINIT0
  0C:000C    l_BSEG
  0C:000E    s_GSINIT1
  0C:000E    s_GSINIT2
  0C:0010    s_REG_BANK_2
  0C:0018    s_GSINIT3
  0C:0018    s_REG_BANK_3
  0C:0020    s_BSEG_BYTES
  0C:0020    s__CODE
  0C:0022    l_GSINIT3
  0C:0022    s_BIT_BANK
  0C:002A    l_GSINIT4
  0C:003A    s_GSINIT4
  0C:0064    s_GSINIT
  0C:0064    s_GSINIT5
  0C:006C    s_GSFINAL
  0C:006F    s_CSEG
  0C:0072    l_DSEG
  0C:0079    s_RSEG
  0C:0079    s_SSEG
  0C:0087    l_SSEG
  0C:0100    l_IRAM
  0C:01EE    l_CONST
  0C:169C    l_CSEG
  0C:170B    s_CONST
  0C:18F9    s_XINIT



Hexadecimal

Area                               Addr   Size   Decimal Bytes (Attributes)
--------------------------------   ----   ----   ------- ----- ------------
.  .ABS.                           0000   0000 =      0. bytes (ABS,CON)

      Value  Global
   --------  --------------------------------
     96959493    G$MAC0ACC$0$0
     96959493    _MAC0ACC
     0080    G$P0$0$0
     0080    G$P0_0$0$0
     0080    _P0
     0080    _P0_0
     0081    G$P0_1$0$0
     0081    G$SP$0$0
     0081    _P0_1
     0081    _SP
     0082    G$DPL$0$0
     0082    G$P0_2$0$0
     0082    _DPL
     0082    _P0_2
     0083    G$DPH$0$0
     0083    G$P0_3$0$0
     0083    _DPH
     0083    _P0_3
     0084    G$P0_4$0$0
     0084    G$SFRPAGE$0$0
     0084    _P0_4
     0084    _SFRPAGE
     0085    G$P0_5$0$0
     0085    G$SFRNEXT$0$0
     0085    _P0_5
     0085    _SFRNEXT
     0086    G$P0_6$0$0
     0086    G$SFRLAST$0$0
     0086    _P0_6
     0086    _SFRLAST
     0087    G$P0_7$0$0
     0087    G$PCON$0$0
     0087    _P0_7
     0087    _PCON
     0088    G$CP0HYN0$0$0
     0088    G$CP1HYN0$0$0
     0088    G$CPT0CN$0$0
     0088    G$CPT1CN$0$0
     0088    G$FLHBUSY$0$0
     0088    G$FLSTAT$0$0
     0088    G$IT0$0$0
     0088    G$TCON$0$0
     0088    _CP0HYN0
     0088    _CP1HYN0
     0088    _CPT0CN
     0088    _CPT1CN
     0088    _FLHBUSY
     0088    _FLSTAT
     0088    _IT0
     0088    _TCON
     0089    G$CP0HYN1$0$0
     0089    G$CP1HYN1$0$0
     0089    G$CPT0MD$0$0
     0089    G$CPT1MD$0$0
     0089    G$IE0$0$0
     0089    G$PLL0CN$0$0
     0089    G$TMOD$0$0
     0089    _CP0HYN1
     0089    _CP1HYN1
     0089    _CPT0MD
     0089    _CPT1MD
     0089    _IE0
     0089    _PLL0CN
     0089    _TMOD
     008A    G$CP0HYP0$0$0
     008A    G$CP1HYP0$0$0
     008A    G$IT1$0$0
     008A    G$OSCICN$0$0
     008A    G$TL0$0$0
     008A    _CP0HYP0
     008A    _CP1HYP0
     008A    _IT1
     008A    _OSCICN
     008A    _TL0
     008B    G$CP0HYP1$0$0
     008B    G$CP1HYP1$0$0
     008B    G$IE1$0$0
     008B    G$OSCICL$0$0
     008B    G$TL1$0$0
     008B    _CP0HYP1
     008B    _CP1HYP1
     008B    _IE1
     008B    _OSCICL
     008B    _TL1
     008C    G$CP0FIF$0$0
     008C    G$CP1FIF$0$0
     008C    G$OSCXCN$0$0
     008C    G$TH0$0$0
     008C    G$TR0$0$0
     008C    _CP0FIF
     008C    _CP1FIF
     008C    _OSCXCN
     008C    _TH0
     008C    _TR0
     008D    G$CP0RIF$0$0
     008D    G$CP1RIF$0$0
     008D    G$PLL0DIV$0$0
     008D    G$TF0$0$0
     008D    G$TH1$0$0
     008D    _CP0RIF
     008D    _CP1RIF
     008D    _PLL0DIV
     008D    _TF0
     008D    _TH1
     008E    G$CKCON$0$0
     008E    G$CP0OUT$0$0
     008E    G$CP1OUT$0$0
     008E    G$PLL0MUL$0$0
     008E    G$TR1$0$0
     008E    _CKCON
     008E    _CP0OUT
     008E    _CP1OUT
     008E    _PLL0MUL
     008E    _TR1
     008F    G$CP0EN$0$0
     008F    G$CP1EN$0$0
     008F    G$PLL0FLT$0$0
     008F    G$PSCTL$0$0
     008F    G$TF1$0$0
     008F    _CP0EN
     008F    _CP1EN
     008F    _PLL0FLT
     008F    _PSCTL
     008F    _TF1
     0090    G$P1$0$0
     0090    G$P1_0$0$0
     0090    _P1
     0090    _P1_0
     0091    G$MAC0BL$0$0
     0091    G$P1_1$0$0
     0091    G$SSTA0$0$0
     0091    _MAC0BL
     0091    _P1_1
     0091    _SSTA0
     0092    G$MAC0BH$0$0
     0092    G$P1_2$0$0
     0092    _MAC0BH
     0092    _P1_2
     0093    G$MAC0ACC0$0$0
     0093    G$P1_3$0$0
     0093    _MAC0ACC0
     0093    _P1_3
     0094    G$MAC0ACC1$0$0
     0094    G$P1_4$0$0
     0094    _MAC0ACC1
     0094    _P1_4
     0095    G$MAC0ACC2$0$0
     0095    G$P1_5$0$0
     0095    _MAC0ACC2
     0095    _P1_5
     0096    G$MAC0ACC3$0$0
     0096    G$P1_6$0$0
     0096    G$SFRPGCN$0$0
     0096    _MAC0ACC3
     0096    _P1_6
     0096    _SFRPGCN
     0097    G$CLKSEL$0$0
     0097    G$MAC0OVR$0$0
     0097    G$P1_7$0$0
     0097    _CLKSEL
     0097    _MAC0OVR
     0097    _P1_7
     0098    G$RI$0$0
     0098    G$RI0$0$0
     0098    G$RI1$0$0
     0098    G$SCON$0$0
     0098    G$SCON0$0$0
     0098    G$SCON1$0$0
     0098    _RI
     0098    _RI0
     0098    _RI1
     0098    _SCON
     0098    _SCON0
     0098    _SCON1
     0099    G$SBUF$0$0
     0099    G$SBUF0$0$0
     0099    G$SBUF1$0$0
     0099    G$TI$0$0
     0099    G$TI0$0$0
     0099    G$TI1$0$0
     0099    _SBUF
     0099    _SBUF0
     0099    _SBUF1
     0099    _TI
     0099    _TI0
     0099    _TI1
     009A    G$CCH0MA$0$0
     009A    G$RB80$0$0
     009A    G$RB81$0$0
     009A    G$SPI0CFG$0$0
     009A    _CCH0MA
     009A    _RB80
     009A    _RB81
     009A    _SPI0CFG
     009B    G$SPI0DAT$0$0
     009B    G$TB80$0$0
     009B    G$TB81$0$0
     009B    _SPI0DAT
     009B    _TB80
     009B    _TB81
     009C    G$P4MDOUT$0$0
     009C    G$REN$0$0
     009C    G$REN0$0$0
     009C    G$REN1$0$0
     009C    _P4MDOUT
     009C    _REN
     009C    _REN0
     009C    _REN1
     009D    G$MCE1$0$0
     009D    G$P5MDOUT$0$0
     009D    G$SM20$0$0
     009D    G$SPI0CKR$0$0
     009D    _MCE1
     009D    _P5MDOUT
     009D    _SM20
     009D    _SPI0CKR
     009E    G$P6MDOUT$0$0
     009E    G$SM10$0$0
     009E    _P6MDOUT
     009E    _SM10
     009F    G$P7MDOUT$0$0
     009F    G$S1MODE$0$0
     009F    G$SM00$0$0
     009F    _P7MDOUT
     009F    _S1MODE
     009F    _SM00
     00A0    G$P2$0$0
     00A0    G$P2_0$0$0
     00A0    _P2
     00A0    _P2_0
     00A1    G$CCH0CN$0$0
     00A1    G$EMI0TC$0$0
     00A1    G$P2_1$0$0
     00A1    _CCH0CN
     00A1    _EMI0TC
     00A1    _P2_1
     00A2    G$CCH0TN$0$0
     00A2    G$EMI0CN$0$0
     00A2    G$P2_2$0$0
     00A2    G$_XPAGE$0$0
     00A2    _CCH0TN
     00A2    _EMI0CN
     00A2    _P2_2
     00A2    __XPAGE
     00A3    G$CCH0LC$0$0
     00A3    G$EMI0CF$0$0
     00A3    G$P2_3$0$0
     00A3    _CCH0LC
     00A3    _EMI0CF
     00A3    _P2_3
     00A4    G$P0MDOUT$0$0
     00A4    G$P2_4$0$0
     00A4    _P0MDOUT
     00A4    _P2_4
     00A5    G$P1MDOUT$0$0
     00A5    G$P2_5$0$0
     00A5    _P1MDOUT
     00A5    _P2_5
     00A6    G$P2MDOUT$0$0
     00A6    G$P2_6$0$0
     00A6    _P2MDOUT
     00A6    _P2_6
     00A7    G$P2_7$0$0
     00A7    G$P3MDOUT$0$0
     00A7    _P2_7
     00A7    _P3MDOUT
     00A8    G$EX0$0$0
     00A8    G$IE$0$0
     00A8    _EX0
     00A8    _IE
     00A9    G$ET0$0$0
     00A9    G$SADDR0$0$0
     00A9    _ET0
     00A9    _SADDR0
     00AA    G$EX1$0$0
     00AA    _EX1
     00AB    G$ET1$0$0
     00AB    _ET1
     00AC    G$ES$0$0
     00AC    G$ES0$0$0
     00AC    _ES
     00AC    _ES0
     00AD    G$ET2$0$0
     00AD    G$P1MDIN$0$0
     00AD    _ET2
     00AD    _P1MDIN
     00AF    G$EA$0$0
     00AF    _EA
     00B0    G$P3$0$0
     00B0    G$P3_0$0$0
     00B0    _P3
     00B0    _P3_0
     00B1    G$P3_1$0$0
     00B1    G$PSBANK$0$0
     00B1    _P3_1
     00B1    _PSBANK
     00B2    G$P3_2$0$0
     00B2    _P3_2
     00B3    G$P3_3$0$0
     00B3    _P3_3
     00B4    G$P3_4$0$0
     00B4    _P3_4
     00B5    G$P3_5$0$0
     00B5    _P3_5
     00B6    G$P3_6$0$0
     00B6    _P3_6
     00B7    G$FLACL$0$0
     00B7    G$FLSCL$0$0
     00B7    G$P3_7$0$0
     00B7    _FLACL
     00B7    _FLSCL
     00B7    _P3_7
     00B8    G$IP$0$0
     00B8    G$PX0$0$0
     00B8    _IP
     00B8    _PX0
     00B9    G$PT0$0$0
     00B9    G$SADEN0$0$0
     00B9    _PT0
     00B9    _SADEN0
     00BA    G$AMX0CF$0$0
     00BA    G$AMX2CF$0$0
     00BA    G$PX1$0$0
     00BA    _AMX0CF
     00BA    _AMX2CF
     00BA    _PX1
     00BB    G$AMX0SL$0$0
     00BB    G$AMX2SL$0$0
     00BB    G$PT1$0$0
     00BB    _AMX0SL
     00BB    _AMX2SL
     00BB    _PT1
     00BC    G$ADC0CF$0$0
     00BC    G$ADC2CF$0$0
     00BC    G$PS$0$0
     00BC    G$PS0$0$0
     00BC    _ADC0CF
     00BC    _ADC2CF
     00BC    _PS
     00BC    _PS0
     00BD    G$PT2$0$0
     00BD    _PT2
     00BE    G$ADC0L$0$0
     00BE    G$ADC2$0$0
     00BE    _ADC0L
     00BE    _ADC2
     00BF    G$ADC0H$0$0
     00BF    _ADC0H
     00C0    G$MAC0N$0$0
     00C0    G$MAC0STA$0$0
     00C0    G$SMB0CN$0$0
     00C0    G$SMBTOE$0$0
     00C0    _MAC0N
     00C0    _MAC0STA
     00C0    _SMB0CN
     00C0    _SMBTOE
     00C1    G$MAC0AL$0$0
     00C1    G$MAC0SO$0$0
     00C1    G$SMB0STA$0$0
     00C1    G$SMBFTE$0$0
     00C1    _MAC0AL
     00C1    _MAC0SO
     00C1    _SMB0STA
     00C1    _SMBFTE
     00C2    G$AA$0$0
     00C2    G$MAC0AH$0$0
     00C2    G$MAC0Z$0$0
     00C2    G$SMB0DAT$0$0
     00C2    _AA
     00C2    _MAC0AH
     00C2    _MAC0Z
     00C2    _SMB0DAT
     00C3    G$MAC0CF$0$0
     00C3    G$MAC0HO$0$0
     00C3    G$SI$0$0
     00C3    G$SMB0ADR$0$0
     00C3    _MAC0CF
     00C3    _MAC0HO
     00C3    _SI
     00C3    _SMB0ADR
     00C4    G$ADC0GTL$0$0
     00C4    G$ADC2GT$0$0
     00C4    G$STO$0$0
     00C4    _ADC0GTL
     00C4    _ADC2GT
     00C4    _STO
     00C5    G$ADC0GTH$0$0
     00C5    G$STA$0$0
     00C5    _ADC0GTH
     00C5    _STA
     00C6    G$ADC0LTL$0$0
     00C6    G$ADC2LT$0$0
     00C6    G$ENSMB$0$0
     00C6    _ADC0LTL
     00C6    _ADC2LT
     00C6    _ENSMB
     00C7    G$ADC0LTH$0$0
     00C7    G$BUSY$0$0
     00C7    _ADC0LTH
     00C7    _BUSY
     00C8    G$CPRL2$0$0
     00C8    G$CPRL3$0$0
     00C8    G$CPRL4$0$0
     00C8    G$P4$0$0
     00C8    G$P4_0$0$0
     00C8    G$TMR2CN$0$0
     00C8    G$TMR3CN$0$0
     00C8    G$TMR4CN$0$0
     00C8    _CPRL2
     00C8    _CPRL3
     00C8    _CPRL4
     00C8    _P4
     00C8    _P4_0
     00C8    _TMR2CN
     00C8    _TMR3CN
     00C8    _TMR4CN
     00C9    G$CT2$0$0
     00C9    G$CT3$0$0
     00C9    G$CT4$0$0
     00C9    G$P4_1$0$0
     00C9    G$TMR2CF$0$0
     00C9    G$TMR3CF$0$0
     00C9    G$TMR4CF$0$0
     00C9    _CT2
     00C9    _CT3
     00C9    _CT4
     00C9    _P4_1
     00C9    _TMR2CF
     00C9    _TMR3CF
     00C9    _TMR4CF
     00CA    G$P4_2$0$0
     00CA    G$RCAP2L$0$0
     00CA    G$RCAP3L$0$0
     00CA    G$RCAP4L$0$0
     00CA    G$TR2$0$0
     00CA    G$TR3$0$0
     00CA    G$TR4$0$0
     00CA    _P4_2
     00CA    _RCAP2L
     00CA    _RCAP3L
     00CA    _RCAP4L
     00CA    _TR2
     00CA    _TR3
     00CA    _TR4
     00CB    G$EXEN2$0$0
     00CB    G$EXEN3$0$0
     00CB    G$EXEN4$0$0
     00CB    G$P4_3$0$0
     00CB    G$RCAP2H$0$0
     00CB    G$RCAP3H$0$0
     00CB    G$RCAP4H$0$0
     00CB    _EXEN2
     00CB    _EXEN3
     00CB    _EXEN4
     00CB    _P4_3
     00CB    _RCAP2H
     00CB    _RCAP3H
     00CB    _RCAP4H
     00CC    G$P4_4$0$0
     00CC    G$TL2$0$0
     00CC    G$TMR2L$0$0
     00CC    G$TMR3L$0$0
     00CC    G$TMR4L$0$0
     00CC    _P4_4
     00CC    _TL2
     00CC    _TMR2L
     00CC    _TMR3L
     00CC    _TMR4L
     00CD    G$P4_5$0$0
     00CD    G$TH2$0$0
     00CD    G$TMR2H$0$0
     00CD    G$TMR3H$0$0
     00CD    G$TMR4H$0$0
     00CD    _P4_5
     00CD    _TH2
     00CD    _TMR2H
     00CD    _TMR3H
     00CD    _TMR4H
     00CE    G$EXF2$0$0
     00CE    G$EXF3$0$0
     00CE    G$EXF4$0$0
     00CE    G$MAC0RNDL$0$0
     00CE    G$P4_6$0$0
     00CE    _EXF2
     00CE    _EXF3
     00CE    _EXF4
     00CE    _MAC0RNDL
     00CE    _P4_6
     00CF    G$MAC0RNDH$0$0
     00CF    G$P4_7$0$0
     00CF    G$SMB0CR$0$0
     00CF    G$TF2$0$0
     00CF    G$TF3$0$0
     00CF    G$TF4$0$0
     00CF    _MAC0RNDH
     00CF    _P4_7
     00CF    _SMB0CR
     00CF    _TF2
     00CF    _TF3
     00CF    _TF4
     00D0    G$P$0$0
     00D0    G$PSW$0$0
     00D0    _P
     00D0    _PSW
     00D1    G$F1$0$0
     00D1    G$REF0CN$0$0
     00D1    _F1
     00D1    _REF0CN
     00D2    G$DAC0L$0$0
     00D2    G$DAC1L$0$0
     00D2    G$OV$0$0
     00D2    _DAC0L
     00D2    _DAC1L
     00D2    _OV
     00D3    G$DAC0H$0$0
     00D3    G$DAC1H$0$0
     00D3    G$RS0$0$0
     00D3    _DAC0H
     00D3    _DAC1H
     00D3    _RS0
     00D4    G$DAC0CN$0$0
     00D4    G$DAC1CN$0$0
     00D4    G$RS1$0$0
     00D4    _DAC0CN
     00D4    _DAC1CN
     00D4    _RS1
     00D5    G$F0$0$0
     00D5    _F0
     00D6    G$AC$0$0
     00D6    _AC
     00D7    G$CY$0$0
     00D7    _CY
     00D8    G$CCF0$0$0
     00D8    G$P5$0$0
     00D8    G$P5_0$0$0
     00D8    G$PCA0CN$0$0
     00D8    _CCF0
     00D8    _P5
     00D8    _P5_0
     00D8    _PCA0CN
     00D9    G$CCF1$0$0
     00D9    G$P5_1$0$0
     00D9    G$PCA0MD$0$0
     00D9    _CCF1
     00D9    _P5_1
     00D9    _PCA0MD
     00DA    G$CCF2$0$0
     00DA    G$P5_2$0$0
     00DA    G$PCA0CPM0$0$0
     00DA    _CCF2
     00DA    _P5_2
     00DA    _PCA0CPM0
     00DB    G$CCF3$0$0
     00DB    G$P5_3$0$0
     00DB    G$PCA0CPM1$0$0
     00DB    _CCF3
     00DB    _P5_3
     00DB    _PCA0CPM1
     00DC    G$CCF4$0$0
     00DC    G$P5_4$0$0
     00DC    G$PCA0CPM2$0$0
     00DC    _CCF4
     00DC    _P5_4
     00DC    _PCA0CPM2
     00DD    G$CCF5$0$0
     00DD    G$P5_5$0$0
     00DD    G$PCA0CPM3$0$0
     00DD    _CCF5
     00DD    _P5_5
     00DD    _PCA0CPM3
     00DE    G$CR$0$0
     00DE    G$P5_6$0$0
     00DE    G$PCA0CPM4$0$0
     00DE    _CR
     00DE    _P5_6
     00DE    _PCA0CPM4
     00DF    G$CF$0$0
     00DF    G$P5_7$0$0
     00DF    G$PCA0CPM5$0$0
     00DF    _CF
     00DF    _P5_7
     00DF    _PCA0CPM5
     00E0    G$ACC$0$0
     00E0    _ACC
     00E1    G$PCA0CPL5$0$0
     00E1    G$XBR0$0$0
     00E1    _PCA0CPL5
     00E1    _XBR0
     00E2    G$PCA0CPH5$0$0
     00E2    G$XBR1$0$0
     00E2    _PCA0CPH5
     00E2    _XBR1
     00E3    G$XBR2$0$0
     00E3    _XBR2
     00E6    G$EIE1$0$0
     00E6    _EIE1
     00E7    G$EIE2$0$0
     00E7    _EIE2
     00E8    G$AD0LJST$0$0
     00E8    G$AD2WINT$0$0
     00E8    G$ADC0CN$0$0
     00E8    G$ADC2CN$0$0
     00E8    G$P6$0$0
     00E8    G$P6_0$0$0
     00E8    _AD0LJST
     00E8    _AD2WINT
     00E8    _ADC0CN
     00E8    _ADC2CN
     00E8    _P6
     00E8    _P6_0
     00E9    G$AD0WINT$0$0
     00E9    G$AD2CM0$0$0
     00E9    G$P6_1$0$0
     00E9    G$PCA0CPL2$0$0
     00E9    _AD0WINT
     00E9    _AD2CM0
     00E9    _P6_1
     00E9    _PCA0CPL2
     00EA    G$AD0CM0$0$0
     00EA    G$AD2CM1$0$0
     00EA    G$P6_2$0$0
     00EA    G$PCA0CPH2$0$0
     00EA    _AD0CM0
     00EA    _AD2CM1
     00EA    _P6_2
     00EA    _PCA0CPH2
     00EB    G$AD0CM1$0$0
     00EB    G$AD2CM2$0$0
     00EB    G$P6_3$0$0
     00EB    G$PCA0CPL3$0$0
     00EB    _AD0CM1
     00EB    _AD2CM2
     00EB    _P6_3
     00EB    _PCA0CPL3
     00EC    G$AD0BUSY$0$0
     00EC    G$AD2BUSY$0$0
     00EC    G$P6_4$0$0
     00EC    G$PCA0CPH3$0$0
     00EC    _AD0BUSY
     00EC    _AD2BUSY
     00EC    _P6_4
     00EC    _PCA0CPH3
     00ED    G$AD0INT$0$0
     00ED    G$AD2INT$0$0
     00ED    G$P6_5$0$0
     00ED    G$PCA0CPL4$0$0
     00ED    _AD0INT
     00ED    _AD2INT
     00ED    _P6_5
     00ED    _PCA0CPL4
     00EE    G$AD0TM$0$0
     00EE    G$AD2TM$0$0
     00EE    G$P6_6$0$0
     00EE    G$PCA0CPH4$0$0
     00EE    _AD0TM
     00EE    _AD2TM
     00EE    _P6_6
     00EE    _PCA0CPH4
     00EF    G$AD0EN$0$0
     00EF    G$AD2EN$0$0
     00EF    G$P6_7$0$0
     00EF    G$RSTSRC$0$0
     00EF    _AD0EN
     00EF    _AD2EN
     00EF    _P6_7
     00EF    _RSTSRC
     00F0    G$B$0$0
     00F0    _B
     00F5    _B_5
     00F6    G$EIP1$0$0
     00F6    _B_6
     00F6    _EIP1
     00F7    G$EIP2$0$0
     00F7    _B_7
     00F7    _EIP2
     00F8    G$P7$0$0
     00F8    G$P7_0$0$0
     00F8    G$SPI0CN$0$0
     00F8    G$SPIEN$0$0
     00F8    _P7
     00F8    _P7_0
     00F8    _SPI0CN
     00F8    _SPIEN
     00F9    G$P7_1$0$0
     00F9    G$PCA0L$0$0
     00F9    G$TXBMT$0$0
     00F9    _P7_1
     00F9    _PCA0L
     00F9    _TXBMT
     00FA    G$NSSMD0$0$0
     00FA    G$P7_2$0$0
     00FA    G$PCA0H$0$0
     00FA    _NSSMD0
     00FA    _P7_2
     00FA    _PCA0H
     00FB    G$NSSMD1$0$0
     00FB    G$P7_3$0$0
     00FB    G$PCA0CPL0$0$0
     00FB    _NSSMD1
     00FB    _P7_3
     00FB    _PCA0CPL0
     00FC    G$P7_4$0$0
     00FC    G$PCA0CPH0$0$0
     00FC    G$RXOVRN$0$0
     00FC    _P7_4
     00FC    _PCA0CPH0
     00FC    _RXOVRN
     00FD    G$MODF$0$0
     00FD    G$P7_5$0$0
     00FD    G$PCA0CPL1$0$0
     00FD    _MODF
     00FD    _P7_5
     00FD    _PCA0CPL1
     00FE    G$P7_6$0$0
     00FE    G$PCA0CPH1$0$0
     00FE    G$WCOL$0$0
     00FE    _P7_6
     00FE    _PCA0CPH1
     00FE    _WCOL
     00FF    G$P7_7$0$0
     00FF    G$SPIF$0$0
     00FF    G$WDTCN$0$0
     00FF    _P7_7
     00FF    _SPIF
     00FF    _WDTCN
     8C8A    G$TMR0$0$0
     8C8A    _TMR0
     8D8B    G$TMR1$0$0
     8D8B    _TMR1
     BFBE    G$ADC0$0$0
     BFBE    _ADC0
     C2C1    G$MAC0A$0$0
     C2C1    _MAC0A
     C5C4    G$ADC0GT$0$0
     C5C4    _ADC0GT
     C7C6    G$ADC0LT$0$0
     C7C6    _ADC0LT
     CBCA    G$RCAP2$0$0
     CBCA    G$RCAP3$0$0
     CBCA    G$RCAP4$0$0
     CBCA    _RCAP2
     CBCA    _RCAP3
     CBCA    _RCAP4
     CDCC    G$TMR2$0$0
     CDCC    G$TMR3$0$0
     CDCC    G$TMR4$0$0
     CDCC    _TMR2
     CDCC    _TMR3
     CDCC    _TMR4
     CFCE    G$MAC0RND$0$0
     CFCE    _MAC0RND
     D3D2    G$DAC0$0$0
     D3D2    G$DAC1$0$0
     D3D2    _DAC0
     D3D2    _DAC1
     E2E1    G$PCA0CP5$0$0
     E2E1    _PCA0CP5
     EAE9    G$PCA0CP2$0$0
     EAE9    _PCA0CP2
     ECEB    G$PCA0CP3$0$0
     ECEB    _PCA0CP3
     EEED    G$PCA0CP4$0$0
     EEED    _PCA0CP4
     FAF9    G$PCA0$0$0
     FAF9    _PCA0
     FCFB    G$PCA0CP0$0$0
     FCFB    _PCA0CP0
     FEFD    G$PCA0CP1$0$0
     FEFD    _PCA0CP1







Hexadecimal

Area                               Addr   Size   Decimal Bits  (Attributes)
--------------------------------   ----   ----   ------- ----- ------------
BSEG                               0000   000C =     12. bits  (REL,CON,BIT)

      Value  Global
   --------  --------------------------------
  0B:0000    G$turn$0$0
  0B:0000    _turn
  0B:0001    LgetMove$freeMove$1$1
  0B:0001    _getMove_PARM_1


Hexadecimal

Area                               Addr   Size   Decimal Bytes (Attributes)
--------------------------------   ----   ----   ------- ----- ------------
DSEG                               0000   0072 =    114. bytes (REL,CON)

      Value  Global
   --------  --------------------------------
     0008    _vprintf_PARM_2
     0009    _bp
     0023    G$word$0$0
     0023    _word
     0024    G$current$0$0
     0024    _current
     0025    G$board$0$0
     0025    _board
     004D    LprintSubBoard$pos$1$1
     004F    LprintSubBoard$sloc0$1$0
     0051    LcheckBoardWin$b$1$1
     005A    LgetPos$pos$1$1
     005A    _getPos_PARM_2
     005C    LsetPos$pos$1$1
     005C    _setPos_PARM_2
     005E    LsetPos$val$1$1
     005E    _setPos_PARM_3
     005F    LsetPos$binVal$1$1
     006C    __print_format_PARM_2
     006F    __print_format_PARM_3
     0072    __print_format_PARM_4

Hexadecimal

Area                               Addr   Size   Decimal Bytes (Attributes)
--------------------------------   ----   ----   ------- ----- ------------
OSEG                               000A   0002 =      2. bytes (REL,OVR)

      Value  Global
   --------  --------------------------------
     000A    __divsint_PARM_2
     000A    __divuint_PARM_2
     000A    __modsint_PARM_2
     000A    __moduint_PARM_2
     000A    _calculate_digit_radix_1_1
     000B    _calculate_digit_i_1_1


Hexadecimal

Area                               Addr   Size   Decimal Bytes (Attributes)
--------------------------------   ----   ----   ------- ----- ------------
SSEG                               0079   0087 =    135. bytes (REL,OVR)

      Value  Global
   --------  --------------------------------
     0079    __start__stack





Hexadecimal

Area                               Addr   Size   Decimal Bytes (Attributes)
--------------------------------   ----   ----   ------- ----- ------------
HOME                               0000   000B =     11. bytes (REL,CON,CODE)

      Value  Global
   --------  --------------------------------
  0C:0000    A$final-v2$1322
  0C:0003    A$final-v2$1323
  0C:0006    A$final-v2$1357
  0C:0006    __sdcc_program_startup
  0C:0009    A$final-v2$1359

Hexadecimal

Area                               Addr   Size   Decimal Bytes (Attributes)
--------------------------------   ----   ----   ------- ----- ------------
GSINIT0                            000B   0003 =      3. bytes (REL,CON,CODE)

      Value  Global
   --------  --------------------------------
  0C:000B    __sdcc_gsinit_startup



Hexadecimal

Area                               Addr   Size   Decimal Bytes (Attributes)
--------------------------------   ----   ----   ------- ----- ------------
GSINIT3                            0018   0022 =     34. bytes (REL,CON,CODE)

      Value  Global
   --------  --------------------------------
  0C:0018    __mcs51_genXINIT

Hexadecimal

Area                               Addr   Size   Decimal Bytes (Attributes)
--------------------------------   ----   ----   ------- ----- ------------
GSINIT4                            003A   002A =     42. bytes (REL,CON,CODE)

      Value  Global
   --------  --------------------------------
  0C:003A    __mcs51_genRAMCLEAR
  0C:0040    __mcs51_genXRAMCLEAR


Hexadecimal

Area                               Addr   Size   Decimal Bytes (Attributes)
--------------------------------   ----   ----   ------- ----- ------------
GSINIT                             0064   0008 =      8. bytes (REL,CON,CODE)

      Value  Global
   --------  --------------------------------
  0C:0064    A$final-v2$1340
  0C:0064    C$keypad.h$10$1$1
  0C:0067    A$final-v2$1344
  0C:0067    C$final_v2.c$73$1$1
  0C:006A    A$final-v2$1348
  0C:006A    C$final_v2.c$72$1$1

Hexadecimal

Area                               Addr   Size   Decimal Bytes (Attributes)
--------------------------------   ----   ----   ------- ----- ------------
GSFINAL                            006C   0003 =      3. bytes (REL,CON,CODE)

      Value  Global
   --------  --------------------------------
  0C:006C    A$final-v2$1350

Hexadecimal

Area                               Addr   Size   Decimal Bytes (Attributes)
--------------------------------   ----   ----   ------- ----- ------------
CSEG                               006F   169C =   5788. bytes (REL,CON,CODE)

      Value  Global
   --------  --------------------------------
  0C:006F    A$final-v2$1384
  0C:006F    C$putget.h$18$0$0
  0C:006F    G$putchar$0$0
  0C:006F    _putchar
  0C:0071    A$final-v2$1390
  0C:0071    C$putget.h$20$1$1
  0C:0071    C$putget.h$21$1$1
  0C:0074    A$final-v2$1391
  0C:0076    A$final-v2$1395
  0C:0076    C$putget.h$22$1$1
  0C:0078    A$final-v2$1398
  0C:0078    C$putget.h$23$1$1
  0C:0078    XG$putchar$0$0
  0C:0079    A$final-v2$1416
  0C:0079    C$putget.h$28$1$1
  0C:0079    C$putget.h$31$1$1
  0C:0079    C$putget.h$32$1$1
  0C:0079    G$getchar$0$0
  0C:0079    _getchar
  0C:007C    A$final-v2$1417
  0C:007E    A$final-v2$1421
  0C:007E    C$putget.h$33$1$1
  0C:0081    A$final-v2$1426
  0C:0081    C$putget.h$35$1$1
  0C:0081    C$putget.h$36$1$1
  0C:0081    XG$getchar$0$0
  0C:0082    A$final-v2$1442
  0C:0082    C$keypad.h$12$1$1
  0C:0082    C$keypad.h$16$1$1
  0C:0082    G$getLetter$0$0
  0C:0082    _getLetter
  0C:0084    A$final-v2$1443
  0C:0087    A$final-v2$1444
  0C:0089    A$final-v2$1448
  0C:0089    C$keypad.h$18$1$1
  0C:008C    A$final-v2$1451
  0C:008C    C$keypad.h$19$1$1
  0C:008F    A$final-v2$1456
  0C:008F    C$keypad.h$20$1$1
  0C:008F    C$keypad.h$21$1$1
  0C:008F    XG$getLetter$0$0
  0C:0090    A$final-v2$1471
  0C:0090    C$keypad.h$24$1$1
  0C:0090    C$keypad.h$26$1$1
  0C:0090    G$init_keypad$0$0
  0C:0090    _init_keypad
  0C:0092    A$final-v2$1474
  0C:0092    C$keypad.h$28$1$1
  0C:0095    A$final-v2$1477
  0C:0095    C$keypad.h$29$1$1
  0C:0098    A$final-v2$1480
  0C:0098    C$keypad.h$31$1$1
  0C:009B    A$final-v2$1483
  0C:009B    C$keypad.h$32$1$1
  0C:009E    A$final-v2$1486
  0C:009E    C$keypad.h$34$1$1
  0C:00A1    A$final-v2$1489
  0C:00A1    C$keypad.h$35$1$1
  0C:00A4    A$final-v2$1492
  0C:00A4    C$keypad.h$37$1$1
  0C:00A7    A$final-v2$1495
  0C:00A7    C$keypad.h$38$1$1
  0C:00AA    A$final-v2$1498
  0C:00AA    C$keypad.h$40$1$1
  0C:00AC    A$final-v2$1501
  0C:00AC    C$keypad.h$41$1$1
  0C:00AC    XG$init_keypad$0$0
  0C:00AD    A$final-v2$1515
  0C:00AD    C$keypad.h$43$1$1
  0C:00AD    G$KeypadVector$0$0
  0C:00AD    _KeypadVector
  0C:00AF    A$final-v2$1516
  0C:00B1    A$final-v2$1517
  0C:00B3    A$final-v2$1518
  0C:00B5    A$final-v2$1519
  0C:00B7    A$final-v2$1520
  0C:00B9    A$final-v2$1521
  0C:00BB    A$final-v2$1522
  0C:00BD    A$final-v2$1523
  0C:00BF    A$final-v2$1524
  0C:00C1    A$final-v2$1525
  0C:00C3    A$final-v2$1526
  0C:00C5    A$final-v2$1527
  0C:00C7    A$final-v2$1528
  0C:00C9    A$final-v2$1529
  0C:00CC    A$final-v2$1532
  0C:00CC    C$keypad.h$49$1$1
  0C:00CF    A$final-v2$1533
  0C:00D2    A$final-v2$1536
  0C:00D2    C$keypad.h$52$1$1
  0C:00D4    A$final-v2$1540
  0C:00D4    C$keypad.h$54$1$1
  0C:00D6    A$final-v2$1541
  0C:00D9    A$final-v2$1544
  0C:00D9    C$keypad.h$55$1$1
  0C:00DB    A$final-v2$1545
  0C:00DD    A$final-v2$1547
  0C:00DE    A$final-v2$1548
  0C:00E1    A$final-v2$1549
  0C:00E2    A$final-v2$1551
  0C:00E3    A$final-v2$1552
  0C:00E4    A$final-v2$1553
  0C:00E6    A$final-v2$1556
  0C:00E6    C$keypad.h$57$1$1
  0C:00E9    A$final-v2$1557
  0C:00EB    A$final-v2$1558
  0C:00ED    A$final-v2$1559
  0C:00EF    A$final-v2$1560
  0C:00F1    A$final-v2$1561
  0C:00F3    A$final-v2$1562
  0C:00F5    A$final-v2$1563
  0C:00F7    A$final-v2$1564
  0C:00F9    A$final-v2$1565
  0C:00FB    A$final-v2$1566
  0C:00FD    A$final-v2$1567
  0C:00FF    A$final-v2$1568
  0C:0101    A$final-v2$1569
  0C:0103    A$final-v2$1570
  0C:0105    A$final-v2$1573
  0C:0105    C$keypad.h$60$1$1
  0C:0105    XG$KeypadVector$0$0
  0C:0106    A$final-v2$1591
  0C:0106    C$keypad.h$62$1$1
  0C:0106    C$keypad.h$64$1$1
  0C:0106    G$getKey$0$0
  0C:0106    _getKey
  0C:0108    A$final-v2$1594
  0C:0108    C$keypad.h$65$1$1
  0C:010A    A$final-v2$1597
  0C:010A    C$keypad.h$66$1$1
  0C:010C    A$final-v2$1600
  0C:010C    C$keypad.h$69$1$1
  0C:010F    A$final-v2$1603
  0C:010F    C$keypad.h$70$1$1
  0C:0111    A$final-v2$1604
  0C:0113    A$final-v2$1605
  0C:0115    A$final-v2$1606
  0C:0117    A$final-v2$1608
  0C:0118    A$final-v2$1609
  0C:011B    A$final-v2$1610
  0C:011C    A$final-v2$1612
  0C:011D    A$final-v2$1613
  0C:011E    A$final-v2$1614
  0C:0120    A$final-v2$1617
  0C:0120    C$keypad.h$72$1$1
  0C:0122    A$final-v2$1618
  0C:0124    A$final-v2$1619
  0C:0125    A$final-v2$1622
  0C:0125    C$keypad.h$75$1$1
  0C:0128    A$final-v2$1625
  0C:0128    C$keypad.h$77$2$2
  0C:012B    A$final-v2$1628
  0C:012B    C$keypad.h$78$2$2
  0C:012D    A$final-v2$1629
  0C:012F    A$final-v2$1633
  0C:012F    C$keypad.h$79$2$2
  0C:0132    A$final-v2$1636
  0C:0132    C$keypad.h$80$2$2
  0C:0134    A$final-v2$1637
  0C:0136    A$final-v2$1641
  0C:0136    C$keypad.h$81$2$2
  0C:0139    A$final-v2$1644
  0C:0139    C$keypad.h$82$2$2
  0C:013B    A$final-v2$1645
  0C:013D    A$final-v2$1649
  0C:013D    C$keypad.h$84$2$2
  0C:013F    A$final-v2$1653
  0C:013F    C$keypad.h$87$1$1
  0C:0142    A$final-v2$1656
  0C:0142    C$keypad.h$88$1$1
  0C:0144    A$final-v2$1657
  0C:0146    A$final-v2$1658
  0C:0148    A$final-v2$1659
  0C:014A    A$final-v2$1661
  0C:014B    A$final-v2$1662
  0C:014E    A$final-v2$1663
  0C:014F    A$final-v2$1665
  0C:0150    A$final-v2$1666
  0C:0151    A$final-v2$1667
  0C:0153    A$final-v2$1670
  0C:0153    C$keypad.h$90$1$1
  0C:0155    A$final-v2$1671
  0C:0157    A$final-v2$1672
  0C:0158    A$final-v2$1675
  0C:0158    C$keypad.h$92$1$1
  0C:015B    A$final-v2$1678
  0C:015B    C$keypad.h$94$2$3
  0C:015E    A$final-v2$1681
  0C:015E    C$keypad.h$95$2$3
  0C:0160    A$final-v2$1682
  0C:0162    A$final-v2$1686
  0C:0162    C$keypad.h$96$2$3
  0C:0165    A$final-v2$1689
  0C:0165    C$keypad.h$97$2$3
  0C:0167    A$final-v2$1690
  0C:0169    A$final-v2$1694
  0C:0169    C$keypad.h$98$2$3
  0C:016C    A$final-v2$1697
  0C:016C    C$keypad.h$99$2$3
  0C:016E    A$final-v2$1698
  0C:0170    A$final-v2$1702
  0C:0170    C$keypad.h$101$2$3
  0C:0172    A$final-v2$1706
  0C:0172    C$keypad.h$104$1$1
  0C:0175    A$final-v2$1709
  0C:0175    C$keypad.h$105$1$1
  0C:0177    A$final-v2$1710
  0C:0179    A$final-v2$1711
  0C:017B    A$final-v2$1712
  0C:017D    A$final-v2$1714
  0C:017E    A$final-v2$1715
  0C:0181    A$final-v2$1716
  0C:0182    A$final-v2$1718
  0C:0183    A$final-v2$1719
  0C:0184    A$final-v2$1720
  0C:0186    A$final-v2$1723
  0C:0186    C$keypad.h$107$1$1
  0C:0188    A$final-v2$1724
  0C:018A    A$final-v2$1725
  0C:018B    A$final-v2$1728
  0C:018B    C$keypad.h$109$1$1
  0C:018E    A$final-v2$1731
  0C:018E    C$keypad.h$111$2$4
  0C:0191    A$final-v2$1734
  0C:0191    C$keypad.h$112$2$4
  0C:0193    A$final-v2$1735
  0C:0195    A$final-v2$1739
  0C:0195    C$keypad.h$113$2$4
  0C:0198    A$final-v2$1742
  0C:0198    C$keypad.h$114$2$4
  0C:019A    A$final-v2$1743
  0C:019C    A$final-v2$1747
  0C:019C    C$keypad.h$115$2$4
  0C:019F    A$final-v2$1750
  0C:019F    C$keypad.h$116$2$4
  0C:01A1    A$final-v2$1751
  0C:01A3    A$final-v2$1755
  0C:01A3    C$keypad.h$118$2$4
  0C:01A5    A$final-v2$1759
  0C:01A5    C$keypad.h$121$1$1
  0C:01A8    A$final-v2$1762
  0C:01A8    C$keypad.h$122$1$1
  0C:01AA    A$final-v2$1763
  0C:01AC    A$final-v2$1765
  0C:01AD    A$final-v2$1766
  0C:01B0    A$final-v2$1767
  0C:01B1    A$final-v2$1769
  0C:01B2    A$final-v2$1770
  0C:01B3    A$final-v2$1771
  0C:01B5    A$final-v2$1774
  0C:01B5    C$keypad.h$124$1$1
  0C:01B7    A$final-v2$1775
  0C:01B9    A$final-v2$1776
  0C:01BA    A$final-v2$1779
  0C:01BA    C$keypad.h$126$1$1
  0C:01BD    A$final-v2$1782
  0C:01BD    C$keypad.h$128$2$5
  0C:01C0    A$final-v2$1785
  0C:01C0    C$keypad.h$129$2$5
  0C:01C2    A$final-v2$1786
  0C:01C4    A$final-v2$1790
  0C:01C4    C$keypad.h$130$2$5
  0C:01C7    A$final-v2$1793
  0C:01C7    C$keypad.h$131$2$5
  0C:01C9    A$final-v2$1794
  0C:01CB    A$final-v2$1798
  0C:01CB    C$keypad.h$132$2$5
  0C:01CE    A$final-v2$1801
  0C:01CE    C$keypad.h$133$2$5
  0C:01D0    A$final-v2$1802
  0C:01D2    A$final-v2$1806
  0C:01D2    C$keypad.h$135$2$5
  0C:01D4    A$final-v2$1810
  0C:01D4    C$keypad.h$138$1$1
  0C:01D7    A$final-v2$1813
  0C:01D7    C$keypad.h$140$1$1
  0C:01D9    A$final-v2$1816
  0C:01D9    C$keypad.h$141$1$1
  0C:01D9    XG$getKey$0$0
  0C:01DA    A$final-v2$1830
  0C:01DA    C$final_v2.c$80$1$1
  0C:01DA    C$final_v2.c$82$1$1
  0C:01DA    G$main$0$0
  0C:01DA    _main
  0C:01DD    A$final-v2$1833
  0C:01DD    C$final_v2.c$83$1$1
  0C:01E0    A$final-v2$1836
  0C:01E0    C$final_v2.c$85$1$1
  0C:01E3    A$final-v2$1839
  0C:01E3    C$final_v2.c$86$1$1
  0C:01E6    A$final-v2$1842
  0C:01E6    C$final_v2.c$87$1$1
  0C:01E9    A$final-v2$1845
  0C:01E9    C$final_v2.c$88$1$1
  0C:01EC    A$final-v2$1848
  0C:01EC    C$final_v2.c$90$1$1
  0C:01EF    A$final-v2$1851
  0C:01EF    C$final_v2.c$92$1$1
  0C:01F1    A$final-v2$1852
  0C:01F3    A$final-v2$1853
  0C:01F5    A$final-v2$1854
  0C:01F7    A$final-v2$1855
  0C:01F9    A$final-v2$1856
  0C:01FB    A$final-v2$1857
  0C:01FE    A$final-v2$1858
  0C:0200    A$final-v2$1859
  0C:0202    A$final-v2$1860
  0C:0204    A$final-v2$1863
  0C:0204    C$final_v2.c$93$1$1
  0C:0206    A$final-v2$1864
  0C:0208    A$final-v2$1865
  0C:020A    A$final-v2$1866
  0C:020C    A$final-v2$1867
  0C:020E    A$final-v2$1868
  0C:0210    A$final-v2$1869
  0C:0213    A$final-v2$1870
  0C:0215    A$final-v2$1871
  0C:0217    A$final-v2$1872
  0C:0219    A$final-v2$1878
  0C:0219    C$final_v2.c$96$1$1
  0C:0219    C$final_v2.c$98$2$2
  0C:021C    A$final-v2$1882
  0C:021C    C$final_v2.c$100$2$2
  0C:021F    A$final-v2$1883
  0C:0221    A$final-v2$1886
  0C:0221    C$final_v2.c$103$3$3
  0C:0223    A$final-v2$1887
  0C:0225    A$final-v2$1888
  0C:0227    A$final-v2$1889
  0C:0229    A$final-v2$1890
  0C:022B    A$final-v2$1891
  0C:022D    A$final-v2$1892
  0C:0230    A$final-v2$1893
  0C:0232    A$final-v2$1894
  0C:0234    A$final-v2$1895
  0C:0236    A$final-v2$1898
  0C:0236    C$final_v2.c$104$3$3
  0C:0239    A$final-v2$1901
  0C:0239    C$final_v2.c$105$3$3
  0C:023B    A$final-v2$1902
  0C:023D    A$final-v2$1903
  0C:023F    A$final-v2$1904
  0C:0241    A$final-v2$1905
  0C:0243    A$final-v2$1906
  0C:0245    A$final-v2$1907
  0C:0248    A$final-v2$1908
  0C:024A    A$final-v2$1909
  0C:024C    A$final-v2$1910
  0C:024E    A$final-v2$1911
  0C:0250    A$final-v2$1915
  0C:0250    C$final_v2.c$107$3$3
  0C:0252    A$final-v2$1916
  0C:0254    A$final-v2$1917
  0C:0256    A$final-v2$1918
  0C:0258    A$final-v2$1919
  0C:025A    A$final-v2$1920
  0C:025C    A$final-v2$1921
  0C:025F    A$final-v2$1922
  0C:0261    A$final-v2$1923
  0C:0263    A$final-v2$1924
  0C:0265    A$final-v2$1928
  0C:0265    C$final_v2.c$110$3$3
  0C:0267    A$final-v2$1929
  0C:0269    A$final-v2$1930
  0C:026A    A$final-v2$1931
  0C:026C    A$final-v2$1932
  0C:026E    A$final-v2$1933
  0C:0271    A$final-v2$1934
  0C:0274    A$final-v2$1935
  0C:0276    A$final-v2$1936
  0C:0279    A$final-v2$1939
  0C:0279    C$final_v2.c$111$3$3
  0C:027B    A$final-v2$1940
  0C:027E    A$final-v2$1941
  0C:0280    A$final-v2$1945
  0C:0280    C$final_v2.c$113$3$3
  0C:0282    A$final-v2$1946
  0C:0285    A$final-v2$1950
  0C:0285    C$final_v2.c$116$3$3
  0C:0288    A$final-v2$1951
  0C:028A    A$final-v2$1955
  0C:028A    C$final_v2.c$119$2$2
  0C:028C    A$final-v2$1956
  0C:028E    A$final-v2$1957
  0C:0290    A$final-v2$1958
  0C:0292    A$final-v2$1959
  0C:0294    A$final-v2$1960
  0C:0296    A$final-v2$1961
  0C:0299    A$final-v2$1962
  0C:029B    A$final-v2$1963
  0C:029D    A$final-v2$1964
  0C:029F    A$final-v2$1967
  0C:029F    C$final_v2.c$120$2$2
  0C:02A1    A$final-v2$1968
  0C:02A3    A$final-v2$1969
  0C:02A5    A$final-v2$1970
  0C:02A7    A$final-v2$1971
  0C:02A9    A$final-v2$1972
  0C:02AB    A$final-v2$1973
  0C:02AE    A$final-v2$1974
  0C:02B0    A$final-v2$1975
  0C:02B2    A$final-v2$1976
  0C:02B4    A$final-v2$1979
  0C:02B4    C$final_v2.c$121$2$2
  0C:02B7    A$final-v2$1982
  0C:02B7    C$final_v2.c$123$1$1
  0C:02B7    XG$main$0$0
  0C:02BA    A$final-v2$1998
  0C:02BA    C$final_v2.c$126$1$1
  0C:02BA    G$gameStart$0$0
  0C:02BA    _gameStart
  0C:02BC    A$final-v2$1999
  0C:02BE    A$final-v2$2001
  0C:02BF    A$final-v2$2002
  0C:02C0    A$final-v2$2003
  0C:02C2    A$final-v2$2004
  0C:02C3    A$final-v2$2005
  0C:02C5    A$final-v2$2006
  0C:02C7    A$final-v2$2007
  0C:02C9    A$final-v2$2010
  0C:02CB    A$final-v2$2011
  0C:02CD    A$final-v2$2012
  0C:02CF    A$final-v2$2013
  0C:02D0    A$final-v2$2014
  0C:02D1    A$final-v2$2015
  0C:02D3    A$final-v2$2016
  0C:02D4    A$final-v2$2017
  0C:02D5    A$final-v2$2018
  0C:02D6    A$final-v2$2019
  0C:02D8    A$final-v2$2020
  0C:02D9    A$final-v2$2021
  0C:02DA    A$final-v2$2022
  0C:02DB    A$final-v2$2023
  0C:02DC    A$final-v2$2024
  0C:02DE    A$final-v2$2025
  0C:02DF    A$final-v2$2027
  0C:02E0    A$final-v2$2028
  0C:02E1    A$final-v2$2029
  0C:02E3    A$final-v2$2030
  0C:02E4    A$final-v2$2031
  0C:02E6    A$final-v2$2032
  0C:02E8    A$final-v2$2033
  0C:02EA    A$final-v2$2036
  0C:02EA    C$final_v2.c$136$3$3
  0C:02EB    A$final-v2$2037
  0C:02EC    A$final-v2$2038
  0C:02ED    A$final-v2$2039
  0C:02EF    A$final-v2$2042
  0C:02EF    C$final_v2.c$134$2$2
  0C:02F0    A$final-v2$2043
  0C:02F3    A$final-v2$2044
  0C:02F4    A$final-v2$2045
  0C:02F6    A$final-v2$2049
  0C:02F6    C$final_v2.c$132$1$1
  0C:02F7    A$final-v2$2050
  0C:02FA    A$final-v2$2051
  0C:02FB    A$final-v2$2052
  0C:02FD    A$final-v2$2056
  0C:02FD    C$final_v2.c$140$1$1
  0C:02FF    A$final-v2$2059
  0C:02FF    C$final_v2.c$143$1$1
  0C:0302    A$final-v2$2062
  0C:0302    C$final_v2.c$146$1$1
  0C:0304    A$final-v2$2063
  0C:0306    A$final-v2$2064
  0C:0308    A$final-v2$2065
  0C:030A    A$final-v2$2066
  0C:030C    A$final-v2$2067
  0C:030E    A$final-v2$2068
  0C:0311    A$final-v2$2069
  0C:0313    A$final-v2$2070
  0C:0315    A$final-v2$2071
  0C:0317    A$final-v2$2074
  0C:0317    C$final_v2.c$147$1$1
  0C:0319    A$final-v2$2075
  0C:031B    A$final-v2$2076
  0C:031D    A$final-v2$2077
  0C:031F    A$final-v2$2078
  0C:0321    A$final-v2$2079
  0C:0323    A$final-v2$2080
  0C:0326    A$final-v2$2081
  0C:0328    A$final-v2$2082
  0C:032A    A$final-v2$2083
  0C:032C    A$final-v2$2086
  0C:032C    C$final_v2.c$150$1$1
  0C:032E    A$final-v2$2087
  0C:0331    A$final-v2$2092
  0C:0331    C$final_v2.c$151$1$1
  0C:0331    C$final_v2.c$152$1$1
  0C:0331    XG$gameStart$0$0
  0C:0334    A$final-v2$2107
  0C:0334    C$final_v2.c$154$1$1
  0C:0334    C$final_v2.c$158$1$1
  0C:0334    G$printBoard$0$0
  0C:0334    _printBoard
  0C:0336    A$final-v2$2108
  0C:0338    A$final-v2$2109
  0C:033A    A$final-v2$2110
  0C:033C    A$final-v2$2111
  0C:033E    A$final-v2$2112
  0C:0340    A$final-v2$2113
  0C:0343    A$final-v2$2114
  0C:0345    A$final-v2$2115
  0C:0347    A$final-v2$2116
  0C:0349    A$final-v2$2119
  0C:034B    A$final-v2$2120
  0C:034D    A$final-v2$2121
  0C:034F    A$final-v2$2122
  0C:0351    A$final-v2$2124
  0C:0352    A$final-v2$2125
  0C:0353    A$final-v2$2126
  0C:0355    A$final-v2$2127
  0C:0356    A$final-v2$2128
  0C:0358    A$final-v2$2129
  0C:035A    A$final-v2$2130
  0C:035C    A$final-v2$2133
  0C:035C    C$final_v2.c$163$2$2
  0C:035F    A$final-v2$2134
  0C:0362    A$final-v2$2135
  0C:0364    A$final-v2$2137
  0C:0367    A$final-v2$2138
  0C:036A    A$final-v2$2142
  0C:036A    C$final_v2.c$164$2$2
  0C:036C    A$final-v2$2143
  0C:036E    A$final-v2$2144
  0C:0370    A$final-v2$2145
  0C:0372    A$final-v2$2146
  0C:0374    A$final-v2$2147
  0C:0376    A$final-v2$2148
  0C:0378    A$final-v2$2149
  0C:037A    A$final-v2$2150
  0C:037D    A$final-v2$2151
  0C:037F    A$final-v2$2152
  0C:0381    A$final-v2$2153
  0C:0383    A$final-v2$2154
  0C:0385    A$final-v2$2155
  0C:0387    A$final-v2$2156
  0C:0389    A$final-v2$2160
  0C:0389    C$final_v2.c$166$2$2
  0C:038B    A$final-v2$2161
  0C:038D    A$final-v2$2162
  0C:038F    A$final-v2$2163
  0C:0391    A$final-v2$2164
  0C:0393    A$final-v2$2165
  0C:0395    A$final-v2$2166
  0C:0397    A$final-v2$2167
  0C:0399    A$final-v2$2168
  0C:039C    A$final-v2$2169
  0C:039E    A$final-v2$2170
  0C:03A0    A$final-v2$2171
  0C:03A2    A$final-v2$2172
  0C:03A4    A$final-v2$2173
  0C:03A6    A$final-v2$2177
  0C:03A6    C$final_v2.c$161$1$1
  0C:03A7    A$final-v2$2178
  0C:03AA    A$final-v2$2179
  0C:03AB    A$final-v2$2180
  0C:03AD    A$final-v2$2184
  0C:03AD    C$final_v2.c$169$1$1
  0C:03B0    A$final-v2$2187
  0C:03B0    C$final_v2.c$170$1$1
  0C:03B2    A$final-v2$2188
  0C:03B3    A$final-v2$2189
  0C:03B4    A$final-v2$2190
  0C:03B6    A$final-v2$2191
  0C:03B7    A$final-v2$2192
  0C:03B9    A$final-v2$2193
  0C:03BB    A$final-v2$2194
  0C:03BE    A$final-v2$2197
  0C:03BE    C$final_v2.c$171$1$1
  0C:03C1    A$final-v2$2200
  0C:03C1    C$final_v2.c$172$1$1
  0C:03C4    A$final-v2$2203
  0C:03C6    A$final-v2$2204
  0C:03C8    A$final-v2$2206
  0C:03C9    A$final-v2$2207
  0C:03CA    A$final-v2$2208
  0C:03CC    A$final-v2$2209
  0C:03CD    A$final-v2$2210
  0C:03CF    A$final-v2$2211
  0C:03D1    A$final-v2$2212
  0C:03D3    A$final-v2$2215
  0C:03D3    C$final_v2.c$175$1$1
  0C:03D5    A$final-v2$2216
  0C:03D7    A$final-v2$2217
  0C:03D9    A$final-v2$2218
  0C:03DB    A$final-v2$2219
  0C:03DE    A$final-v2$2220
  0C:03E0    A$final-v2$2221
  0C:03E2    A$final-v2$2224
  0C:03E2    C$final_v2.c$174$1$1
  0C:03E3    A$final-v2$2225
  0C:03E6    A$final-v2$2226
  0C:03E7    A$final-v2$2227
  0C:03E9    A$final-v2$2231
  0C:03E9    C$final_v2.c$176$1$1
  0C:03E9    XG$printBoard$0$0
  0C:03EA    A$final-v2$2246
  0C:03EA    C$final_v2.c$178$1$1
  0C:03EA    G$printSubBoard$0$0
  0C:03EA    _printSubBoard
  0C:03ED    A$final-v2$2247
  0C:03F0    A$final-v2$2250
  0C:03F0    C$final_v2.c$183$1$1
  0C:03F3    A$final-v2$2251
  0C:03F4    A$final-v2$2252
  0C:03F6    A$final-v2$2253
  0C:03F9    A$final-v2$2254
  0C:03FC    A$final-v2$2255
  0C:03FF    A$final-v2$2256
  0C:0401    A$final-v2$2257
  0C:0403    A$final-v2$2258
  0C:0404    A$final-v2$2259
  0C:0406    A$final-v2$2260
  0C:0408    A$final-v2$2261
  0C:0409    A$final-v2$2262
  0C:040B    A$final-v2$2263
  0C:040D    A$final-v2$2264
  0C:040E    A$final-v2$2265
  0C:040F    A$final-v2$2266
  0C:0410    A$final-v2$2267
  0C:0411    A$final-v2$2268
  0C:0413    A$final-v2$2269
  0C:0414    A$final-v2$2270
  0C:0417    A$final-v2$2271
  0C:0418    A$final-v2$2272
  0C:041A    A$final-v2$2273
  0C:041D    A$final-v2$2274
  0C:0420    A$final-v2$2275
  0C:0422    A$final-v2$2276
  0C:0424    A$final-v2$2277
  0C:0427    A$final-v2$2278
  0C:0429    A$final-v2$2279
  0C:042B    A$final-v2$2280
  0C:042C    A$final-v2$2281
  0C:042E    A$final-v2$2282
  0C:0430    A$final-v2$2283
  0C:0431    A$final-v2$2284
  0C:0433    A$final-v2$2285
  0C:0435    A$final-v2$2286
  0C:0436    A$final-v2$2287
  0C:0437    A$final-v2$2288
  0C:0438    A$final-v2$2289
  0C:0439    A$final-v2$2290
  0C:043B    A$final-v2$2291
  0C:043C    A$final-v2$2292
  0C:043E    A$final-v2$2293
  0C:0440    A$final-v2$2294
  0C:0442    A$final-v2$2295
  0C:0444    A$final-v2$2296
  0C:0446    A$final-v2$2297
  0C:0448    A$final-v2$2298
  0C:044A    A$final-v2$2299
  0C:044C    A$final-v2$2300
  0C:044F    A$final-v2$2301
  0C:0451    A$final-v2$2302
  0C:0453    A$final-v2$2303
  0C:0455    A$final-v2$2306
  0C:0455    C$final_v2.c$186$1$1
  0C:0458    A$final-v2$2307
  0C:045B    A$final-v2$2308
  0C:045E    A$final-v2$2309
  0C:0461    A$final-v2$2310
  0C:0463    A$final-v2$2311
  0C:0466    A$final-v2$2312
  0C:0468    A$final-v2$2314
  0C:046B    A$final-v2$2318
  0C:046B    C$final_v2.c$188$2$2
  0C:046D    A$final-v2$2319
  0C:046F    A$final-v2$2320
  0C:0471    A$final-v2$2321
  0C:0473    A$final-v2$2322
  0C:0475    A$final-v2$2323
  0C:0477    A$final-v2$2324
  0C:047A    A$final-v2$2325
  0C:047C    A$final-v2$2326
  0C:047E    A$final-v2$2327
  0C:0480    A$final-v2$2330
  0C:0480    C$final_v2.c$189$2$2
  0C:0483    A$final-v2$2331
  0C:0484    A$final-v2$2332
  0C:0486    A$final-v2$2333
  0C:0489    A$final-v2$2334
  0C:048C    A$final-v2$2335
  0C:048F    A$final-v2$2336
  0C:0491    A$final-v2$2337
  0C:0493    A$final-v2$2338
  0C:0494    A$final-v2$2339
  0C:0496    A$final-v2$2340
  0C:0498    A$final-v2$2341
  0C:0499    A$final-v2$2342
  0C:049B    A$final-v2$2343
  0C:049D    A$final-v2$2344
  0C:049E    A$final-v2$2345
  0C:049F    A$final-v2$2346
  0C:04A0    A$final-v2$2347
  0C:04A2    A$final-v2$2348
  0C:04A3    A$final-v2$2349
  0C:04A5    A$final-v2$2350
  0C:04A7    A$final-v2$2351
  0C:04AA    A$final-v2$2352
  0C:04AB    A$final-v2$2353
  0C:04AD    A$final-v2$2354
  0C:04B0    A$final-v2$2355
  0C:04B3    A$final-v2$2356
  0C:04B5    A$final-v2$2357
  0C:04B7    A$final-v2$2358
  0C:04BA    A$final-v2$2359
  0C:04BC    A$final-v2$2360
  0C:04BE    A$final-v2$2361
  0C:04C0    A$final-v2$2362
  0C:04C2    A$final-v2$2363
  0C:04C3    A$final-v2$2364
  0C:04C5    A$final-v2$2365
  0C:04C7    A$final-v2$2366
  0C:04C8    A$final-v2$2367
  0C:04CA    A$final-v2$2368
  0C:04CC    A$final-v2$2369
  0C:04CD    A$final-v2$2370
  0C:04CE    A$final-v2$2371
  0C:04CF    A$final-v2$2372
  0C:04D0    A$final-v2$2373
  0C:04D2    A$final-v2$2374
  0C:04D3    A$final-v2$2375
  0C:04D4    A$final-v2$2376
  0C:04D7    A$final-v2$2377
  0C:04D8    A$final-v2$2379
  0C:04DA    A$final-v2$2380
  0C:04DC    A$final-v2$2381
  0C:04DE    A$final-v2$2382
  0C:04E0    A$final-v2$2383
  0C:04E2    A$final-v2$2384
  0C:04E4    A$final-v2$2385
  0C:04E6    A$final-v2$2386
  0C:04E8    A$final-v2$2387
  0C:04EA    A$final-v2$2388
  0C:04EC    A$final-v2$2389
  0C:04EE    A$final-v2$2390
  0C:04F0    A$final-v2$2391
  0C:04F2    A$final-v2$2392
  0C:04F4    A$final-v2$2393
  0C:04F7    A$final-v2$2394
  0C:04F9    A$final-v2$2395
  0C:04FB    A$final-v2$2396
  0C:04FD    A$final-v2$2397
  0C:04FF    A$final-v2$2398
  0C:0501    A$final-v2$2399
  0C:0503    A$final-v2$2400
  0C:0505    A$final-v2$2403
  0C:0505    C$final_v2.c$190$2$2
  0C:0506    A$final-v2$2404
  0C:0508    A$final-v2$2405
  0C:050A    A$final-v2$2406
  0C:050B    A$final-v2$2407
  0C:050D    A$final-v2$2408
  0C:050F    A$final-v2$2409
  0C:0510    A$final-v2$2410
  0C:0511    A$final-v2$2411
  0C:0512    A$final-v2$2412
  0C:0513    A$final-v2$2413
  0C:0515    A$final-v2$2414
  0C:0516    A$final-v2$2415
  0C:0517    A$final-v2$2416
  0C:0519    A$final-v2$2417
  0C:051B    A$final-v2$2418
  0C:051C    A$final-v2$2419
  0C:051E    A$final-v2$2420
  0C:0520    A$final-v2$2421
  0C:0521    A$final-v2$2422
  0C:0522    A$final-v2$2423
  0C:0523    A$final-v2$2424
  0C:0524    A$final-v2$2425
  0C:0526    A$final-v2$2426
  0C:0527    A$final-v2$2427
  0C:0529    A$final-v2$2428
  0C:052A    A$final-v2$2429
  0C:052B    A$final-v2$2430
  0C:052C    A$final-v2$2431
  0C:052D    A$final-v2$2432
  0C:052E    A$final-v2$2433
  0C:0530    A$final-v2$2434
  0C:0532    A$final-v2$2435
  0C:0534    A$final-v2$2436
  0C:0536    A$final-v2$2437
  0C:0538    A$final-v2$2438
  0C:053A    A$final-v2$2439
  0C:053C    A$final-v2$2440
  0C:053E    A$final-v2$2441
  0C:0540    A$final-v2$2442
  0C:0542    A$final-v2$2443
  0C:0545    A$final-v2$2444
  0C:0547    A$final-v2$2445
  0C:0549    A$final-v2$2446
  0C:054B    A$final-v2$2447
  0C:054C    A$final-v2$2451
  0C:054C    C$final_v2.c$194$1$1
  0C:054F    A$final-v2$2452
  0C:0552    A$final-v2$2453
  0C:0555    A$final-v2$2454
  0C:0558    A$final-v2$2455
  0C:055A    A$final-v2$2456
  0C:055D    A$final-v2$2457
  0C:055F    A$final-v2$2459
  0C:0562    A$final-v2$2463
  0C:0562    C$final_v2.c$196$2$3
  0C:0564    A$final-v2$2464
  0C:0566    A$final-v2$2465
  0C:0568    A$final-v2$2466
  0C:056A    A$final-v2$2467
  0C:056C    A$final-v2$2468
  0C:056E    A$final-v2$2469
  0C:0571    A$final-v2$2470
  0C:0573    A$final-v2$2471
  0C:0575    A$final-v2$2472
  0C:0577    A$final-v2$2475
  0C:0577    C$final_v2.c$197$2$3
  0C:057A    A$final-v2$2476
  0C:057B    A$final-v2$2477
  0C:057D    A$final-v2$2478
  0C:0580    A$final-v2$2479
  0C:0583    A$final-v2$2480
  0C:0586    A$final-v2$2481
  0C:0588    A$final-v2$2482
  0C:058A    A$final-v2$2483
  0C:058B    A$final-v2$2484
  0C:058D    A$final-v2$2485
  0C:058F    A$final-v2$2486
  0C:0590    A$final-v2$2487
  0C:0592    A$final-v2$2488
  0C:0594    A$final-v2$2489
  0C:0595    A$final-v2$2490
  0C:0596    A$final-v2$2491
  0C:0597    A$final-v2$2492
  0C:0599    A$final-v2$2493
  0C:059A    A$final-v2$2494
  0C:059C    A$final-v2$2495
  0C:059E    A$final-v2$2496
  0C:05A1    A$final-v2$2497
  0C:05A2    A$final-v2$2498
  0C:05A4    A$final-v2$2499
  0C:05A7    A$final-v2$2500
  0C:05AA    A$final-v2$2501
  0C:05AC    A$final-v2$2502
  0C:05AE    A$final-v2$2503
  0C:05B1    A$final-v2$2504
  0C:05B3    A$final-v2$2505
  0C:05B5    A$final-v2$2506
  0C:05B7    A$final-v2$2507
  0C:05B9    A$final-v2$2508
  0C:05BA    A$final-v2$2509
  0C:05BC    A$final-v2$2510
  0C:05BE    A$final-v2$2511
  0C:05BF    A$final-v2$2512
  0C:05C1    A$final-v2$2513
  0C:05C3    A$final-v2$2514
  0C:05C4    A$final-v2$2515
  0C:05C5    A$final-v2$2516
  0C:05C6    A$final-v2$2517
  0C:05C7    A$final-v2$2518
  0C:05C9    A$final-v2$2519
  0C:05CA    A$final-v2$2520
  0C:05CB    A$final-v2$2521
  0C:05CE    A$final-v2$2522
  0C:05CF    A$final-v2$2524
  0C:05D1    A$final-v2$2525
  0C:05D3    A$final-v2$2526
  0C:05D5    A$final-v2$2527
  0C:05D7    A$final-v2$2528
  0C:05D9    A$final-v2$2529
  0C:05DB    A$final-v2$2530
  0C:05DD    A$final-v2$2531
  0C:05DF    A$final-v2$2532
  0C:05E1    A$final-v2$2533
  0C:05E3    A$final-v2$2534
  0C:05E5    A$final-v2$2535
  0C:05E7    A$final-v2$2536
  0C:05E9    A$final-v2$2537
  0C:05EB    A$final-v2$2538
  0C:05EE    A$final-v2$2539
  0C:05F0    A$final-v2$2540
  0C:05F2    A$final-v2$2541
  0C:05F4    A$final-v2$2542
  0C:05F6    A$final-v2$2543
  0C:05F8    A$final-v2$2544
  0C:05FA    A$final-v2$2545
  0C:05FC    A$final-v2$2548
  0C:05FC    C$final_v2.c$198$2$3
  0C:05FD    A$final-v2$2549
  0C:05FF    A$final-v2$2550
  0C:0601    A$final-v2$2551
  0C:0602    A$final-v2$2552
  0C:0604    A$final-v2$2553
  0C:0606    A$final-v2$2554
  0C:0607    A$final-v2$2555
  0C:0608    A$final-v2$2556
  0C:0609    A$final-v2$2557
  0C:060A    A$final-v2$2558
  0C:060C    A$final-v2$2559
  0C:060D    A$final-v2$2560
  0C:060E    A$final-v2$2561
  0C:0610    A$final-v2$2562
  0C:0612    A$final-v2$2563
  0C:0613    A$final-v2$2564
  0C:0615    A$final-v2$2565
  0C:0617    A$final-v2$2566
  0C:0618    A$final-v2$2567
  0C:0619    A$final-v2$2568
  0C:061A    A$final-v2$2569
  0C:061B    A$final-v2$2570
  0C:061D    A$final-v2$2571
  0C:061E    A$final-v2$2572
  0C:0620    A$final-v2$2573
  0C:0621    A$final-v2$2574
  0C:0622    A$final-v2$2575
  0C:0623    A$final-v2$2576
  0C:0624    A$final-v2$2577
  0C:0625    A$final-v2$2578
  0C:0627    A$final-v2$2579
  0C:0629    A$final-v2$2580
  0C:062B    A$final-v2$2581
  0C:062D    A$final-v2$2582
  0C:062F    A$final-v2$2583
  0C:0631    A$final-v2$2584
  0C:0633    A$final-v2$2585
  0C:0635    A$final-v2$2586
  0C:0637    A$final-v2$2587
  0C:0639    A$final-v2$2588
  0C:063C    A$final-v2$2589
  0C:063E    A$final-v2$2590
  0C:0640    A$final-v2$2591
  0C:0642    A$final-v2$2592
  0C:0643    A$final-v2$2596
  0C:0645    A$final-v2$2597
  0C:0647    A$final-v2$2598
  0C:064A    A$final-v2$2599
  0C:064B    A$final-v2$2600
  0C:064D    A$final-v2$2601
  0C:0650    A$final-v2$2602
  0C:0653    A$final-v2$2603
  0C:0655    A$final-v2$2604
  0C:0657    A$final-v2$2605
  0C:065A    A$final-v2$2606
  0C:065C    A$final-v2$2607
  0C:065E    A$final-v2$2608
  0C:0661    A$final-v2$2609
  0C:0662    A$final-v2$2610
  0C:0664    A$final-v2$2611
  0C:0667    A$final-v2$2612
  0C:066A    A$final-v2$2613
  0C:066C    A$final-v2$2614
  0C:066E    A$final-v2$2615
  0C:0671    A$final-v2$2616
  0C:0673    A$final-v2$2617
  0C:0675    A$final-v2$2618
  0C:0677    A$final-v2$2619
  0C:0679    A$final-v2$2620
  0C:067B    A$final-v2$2621
  0C:067D    A$final-v2$2623
  0C:067E    A$final-v2$2624
  0C:067F    A$final-v2$2625
  0C:0681    A$final-v2$2626
  0C:0682    A$final-v2$2627
  0C:0684    A$final-v2$2628
  0C:0686    A$final-v2$2629
  0C:0688    A$final-v2$2630
  0C:0689    A$final-v2$2634
  0C:0689    C$final_v2.c$206$1$1
  0C:068C    A$final-v2$2635
  0C:068D    A$final-v2$2636
  0C:068F    A$final-v2$2637
  0C:0691    A$final-v2$2638
  0C:0693    A$final-v2$2639
  0C:0695    A$final-v2$2640
  0C:0697    A$final-v2$2641
  0C:0699    A$final-v2$2642
  0C:069B    A$final-v2$2643
  0C:069D    A$final-v2$2644
  0C:069F    A$final-v2$2645
  0C:06A2    A$final-v2$2646
  0C:06A4    A$final-v2$2647
  0C:06A7    A$final-v2$2648
  0C:06A9    A$final-v2$2649
  0C:06AB    A$final-v2$2650
  0C:06AD    A$final-v2$2651
  0C:06AF    A$final-v2$2652
  0C:06B1    A$final-v2$2653
  0C:06B3    A$final-v2$2654
  0C:06B5    A$final-v2$2655
  0C:06B7    A$final-v2$2656
  0C:06BA    A$final-v2$2660
  0C:06BB    A$final-v2$2661
  0C:06BD    A$final-v2$2662
  0C:06BF    A$final-v2$2663
  0C:06C0    A$final-v2$2664
  0C:06C2    A$final-v2$2665
  0C:06C4    A$final-v2$2666
  0C:06C5    A$final-v2$2667
  0C:06C6    A$final-v2$2668
  0C:06C7    A$final-v2$2669
  0C:06C8    A$final-v2$2670
  0C:06CA    A$final-v2$2671
  0C:06CB    A$final-v2$2672
  0C:06CC    A$final-v2$2673
  0C:06CE    A$final-v2$2674
  0C:06D0    A$final-v2$2675
  0C:06D1    A$final-v2$2676
  0C:06D3    A$final-v2$2677
  0C:06D5    A$final-v2$2678
  0C:06D7    A$final-v2$2679
  0C:06D9    A$final-v2$2680
  0C:06DA    A$final-v2$2681
  0C:06DB    A$final-v2$2682
  0C:06DC    A$final-v2$2683
  0C:06DE    A$final-v2$2684
  0C:06DF    A$final-v2$2685
  0C:06E1    A$final-v2$2686
  0C:06E3    A$final-v2$2687
  0C:06E6    A$final-v2$2688
  0C:06E7    A$final-v2$2689
  0C:06E9    A$final-v2$2690
  0C:06EB    A$final-v2$2691
  0C:06ED    A$final-v2$2692
  0C:06EF    A$final-v2$2693
  0C:06F1    A$final-v2$2694
  0C:06F3    A$final-v2$2695
  0C:06F5    A$final-v2$2696
  0C:06F7    A$final-v2$2697
  0C:06F9    A$final-v2$2698
  0C:06FC    A$final-v2$2699
  0C:06FE    A$final-v2$2700
  0C:0700    A$final-v2$2701
  0C:0702    A$final-v2$2702
  0C:0704    A$final-v2$2703
  0C:0706    A$final-v2$2704
  0C:0708    A$final-v2$2705
  0C:070A    A$final-v2$2706
  0C:070C    A$final-v2$2707
  0C:070D    A$final-v2$2708
  0C:070F    A$final-v2$2709
  0C:0710    A$final-v2$2710
  0C:0711    A$final-v2$2711
  0C:0713    A$final-v2$2712
  0C:0714    A$final-v2$2713
  0C:0716    A$final-v2$2714
  0C:0718    A$final-v2$2715
  0C:071A    A$final-v2$2716
  0C:071C    A$final-v2$2717
  0C:071E    A$final-v2$2718
  0C:0720    A$final-v2$2719
  0C:0722    A$final-v2$2720
  0C:0724    A$final-v2$2721
  0C:0726    A$final-v2$2722
  0C:0728    A$final-v2$2723
  0C:072A    A$final-v2$2724
  0C:072C    A$final-v2$2725
  0C:072E    A$final-v2$2726
  0C:0730    A$final-v2$2727
  0C:0732    A$final-v2$2728
  0C:0734    A$final-v2$2729
  0C:0737    A$final-v2$2730
  0C:0739    A$final-v2$2731
  0C:073B    A$final-v2$2732
  0C:073D    A$final-v2$2733
  0C:073F    A$final-v2$2734
  0C:0741    A$final-v2$2735
  0C:0743    A$final-v2$2736
  0C:0745    A$final-v2$2737
  0C:0747    A$final-v2$2738
  0C:0749    A$final-v2$2741
  0C:0749    C$final_v2.c$204$1$1
  0C:074B    A$final-v2$2742
  0C:074D    A$final-v2$2748
  0C:074D    C$final_v2.c$207$3$5
  0C:074D    C$final_v2.c$209$3$5
  0C:074F    A$final-v2$2749
  0C:0751    A$final-v2$2750
  0C:0754    A$final-v2$2751
  0C:0757    A$final-v2$2752
  0C:0759    A$final-v2$2753
  0C:075B    A$final-v2$2754
  0C:075D    A$final-v2$2755
  0C:075F    A$final-v2$2756
  0C:0761    A$final-v2$2757
  0C:0763    A$final-v2$2758
  0C:0766    A$final-v2$2759
  0C:0768    A$final-v2$2760
  0C:0769    A$final-v2$2761
  0C:076A    A$final-v2$2762
  0C:076C    A$final-v2$2763
  0C:076D    A$final-v2$2764
  0C:076F    A$final-v2$2765
  0C:0771    A$final-v2$2766
  0C:0773    A$final-v2$2767
  0C:0775    A$final-v2$2768
  0C:0777    A$final-v2$2769
  0C:0779    A$final-v2$2770
  0C:077B    A$final-v2$2771
  0C:077D    A$final-v2$2772
  0C:0780    A$final-v2$2773
  0C:0782    A$final-v2$2774
  0C:0784    A$final-v2$2775
  0C:0786    A$final-v2$2776
  0C:0788    A$final-v2$2777
  0C:078A    A$final-v2$2778
  0C:078C    A$final-v2$2779
  0C:078E    A$final-v2$2780
  0C:0790    A$final-v2$2781
  0C:0792    A$final-v2$2784
  0C:0792    C$final_v2.c$210$1$1
  0C:0795    A$final-v2$2785
  0C:0796    A$final-v2$2786
  0C:0798    A$final-v2$2787
  0C:079A    A$final-v2$2788
  0C:079C    A$final-v2$2789
  0C:079E    A$final-v2$2790
  0C:07A0    A$final-v2$2791
  0C:07A2    A$final-v2$2792
  0C:07A4    A$final-v2$2793
  0C:07A6    A$final-v2$2794
  0C:07A8    A$final-v2$2795
  0C:07AB    A$final-v2$2796
  0C:07AD    A$final-v2$2797
  0C:07AF    A$final-v2$2798
  0C:07B1    A$final-v2$2799
  0C:07B3    A$final-v2$2800
  0C:07B5    A$final-v2$2801
  0C:07B7    A$final-v2$2802
  0C:07B9    A$final-v2$2803
  0C:07BB    A$final-v2$2804
  0C:07BE    A$final-v2$2805
  0C:07C1    A$final-v2$2806
  0C:07C3    A$final-v2$2810
  0C:07C3    C$final_v2.c$211$3$5
  0C:07C5    A$final-v2$2811
  0C:07C7    A$final-v2$2812
  0C:07C9    A$final-v2$2813
  0C:07CB    A$final-v2$2814
  0C:07CD    A$final-v2$2815
  0C:07CF    A$final-v2$2816
  0C:07D1    A$final-v2$2817
  0C:07D3    A$final-v2$2818
  0C:07D5    A$final-v2$2819
  0C:07D7    A$final-v2$2820
  0C:07D9    A$final-v2$2821
  0C:07DB    A$final-v2$2822
  0C:07DE    A$final-v2$2823
  0C:07E0    A$final-v2$2824
  0C:07E2    A$final-v2$2825
  0C:07E4    A$final-v2$2826
  0C:07E6    A$final-v2$2827
  0C:07E8    A$final-v2$2828
  0C:07EA    A$final-v2$2829
  0C:07EC    A$final-v2$2830
  0C:07EE    A$final-v2$2831
  0C:07F0    A$final-v2$2835
  0C:07F0    C$final_v2.c$204$2$4
  0C:07F1    A$final-v2$2836
  0C:07F4    A$final-v2$2837
  0C:07F5    A$final-v2$2841
  0C:07F5    C$final_v2.c$214$1$1
  0C:07F5    XG$printSubBoard$0$0
  0C:07F8    A$final-v2$2856
  0C:07F8    C$final_v2.c$216$1$1
  0C:07F8    G$checkBoardWin$0$0
  0C:07F8    _checkBoardWin
  0C:07FA    A$final-v2$2857
  0C:07FC    A$final-v2$2860
  0C:07FE    A$final-v2$2861
  0C:0800    A$final-v2$2862
  0C:0802    A$final-v2$2863
  0C:0804    A$final-v2$2865
  0C:0805    A$final-v2$2866
  0C:0806    A$final-v2$2867
  0C:0808    A$final-v2$2868
  0C:0809    A$final-v2$2869
  0C:080B    A$final-v2$2870
  0C:080D    A$final-v2$2871
  0C:080F    A$final-v2$2874
  0C:080F    C$final_v2.c$222$2$2
  0C:0810    A$final-v2$2875
  0C:0812    A$final-v2$2876
  0C:0813    A$final-v2$2877
  0C:0815    A$final-v2$2878
  0C:0817    A$final-v2$2879
  0C:0819    A$final-v2$2880
  0C:081B    A$final-v2$2881
  0C:081D    A$final-v2$2882
  0C:081F    A$final-v2$2883
  0C:0821    A$final-v2$2884
  0C:0823    A$final-v2$2885
  0C:0825    A$final-v2$2886
  0C:0828    A$final-v2$2887
  0C:082A    A$final-v2$2888
  0C:082C    A$final-v2$2889
  0C:082E    A$final-v2$2890
  0C:0830    A$final-v2$2891
  0C:0832    A$final-v2$2892
  0C:0834    A$final-v2$2893
  0C:0835    A$final-v2$2896
  0C:0835    C$final_v2.c$220$1$1
  0C:0836    A$final-v2$2897
  0C:0839    A$final-v2$2898
  0C:083A    A$final-v2$2899
  0C:083C    A$final-v2$2903
  0C:083E    A$final-v2$2904
  0C:0840    A$final-v2$2905
  0C:0842    A$final-v2$2906
  0C:0844    A$final-v2$2908
  0C:0845    A$final-v2$2909
  0C:0846    A$final-v2$2910
  0C:0848    A$final-v2$2911
  0C:0849    A$final-v2$2912
  0C:084B    A$final-v2$2913
  0C:084D    A$final-v2$2914
  0C:084F    A$final-v2$2917
  0C:084F    C$final_v2.c$228$2$3
  0C:0850    A$final-v2$2918
  0C:0852    A$final-v2$2919
  0C:0853    A$final-v2$2920
  0C:0855    A$final-v2$2921
  0C:0857    A$final-v2$2922
  0C:0859    A$final-v2$2923
  0C:085A    A$final-v2$2924
  0C:085C    A$final-v2$2925
  0C:085D    A$final-v2$2926
  0C:085F    A$final-v2$2927
  0C:0860    A$final-v2$2928
  0C:0863    A$final-v2$2929
  0C:0864    A$final-v2$2930
  0C:0866    A$final-v2$2931
  0C:0867    A$final-v2$2932
  0C:0869    A$final-v2$2933
  0C:086B    A$final-v2$2934
  0C:086D    A$final-v2$2935
  0C:086E    A$final-v2$2936
  0C:0870    A$final-v2$2937
  0C:0871    A$final-v2$2938
  0C:0873    A$final-v2$2939
  0C:0874    A$final-v2$2940
  0C:0877    A$final-v2$2941
  0C:0878    A$final-v2$2942
  0C:087A    A$final-v2$2943
  0C:087B    A$final-v2$2944
  0C:087D    A$final-v2$2945
  0C:0880    A$final-v2$2946
  0C:0882    A$final-v2$2950
  0C:0882    C$final_v2.c$229$2$3
  0C:0883    A$final-v2$2951
  0C:0884    A$final-v2$2955
  0C:0884    C$final_v2.c$226$1$1
  0C:0885    A$final-v2$2956
  0C:0888    A$final-v2$2957
  0C:0889    A$final-v2$2958
  0C:088B    A$final-v2$2962
  0C:088D    A$final-v2$2963
  0C:088F    A$final-v2$2964
  0C:0891    A$final-v2$2965
  0C:0893    A$final-v2$2967
  0C:0894    A$final-v2$2968
  0C:0895    A$final-v2$2969
  0C:0897    A$final-v2$2970
  0C:0898    A$final-v2$2971
  0C:089A    A$final-v2$2972
  0C:089C    A$final-v2$2973
  0C:089E    A$final-v2$2976
  0C:089E    C$final_v2.c$235$2$4
  0C:089F    A$final-v2$2977
  0C:08A1    A$final-v2$2978
  0C:08A2    A$final-v2$2979
  0C:08A4    A$final-v2$2980
  0C:08A6    A$final-v2$2981
  0C:08A7    A$final-v2$2982
  0C:08A8    A$final-v2$2983
  0C:08AA    A$final-v2$2984
  0C:08AB    A$final-v2$2985
  0C:08AD    A$final-v2$2986
  0C:08AE    A$final-v2$2987
  0C:08B1    A$final-v2$2988
  0C:08B2    A$final-v2$2989
  0C:08B4    A$final-v2$2990
  0C:08B5    A$final-v2$2991
  0C:08B7    A$final-v2$2992
  0C:08B9    A$final-v2$2993
  0C:08BB    A$final-v2$2994
  0C:08BC    A$final-v2$2995
  0C:08BE    A$final-v2$2996
  0C:08BF    A$final-v2$2997
  0C:08C1    A$final-v2$2998
  0C:08C2    A$final-v2$2999
  0C:08C5    A$final-v2$3000
  0C:08C6    A$final-v2$3001
  0C:08C8    A$final-v2$3002
  0C:08C9    A$final-v2$3003
  0C:08CB    A$final-v2$3004
  0C:08CE    A$final-v2$3005
  0C:08D0    A$final-v2$3009
  0C:08D0    C$final_v2.c$236$2$4
  0C:08D1    A$final-v2$3010
  0C:08D2    A$final-v2$3014
  0C:08D2    C$final_v2.c$233$1$1
  0C:08D4    A$final-v2$3015
  0C:08D5    A$final-v2$3016
  0C:08D6    A$final-v2$3017
  0C:08D7    A$final-v2$3018
  0C:08D8    A$final-v2$3019
  0C:08D9    A$final-v2$3020
  0C:08DB    A$final-v2$3024
  0C:08DB    C$final_v2.c$240$1$1
  0C:08DD    A$final-v2$3025
  0C:08E0    A$final-v2$3026
  0C:08E2    A$final-v2$3027
  0C:08E5    A$final-v2$3028
  0C:08E7    A$final-v2$3029
  0C:08EA    A$final-v2$3030
  0C:08EC    A$final-v2$3034
  0C:08EC    C$final_v2.c$241$1$1
  0C:08ED    A$final-v2$3035
  0C:08EE    A$final-v2$3039
  0C:08EE    C$final_v2.c$244$1$1
  0C:08F0    A$final-v2$3040
  0C:08F3    A$final-v2$3041
  0C:08F5    A$final-v2$3042
  0C:08F8    A$final-v2$3043
  0C:08FA    A$final-v2$3044
  0C:08FD    A$final-v2$3045
  0C:08FF    A$final-v2$3049
  0C:08FF    C$final_v2.c$245$1$1
  0C:0900    A$final-v2$3050
  0C:0901    A$final-v2$3054
  0C:0901    C$final_v2.c$247$1$1
  0C:0902    A$final-v2$3057
  0C:0902    C$final_v2.c$248$1$1
  0C:0902    XG$checkBoardWin$0$0
  0C:0903    A$final-v2$3071
  0C:0903    C$final_v2.c$250$1$1
  0C:0903    C$final_v2.c$253$1$1
  0C:0903    G$gameWon$0$0
  0C:0903    _gameWon
  0C:0906    A$final-v2$3072
  0C:0909    A$final-v2$3073
  0C:090B    A$final-v2$3076
  0C:090B    C$final_v2.c$256$2$2
  0C:090D    A$final-v2$3077
  0C:090F    A$final-v2$3078
  0C:0911    A$final-v2$3079
  0C:0913    A$final-v2$3080
  0C:0915    A$final-v2$3081
  0C:0917    A$final-v2$3082
  0C:091A    A$final-v2$3083
  0C:091C    A$final-v2$3084
  0C:091E    A$final-v2$3085
  0C:0920    A$final-v2$3088
  0C:0920    C$final_v2.c$257$2$2
  0C:0923    A$final-v2$3091
  0C:0923    C$final_v2.c$258$2$2
  0C:0925    A$final-v2$3092
  0C:0927    A$final-v2$3093
  0C:0929    A$final-v2$3094
  0C:092B    A$final-v2$3095
  0C:092D    A$final-v2$3096
  0C:092F    A$final-v2$3097
  0C:0932    A$final-v2$3098
  0C:0934    A$final-v2$3099
  0C:0936    A$final-v2$3100
  0C:0938    A$final-v2$3101
  0C:093A    A$final-v2$3105
  0C:093A    C$final_v2.c$260$2$2
  0C:093C    A$final-v2$3106
  0C:093E    A$final-v2$3107
  0C:0940    A$final-v2$3108
  0C:0942    A$final-v2$3109
  0C:0944    A$final-v2$3110
  0C:0946    A$final-v2$3111
  0C:0949    A$final-v2$3112
  0C:094B    A$final-v2$3113
  0C:094D    A$final-v2$3114
  0C:094F    A$final-v2$3118
  0C:094F    C$final_v2.c$262$2$2
  0C:0950    A$final-v2$3119
  0C:0951    A$final-v2$3123
  0C:0951    C$final_v2.c$265$1$1
  0C:0952    A$final-v2$3126
  0C:0952    C$final_v2.c$266$1$1
  0C:0952    XG$gameWon$0$0
  0C:0953    A$final-v2$3142
  0C:0953    C$final_v2.c$268$1$1
  0C:0953    C$final_v2.c$270$1$1
  0C:0953    G$getMove$0$0
  0C:0953    _getMove
  0C:0955    A$final-v2$3145
  0C:0955    C$final_v2.c$271$1$1
  0C:0957    A$final-v2$3146
  0C:0958    A$final-v2$3147
  0C:0959    A$final-v2$3148
  0C:095B    A$final-v2$3149
  0C:095C    A$final-v2$3153
  0C:095C    C$final_v2.c$274$1$1
  0C:095F    A$final-v2$3154
  0C:0961    A$final-v2$3156
  0C:0964    A$final-v2$3157
  0C:0966    A$final-v2$3159
  0C:0967    A$final-v2$3160
  0C:0968    A$final-v2$3161
  0C:0969    A$final-v2$3162
  0C:096B    A$final-v2$3163
  0C:096C    A$final-v2$3164
  0C:096F    A$final-v2$3165
  0C:0972    A$final-v2$3166
  0C:0974    A$final-v2$3168
  0C:0977    A$final-v2$3173
  0C:0977    C$final_v2.c$276$2$2
  0C:0979    A$final-v2$3174
  0C:097B    A$final-v2$3175
  0C:097E    A$final-v2$3176
  0C:0980    A$final-v2$3177
  0C:0982    A$final-v2$3178
  0C:0984    A$final-v2$3181
  0C:0984    C$final_v2.c$278$2$2
  0C:0987    A$final-v2$3182
  0C:0988    A$final-v2$3183
  0C:0989    A$final-v2$3184
  0C:098A    A$final-v2$3185
  0C:098C    A$final-v2$3186
  0C:098E    A$final-v2$3187
  0C:0991    A$final-v2$3188
  0C:0993    A$final-v2$3189
  0C:0995    A$final-v2$3192
  0C:0995    C$final_v2.c$279$2$2
  0C:0996    A$final-v2$3193
  0C:0999    A$final-v2$3194
  0C:099A    A$final-v2$3196
  0C:099C    A$final-v2$3200
  0C:099C    C$final_v2.c$280$2$2
  0C:099F    A$final-v2$3201
  0C:09A0    A$final-v2$3202
  0C:09A1    A$final-v2$3203
  0C:09A3    A$final-v2$3204
  0C:09A4    A$final-v2$3205
  0C:09A6    A$final-v2$3206
  0C:09A8    A$final-v2$3207
  0C:09AA    A$final-v2$3210
  0C:09AA    C$final_v2.c$281$2$2
  0C:09AB    A$final-v2$3211
  0C:09AE    A$final-v2$3212
  0C:09AF    A$final-v2$3217
  0C:09AF    C$final_v2.c$282$2$2
  0C:09B1    A$final-v2$3218
  0C:09B3    A$final-v2$3219
  0C:09B5    A$final-v2$3220
  0C:09B7    A$final-v2$3221
  0C:09B9    A$final-v2$3222
  0C:09BC    A$final-v2$3223
  0C:09BE    A$final-v2$3224
  0C:09C0    A$final-v2$3227
  0C:09C0    C$final_v2.c$283$2$2
  0C:09C2    A$final-v2$3228
  0C:09C4    A$final-v2$3229
  0C:09C6    A$final-v2$3230
  0C:09C8    A$final-v2$3231
  0C:09CB    A$final-v2$3234
  0C:09CB    C$final_v2.c$285$2$2
  0C:09CD    A$final-v2$3235
  0C:09CF    A$final-v2$3236
  0C:09D1    A$final-v2$3237
  0C:09D3    A$final-v2$3238
  0C:09D5    A$final-v2$3239
  0C:09D7    A$final-v2$3240
  0C:09DA    A$final-v2$3241
  0C:09DC    A$final-v2$3242
  0C:09DE    A$final-v2$3243
  0C:09E0    A$final-v2$3244
  0C:09E2    A$final-v2$3245
  0C:09E4    A$final-v2$3248
  0C:09E4    C$final_v2.c$286$2$2
  0C:09E6    A$final-v2$3249
  0C:09E7    A$final-v2$3250
  0C:09E8    A$final-v2$3251
  0C:09EA    A$final-v2$3252
  0C:09EB    A$final-v2$3253
  0C:09ED    A$final-v2$3254
  0C:09EF    A$final-v2$3255
  0C:09F1    A$final-v2$3256
  0C:09F3    A$final-v2$3257
  0C:09F5    A$final-v2$3258
  0C:09F7    A$final-v2$3259
  0C:09F9    A$final-v2$3260
  0C:09FB    A$final-v2$3261
  0C:09FD    A$final-v2$3262
  0C:09FF    A$final-v2$3263
  0C:0A01    A$final-v2$3264
  0C:0A03    A$final-v2$3265
  0C:0A06    A$final-v2$3266
  0C:0A08    A$final-v2$3267
  0C:0A0A    A$final-v2$3268
  0C:0A0C    A$final-v2$3269
  0C:0A0E    A$final-v2$3270
  0C:0A10    A$final-v2$3271
  0C:0A12    A$final-v2$3272
  0C:0A15    A$final-v2$3276
  0C:0A15    C$final_v2.c$292$1$1
  0C:0A18    A$final-v2$3279
  0C:0A18    C$final_v2.c$294$2$3
  0C:0A1A    A$final-v2$3280
  0C:0A1C    A$final-v2$3281
  0C:0A1E    A$final-v2$3282
  0C:0A20    A$final-v2$3283
  0C:0A22    A$final-v2$3284
  0C:0A24    A$final-v2$3285
  0C:0A27    A$final-v2$3286
  0C:0A29    A$final-v2$3287
  0C:0A2B    A$final-v2$3288
  0C:0A2D    A$final-v2$3291
  0C:0A2D    C$final_v2.c$295$2$3
  0C:0A2F    A$final-v2$3292
  0C:0A31    A$final-v2$3293
  0C:0A33    A$final-v2$3294
  0C:0A35    A$final-v2$3295
  0C:0A37    A$final-v2$3296
  0C:0A39    A$final-v2$3297
  0C:0A3C    A$final-v2$3298
  0C:0A3E    A$final-v2$3299
  0C:0A40    A$final-v2$3300
  0C:0A42    A$final-v2$3303
  0C:0A42    C$final_v2.c$297$2$3
  0C:0A45    A$final-v2$3307
  0C:0A45    C$final_v2.c$300$2$3
  0C:0A47    A$final-v2$3308
  0C:0A4A    A$final-v2$3309
  0C:0A4B    A$final-v2$3310
  0C:0A4D    A$final-v2$3311
  0C:0A50    A$final-v2$3312
  0C:0A53    A$final-v2$3313
  0C:0A55    A$final-v2$3314
  0C:0A57    A$final-v2$3315
  0C:0A59    A$final-v2$3316
  0C:0A5B    A$final-v2$3317
  0C:0A5C    A$final-v2$3318
  0C:0A5E    A$final-v2$3319
  0C:0A60    A$final-v2$3320
  0C:0A63    A$final-v2$3321
  0C:0A66    A$final-v2$3322
  0C:0A68    A$final-v2$3323
  0C:0A6B    A$final-v2$3324
  0C:0A6D    A$final-v2$3329
  0C:0A6D    C$final_v2.c$302$3$4
  0C:0A70    A$final-v2$3332
  0C:0A70    C$final_v2.c$303$3$4
  0C:0A72    A$final-v2$3333
  0C:0A74    A$final-v2$3336
  0C:0A74    C$final_v2.c$304$3$4
  0C:0A76    A$final-v2$3337
  0C:0A78    A$final-v2$3338
  0C:0A79    A$final-v2$3339
  0C:0A7B    A$final-v2$3340
  0C:0A7C    A$final-v2$3341
  0C:0A7E    A$final-v2$3342
  0C:0A80    A$final-v2$3343
  0C:0A81    A$final-v2$3344
  0C:0A84    A$final-v2$3345
  0C:0A86    A$final-v2$3349
  0C:0A86    C$final_v2.c$308$1$1
  0C:0A88    A$final-v2$3350
  0C:0A8A    A$final-v2$3351
  0C:0A8C    A$final-v2$3352
  0C:0A8E    A$final-v2$3353
  0C:0A90    A$final-v2$3354
  0C:0A92    A$final-v2$3355
  0C:0A95    A$final-v2$3356
  0C:0A97    A$final-v2$3357
  0C:0A99    A$final-v2$3358
  0C:0A9B    A$final-v2$3361
  0C:0A9B    C$final_v2.c$309$1$1
  0C:0A9D    A$final-v2$3362
  0C:0A9F    A$final-v2$3363
  0C:0AA1    A$final-v2$3364
  0C:0AA3    A$final-v2$3365
  0C:0AA5    A$final-v2$3366
  0C:0AA7    A$final-v2$3367
  0C:0AAA    A$final-v2$3368
  0C:0AAC    A$final-v2$3369
  0C:0AAE    A$final-v2$3370
  0C:0AB0    A$final-v2$3373
  0C:0AB0    C$final_v2.c$311$1$1
  0C:0AB3    A$final-v2$3374
  0C:0AB5    A$final-v2$3375
  0C:0AB7    A$final-v2$3376
  0C:0ABA    A$final-v2$3377
  0C:0ABC    A$final-v2$3378
  0C:0ABD    A$final-v2$3379
  0C:0ABE    A$final-v2$3381
  0C:0ABF    A$final-v2$3382
  0C:0AC1    A$final-v2$3383
  0C:0AC4    A$final-v2$3384
  0C:0AC5    A$final-v2$3385
  0C:0AC6    A$final-v2$3387
  0C:0AC9    A$final-v2$3388
  0C:0ACA    A$final-v2$3389
  0C:0ACB    A$final-v2$3390
  0C:0ACC    A$final-v2$3391
  0C:0ACE    A$final-v2$3392
  0C:0ACF    A$final-v2$3393
  0C:0AD1    A$final-v2$3394
  0C:0AD4    A$final-v2$3395
  0C:0AD6    A$final-v2$3396
  0C:0AD9    A$final-v2$3397
  0C:0ADB    A$final-v2$3398
  0C:0ADC    A$final-v2$3399
  0C:0ADD    A$final-v2$3401
  0C:0ADE    A$final-v2$3402
  0C:0AE1    A$final-v2$3403
  0C:0AE2    A$final-v2$3404
  0C:0AE3    A$final-v2$3406
  0C:0AE6    A$final-v2$3407
  0C:0AE7    A$final-v2$3408
  0C:0AE8    A$final-v2$3409
  0C:0AE9    A$final-v2$3410
  0C:0AEB    A$final-v2$3411
  0C:0AEC    A$final-v2$3412
  0C:0AEE    A$final-v2$3413
  0C:0AF0    A$final-v2$3414
  0C:0AF2    A$final-v2$3415
  0C:0AF4    A$final-v2$3416
  0C:0AF6    A$final-v2$3417
  0C:0AF8    A$final-v2$3418
  0C:0AFA    A$final-v2$3419
  0C:0AFC    A$final-v2$3420
  0C:0AFE    A$final-v2$3421
  0C:0B00    A$final-v2$3422
  0C:0B03    A$final-v2$3423
  0C:0B05    A$final-v2$3424
  0C:0B07    A$final-v2$3425
  0C:0B09    A$final-v2$3428
  0C:0B09    C$final_v2.c$313$1$1
  0C:0B0B    A$final-v2$3432
  0C:0B0B    C$final_v2.c$316$1$1
  0C:0B0C    A$final-v2$3433
  0C:0B0F    A$final-v2$3434
  0C:0B10    A$final-v2$3435
  0C:0B12    A$final-v2$3436
  0C:0B14    A$final-v2$3437
  0C:0B17    A$final-v2$3438
  0C:0B19    A$final-v2$3439
  0C:0B1B    A$final-v2$3440
  0C:0B1D    A$final-v2$3441
  0C:0B1E    A$final-v2$3442
  0C:0B1F    A$final-v2$3443
  0C:0B21    A$final-v2$3444
  0C:0B22    A$final-v2$3445
  0C:0B23    A$final-v2$3446
  0C:0B25    A$final-v2$3447
  0C:0B26    A$final-v2$3448
  0C:0B28    A$final-v2$3449
  0C:0B2A    A$final-v2$3450
  0C:0B2C    A$final-v2$3451
  0C:0B2E    A$final-v2$3452
  0C:0B30    A$final-v2$3453
  0C:0B33    A$final-v2$3454
  0C:0B35    A$final-v2$3455
  0C:0B37    A$final-v2$3456
  0C:0B3A    A$final-v2$3457
  0C:0B3C    A$final-v2$3462
  0C:0B3C    C$final_v2.c$318$2$5
  0C:0B3F    A$final-v2$3465
  0C:0B3F    C$final_v2.c$319$2$5
  0C:0B41    A$final-v2$3466
  0C:0B43    A$final-v2$3467
  0C:0B44    A$final-v2$3468
  0C:0B46    A$final-v2$3472
  0C:0B46    C$final_v2.c$323$1$1
  0C:0B49    A$final-v2$3475
  0C:0B49    C$final_v2.c$324$1$1
  0C:0B4B    A$final-v2$3476
  0C:0B4C    A$final-v2$3477
  0C:0B4D    A$final-v2$3478
  0C:0B4F    A$final-v2$3479
  0C:0B50    A$final-v2$3480
  0C:0B51    A$final-v2$3481
  0C:0B53    A$final-v2$3482
  0C:0B54    A$final-v2$3483
  0C:0B56    A$final-v2$3484
  0C:0B58    A$final-v2$3485
  0C:0B5B    A$final-v2$3486
  0C:0B5D    A$final-v2$3487
  0C:0B5F    A$final-v2$3488
  0C:0B61    A$final-v2$3489
  0C:0B64    A$final-v2$3490
  0C:0B66    A$final-v2$3491
  0C:0B68    A$final-v2$3495
  0C:0B68    C$final_v2.c$326$1$1
  0C:0B6A    A$final-v2$3496
  0C:0B6B    A$final-v2$3497
  0C:0B6C    A$final-v2$3498
  0C:0B6E    A$final-v2$3499
  0C:0B6F    A$final-v2$3500
  0C:0B70    A$final-v2$3501
  0C:0B72    A$final-v2$3502
  0C:0B73    A$final-v2$3503
  0C:0B75    A$final-v2$3504
  0C:0B77    A$final-v2$3505
  0C:0B7A    A$final-v2$3506
  0C:0B7C    A$final-v2$3507
  0C:0B7E    A$final-v2$3508
  0C:0B80    A$final-v2$3509
  0C:0B83    A$final-v2$3510
  0C:0B85    A$final-v2$3514
  0C:0B85    C$final_v2.c$329$1$1
  0C:0B87    A$final-v2$3515
  0C:0B88    A$final-v2$3516
  0C:0B89    A$final-v2$3517
  0C:0B8B    A$final-v2$3518
  0C:0B8C    A$final-v2$3519
  0C:0B8E    A$final-v2$3520
  0C:0B90    A$final-v2$3521
  0C:0B92    A$final-v2$3522
  0C:0B95    A$final-v2$3523
  0C:0B97    A$final-v2$3524
  0C:0B99    A$final-v2$3527
  0C:0B99    C$final_v2.c$330$1$1
  0C:0B9C    A$final-v2$3530
  0C:0B9C    C$final_v2.c$331$1$1
  0C:0B9E    A$final-v2$3531
  0C:0BA0    A$final-v2$3532
  0C:0BA1    A$final-v2$3533
  0C:0BA3    A$final-v2$3534
  0C:0BA5    A$final-v2$3535
  0C:0BA8    A$final-v2$3536
  0C:0BAB    A$final-v2$3537
  0C:0BAD    A$final-v2$3538
  0C:0BB0    A$final-v2$3539
  0C:0BB2    A$final-v2$3540
  0C:0BB4    A$final-v2$3544
  0C:0BB4    C$final_v2.c$333$1$1
  0C:0BB6    A$final-v2$3545
  0C:0BB8    A$final-v2$3546
  0C:0BB9    A$final-v2$3547
  0C:0BBB    A$final-v2$3548
  0C:0BBD    A$final-v2$3549
  0C:0BC0    A$final-v2$3550
  0C:0BC3    A$final-v2$3551
  0C:0BC5    A$final-v2$3552
  0C:0BC8    A$final-v2$3553
  0C:0BCA    A$final-v2$3557
  0C:0BCA    C$final_v2.c$336$1$1
  0C:0BCC    A$final-v2$3562
  0C:0BCC    C$final_v2.c$339$1$1
  0C:0BCC    C$final_v2.c$340$1$1
  0C:0BCF    A$final-v2$3563
  0C:0BD1    A$final-v2$3565
  0C:0BD2    A$final-v2$3569
  0C:0BD2    C$final_v2.c$342$1$1
  0C:0BD4    A$final-v2$3572
  0C:0BD4    C$final_v2.c$343$1$1
  0C:0BD4    XG$getMove$0$0
  0C:0BD5    A$final-v2$3589
  0C:0BD5    C$final_v2.c$347$1$1
  0C:0BD5    G$getPos$0$0
  0C:0BD5    _getPos
  0C:0BD7    A$final-v2$3590
  0C:0BD9    A$final-v2$3593
  0C:0BD9    C$final_v2.c$351$1$1
  0C:0BDB    A$final-v2$3596
  0C:0BDB    C$final_v2.c$352$1$1
  0C:0BDE    A$final-v2$3597
  0C:0BDF    A$final-v2$3598
  0C:0BE1    A$final-v2$3599
  0C:0BE4    A$final-v2$3600
  0C:0BE7    A$final-v2$3601
  0C:0BE9    A$final-v2$3602
  0C:0BEB    A$final-v2$3603
  0C:0BED    A$final-v2$3604
  0C:0BF0    A$final-v2$3605
  0C:0BF2    A$final-v2$3606
  0C:0BF4    A$final-v2$3607
  0C:0BF6    A$final-v2$3608
  0C:0BF8    A$final-v2$3611
  0C:0BF8    C$final_v2.c$354$1$1
  0C:0BF9    A$final-v2$3612
  0C:0BFA    A$final-v2$3613
  0C:0BFC    A$final-v2$3614
  0C:0BFD    A$final-v2$3615
  0C:0BFE    A$final-v2$3616
  0C:0BFF    A$final-v2$3617
  0C:0C01    A$final-v2$3618
  0C:0C02    A$final-v2$3619
  0C:0C03    A$final-v2$3620
  0C:0C04    A$final-v2$3621
  0C:0C06    A$final-v2$3622
  0C:0C07    A$final-v2$3623
  0C:0C08    A$final-v2$3624
  0C:0C09    A$final-v2$3625
  0C:0C0A    A$final-v2$3626
  0C:0C0C    A$final-v2$3629
  0C:0C0C    C$final_v2.c$355$1$1
  0C:0C0F    A$final-v2$3630
  0C:0C10    A$final-v2$3631
  0C:0C12    A$final-v2$3632
  0C:0C15    A$final-v2$3633
  0C:0C18    A$final-v2$3634
  0C:0C1A    A$final-v2$3635
  0C:0C1C    A$final-v2$3636
  0C:0C1F    A$final-v2$3637
  0C:0C22    A$final-v2$3638
  0C:0C25    A$final-v2$3639
  0C:0C27    A$final-v2$3640
  0C:0C29    A$final-v2$3643
  0C:0C29    C$final_v2.c$357$1$1
  0C:0C2B    A$final-v2$3644
  0C:0C2D    A$final-v2$3645
  0C:0C2F    A$final-v2$3648
  0C:0C2F    C$final_v2.c$359$2$2
  0C:0C31    A$final-v2$3649
  0C:0C32    A$final-v2$3650
  0C:0C33    A$final-v2$3654
  0C:0C33    C$final_v2.c$361$1$1
  0C:0C35    A$final-v2$3655
  0C:0C38    A$final-v2$3656
  0C:0C39    A$final-v2$3657
  0C:0C3C    A$final-v2$3658
  0C:0C3E    A$final-v2$3660
  0C:0C40    A$final-v2$3664
  0C:0C40    C$final_v2.c$363$2$3
  0C:0C42    A$final-v2$3665
  0C:0C43    A$final-v2$3666
  0C:0C44    A$final-v2$3667
  0C:0C45    A$final-v2$3668
  0C:0C46    A$final-v2$3669
  0C:0C48    A$final-v2$3670
  0C:0C49    A$final-v2$3674
  0C:0C49    C$final_v2.c$365$1$1
  0C:0C4B    A$final-v2$3675
  0C:0C4E    A$final-v2$3676
  0C:0C4F    A$final-v2$3677
  0C:0C52    A$final-v2$3678
  0C:0C54    A$final-v2$3680
  0C:0C56    A$final-v2$3684
  0C:0C56    C$final_v2.c$367$2$4
  0C:0C59    A$final-v2$3685
  0C:0C5A    A$final-v2$3686
  0C:0C5B    A$final-v2$3687
  0C:0C5D    A$final-v2$3688
  0C:0C5E    A$final-v2$3692
  0C:0C5E    C$final_v2.c$369$1$1
  0C:0C61    A$final-v2$3695
  0C:0C61    C$final_v2.c$371$2$5
  0C:0C64    A$final-v2$3696
  0C:0C65    A$final-v2$3700
  0C:0C65    C$final_v2.c$373$1$1
  0C:0C68    A$final-v2$3703
  0C:0C68    C$final_v2.c$375$2$6
  0C:0C6B    A$final-v2$3708
  0C:0C6B    C$final_v2.c$379$2$7
  0C:0C6B    C$final_v2.c$381$1$1
  0C:0C6B    XG$getPos$0$0
  0C:0C6C    A$final-v2$3710
  0C:0C6F    A$final-v2$3711
  0C:0C70    A$final-v2$3728
  0C:0C70    C$final_v2.c$383$1$1
  0C:0C70    G$setPos$0$0
  0C:0C70    _setPos
  0C:0C72    A$final-v2$3729
  0C:0C74    A$final-v2$3732
  0C:0C74    C$final_v2.c$386$1$1
  0C:0C77    A$final-v2$3735
  0C:0C77    C$final_v2.c$388$2$1
  0C:0C7A    A$final-v2$3736
  0C:0C7B    A$final-v2$3737
  0C:0C7D    A$final-v2$3738
  0C:0C80    A$final-v2$3739
  0C:0C83    A$final-v2$3740
  0C:0C85    A$final-v2$3741
  0C:0C87    A$final-v2$3742
  0C:0C8A    A$final-v2$3743
  0C:0C8C    A$final-v2$3744
  0C:0C8E    A$final-v2$3747
  0C:0C8E    C$final_v2.c$390$2$1
  0C:0C91    A$final-v2$3748
  0C:0C92    A$final-v2$3749
  0C:0C94    A$final-v2$3750
  0C:0C97    A$final-v2$3751
  0C:0C9A    A$final-v2$3752
  0C:0C9C    A$final-v2$3753
  0C:0C9E    A$final-v2$3754
  0C:0CA1    A$final-v2$3755
  0C:0CA4    A$final-v2$3756
  0C:0CA7    A$final-v2$3757
  0C:0CA9    A$final-v2$3758
  0C:0CAB    A$final-v2$3759
  0C:0CAD    A$final-v2$3760
  0C:0CAF    A$final-v2$3763
  0C:0CAF    C$final_v2.c$391$1$1
  0C:0CB1    A$final-v2$3764
  0C:0CB4    A$final-v2$3767
  0C:0CB4    C$final_v2.c$393$2$2
  0C:0CB7    A$final-v2$3768
  0C:0CB9    A$final-v2$3772
  0C:0CB9    C$final_v2.c$395$1$1
  0C:0CBB    A$final-v2$3773
  0C:0CBE    A$final-v2$3776
[...]
  0C:0CC9    A$final-v2$3786
  0C:0CCA    A$final-v2$3787
  0C:0CCB    A$final-v2$3788
  0C:0CCD    A$final-v2$3789
  0C:0CCE    A$final-v2$3790
  0C:0CCF    A$final-v2$3791
  0C:0CD0    A$final-v2$3792
  0C:0CD2    A$final-v2$3793
  0C:0CD3    A$final-v2$3794
  0C:0CD4    A$final-v2$3795
  0C:0CD5    A$final-v2$3796
  0C:0CD7    A$final-v2$3797
  0C:0CD8    A$final-v2$3798
  0C:0CD9    A$final-v2$3799
  0C:0CDB    A$final-v2$3800
  0C:0CDE    A$final-v2$3801
  0C:0CE0    A$final-v2$3804
  0C:0CE0    C$final_v2.c$401$2$4
  0C:0CE2    A$final-v2$3805
  0C:0CE3    A$final-v2$3806
  0C:0CE4    A$final-v2$3807
  0C:0CE5    A$final-v2$3811
  0C:0CE5    C$final_v2.c$403$1$1
  0C:0CE7    A$final-v2$3812
  0C:0CEA    A$final-v2$3813
  0C:0CEB    A$final-v2$3814
  0C:0CEE    A$final-v2$3815
  0C:0CF0    A$final-v2$3817
  0C:0CF2    A$final-v2$3821
  0C:0CF2    C$final_v2.c$404$2$5
  0C:0CF4    A$final-v2$3822
  0C:0CF5    A$final-v2$3823
  0C:0CF6    A$final-v2$3824
  0C:0CF8    A$final-v2$3825
  0C:0CF9    A$final-v2$3826
  0C:0CFA    A$final-v2$3827
  0C:0CFB    A$final-v2$3828
  0C:0CFD    A$final-v2$3829
  0C:0CFE    A$final-v2$3830
  0C:0CFF    A$final-v2$3831
  0C:0D00    A$final-v2$3832
  0C:0D02    A$final-v2$3833
  0C:0D03    A$final-v2$3834
  0C:0D04    A$final-v2$3835
  0C:0D06    A$final-v2$3836
  0C:0D09    A$final-v2$3837
  0C:0D0B    A$final-v2$3840
  0C:0D0B    C$final_v2.c$405$2$5
  0C:0D0D    A$final-v2$3841
  0C:0D0F    A$final-v2$3842
  0C:0D11    A$final-v2$3843
  0C:0D12    A$final-v2$3844
  0C:0D13    A$final-v2$3845
  0C:0D14    A$final-v2$3849
  0C:0D14    C$final_v2.c$407$1$1
  0C:0D16    A$final-v2$3850
  0C:0D19    A$final-v2$3851
  0C:0D1A    A$final-v2$3852
  0C:0D1D    A$final-v2$3853
  0C:0D1F    A$final-v2$3855
  0C:0D20    A$final-v2$3859
  0C:0D20    C$final_v2.c$408$2$6
  0C:0D21    A$final-v2$3860
  0C:0D22    A$final-v2$3861
  0C:0D24    A$final-v2$3862
  0C:0D25    A$final-v2$3863
  0C:0D26    A$final-v2$3864
  0C:0D27    A$final-v2$3865
  0C:0D29    A$final-v2$3866
  0C:0D2A    A$final-v2$3867
  0C:0D2B    A$final-v2$3868
  0C:0D2C    A$final-v2$3869
  0C:0D2E    A$final-v2$3870
  0C:0D2F    A$final-v2$3871
  0C:0D30    A$final-v2$3872
  0C:0D32    A$final-v2$3873
  0C:0D35    A$final-v2$3874
  0C:0D37    A$final-v2$3877
  0C:0D37    C$final_v2.c$409$2$6
  0C:0D39    A$final-v2$3878
  0C:0D3A    A$final-v2$3879
  0C:0D3C    A$final-v2$3880
  0C:0D3D    A$final-v2$3881
  0C:0D3E    A$final-v2$3884
  0C:0D3E    C$final_v2.c$411$2$1
  0C:0D3E    XG$setPos$0$0
  0C:0D3F    A$final-v2$3899
  0C:0D3F    C$final_v2.c$415$2$1
  0C:0D3F    C$final_v2.c$419$1$1
  0C:0D3F    G$lightMainBoard$0$0
  0C:0D3F    _lightMainBoard
  0C:0D42    A$final-v2$3902
  0C:0D42    C$final_v2.c$422$1$1
  0C:0D43    A$final-v2$3903
  0C:0D45    A$final-v2$3904
  0C:0D47    A$final-v2$3905
  0C:0D4A    A$final-v2$3906
  0C:0D4D    A$final-v2$3907
  0C:0D4F    A$final-v2$3908
  0C:0D52    A$final-v2$3911
  0C:0D52    C$final_v2.c$423$1$1
  0C:0D55    A$final-v2$3912
  0C:0D57    A$final-v2$3916
  0C:0D57    C$final_v2.c$424$1$1
  0C:0D58    A$final-v2$3917
  0C:0D5A    A$final-v2$3918
  0C:0D5C    A$final-v2$3919
  0C:0D5F    A$final-v2$3920
  0C:0D62    A$final-v2$3921
  0C:0D64    A$final-v2$3922
  0C:0D67    A$final-v2$3925
  0C:0D67    C$final_v2.c$425$1$1
  0C:0D6A    A$final-v2$3926
  0C:0D6C    A$final-v2$3930
  0C:0D6C    C$final_v2.c$427$1$1
  0C:0D6F    A$final-v2$3934
  0C:0D6F    C$final_v2.c$430$1$1
  0C:0D72    A$final-v2$3937
  0C:0D74    A$final-v2$3938
  0C:0D76    A$final-v2$3939
  0C:0D78    A$final-v2$3940
  0C:0D7A    A$final-v2$3942
  0C:0D7B    A$final-v2$3943
  0C:0D7C    A$final-v2$3944
  0C:0D7E    A$final-v2$3945
  0C:0D7F    A$final-v2$3946
  0C:0D81    A$final-v2$3947
  0C:0D83    A$final-v2$3948
  0C:0D85    A$final-v2$3951
  0C:0D85    C$final_v2.c$433$2$2
  0C:0D87    A$final-v2$3952
  0C:0D89    A$final-v2$3953
  0C:0D8B    A$final-v2$3954
  0C:0D8D    A$final-v2$3957
  0C:0D8D    C$final_v2.c$434$2$2
  0C:0D8F    A$final-v2$3958
  0C:0D91    A$final-v2$3959
  0C:0D94    A$final-v2$3960
  0C:0D96    A$final-v2$3961
  0C:0D98    A$final-v2$3962
  0C:0D9B    A$final-v2$3963
  0C:0D9D    A$final-v2$3964
  0C:0D9F    A$final-v2$3965
  0C:0DA1    A$final-v2$3966
  0C:0DA4    A$final-v2$3969
  0C:0DA4    C$final_v2.c$435$2$2
  0C:0DA6    A$final-v2$3970
  0C:0DA8    A$final-v2$3974
  0C:0DA8    C$final_v2.c$436$2$2
  0C:0DAA    A$final-v2$3975
  0C:0DAC    A$final-v2$3976
  0C:0DAF    A$final-v2$3977
  0C:0DB1    A$final-v2$3978
  0C:0DB3    A$final-v2$3979
  0C:0DB6    A$final-v2$3980
  0C:0DB8    A$final-v2$3981
  0C:0DBA    A$final-v2$3982
  0C:0DBC    A$final-v2$3983
  0C:0DBF    A$final-v2$3986
  0C:0DBF    C$final_v2.c$437$2$2
  0C:0DC1    A$final-v2$3987
  0C:0DC3    A$final-v2$3988
  0C:0DC5    A$final-v2$3992
  0C:0DC5    C$final_v2.c$439$2$2
  0C:0DC8    A$final-v2$3996
  0C:0DC8    C$final_v2.c$431$1$1
  0C:0DC9    A$final-v2$3997
  0C:0DCC    A$final-v2$3998
  0C:0DCD    A$final-v2$3999
  0C:0DCF    A$final-v2$4003
  0C:0DCF    C$final_v2.c$443$1$1
  0C:0DD2    A$final-v2$4006
  0C:0DD4    A$final-v2$4007
  0C:0DD6    A$final-v2$4009
  0C:0DD7    A$final-v2$4010
  0C:0DD8    A$final-v2$4011
  0C:0DDA    A$final-v2$4012
  0C:0DDB    A$final-v2$4013
  0C:0DDD    A$final-v2$4014
  0C:0DDF    A$final-v2$4015
  0C:0DE1    A$final-v2$4018
  0C:0DE1    C$final_v2.c$446$2$3
  0C:0DE3    A$final-v2$4019
  0C:0DE5    A$final-v2$4020
  0C:0DE7    A$final-v2$4021
  0C:0DE9    A$final-v2$4024
  0C:0DE9    C$final_v2.c$447$2$3
  0C:0DEB    A$final-v2$4025
  0C:0DED    A$final-v2$4026
  0C:0DF0    A$final-v2$4027
  0C:0DF2    A$final-v2$4028
  0C:0DF4    A$final-v2$4029
  0C:0DF7    A$final-v2$4030
  0C:0DF9    A$final-v2$4031
  0C:0DFB    A$final-v2$4032
  0C:0DFD    A$final-v2$4033
  0C:0E00    A$final-v2$4036
  0C:0E00    C$final_v2.c$448$2$3
  0C:0E02    A$final-v2$4037
  0C:0E04    A$final-v2$4041
  0C:0E04    C$final_v2.c$449$2$3
  0C:0E06    A$final-v2$4042
  0C:0E08    A$final-v2$4043
  0C:0E0B    A$final-v2$4044
  0C:0E0D    A$final-v2$4045
  0C:0E0F    A$final-v2$4046
  0C:0E12    A$final-v2$4047
  0C:0E14    A$final-v2$4048
  0C:0E16    A$final-v2$4049
  0C:0E18    A$final-v2$4050
  0C:0E1B    A$final-v2$4053
  0C:0E1B    C$final_v2.c$450$2$3
  0C:0E1D    A$final-v2$4054
  0C:0E1F    A$final-v2$4055
  0C:0E21    A$final-v2$4059
  0C:0E21    C$final_v2.c$452$2$3
  0C:0E24    A$final-v2$4063
  0C:0E24    C$final_v2.c$444$1$1
  0C:0E25    A$final-v2$4064
  0C:0E28    A$final-v2$4065
  0C:0E29    A$final-v2$4066
  0C:0E2B    A$final-v2$4070
  0C:0E2B    C$final_v2.c$455$1$1
  0C:0E2E    A$final-v2$4073
  0C:0E2E    C$final_v2.c$456$1$1
  0C:0E2E    XG$lightMainBoard$0$0
  0C:0E2F    A$final-v2$4087
  0C:0E2F    C$final_v2.c$458$1$1
  0C:0E2F    G$lightSubBoard$0$0
  0C:0E2F    _lightSubBoard
  0C:0E31    A$final-v2$4088
  0C:0E33    A$final-v2$4091
  0C:0E33    C$final_v2.c$462$1$1
  0C:0E36    A$final-v2$4094
  0C:0E36    C$final_v2.c$465$1$1
  0C:0E37    A$final-v2$4095
  0C:0E39    A$final-v2$4096
  0C:0E3B    A$final-v2$4097
  0C:0E3D    A$final-v2$4098
  0C:0E3F    A$final-v2$4099
  0C:0E41    A$final-v2$4100
  0C:0E43    A$final-v2$4101
  0C:0E46    A$final-v2$4102
  0C:0E48    A$final-v2$4103
  0C:0E4A    A$final-v2$4104
  0C:0E4C    A$final-v2$4105
  0C:0E4F    A$final-v2$4108
  0C:0E4F    C$final_v2.c$466$1$1
  0C:0E52    A$final-v2$4109
  0C:0E54    A$final-v2$4113
  0C:0E54    C$final_v2.c$467$1$1
  0C:0E55    A$final-v2$4114
  0C:0E57    A$final-v2$4115
  0C:0E59    A$final-v2$4116
  0C:0E5B    A$final-v2$4117
  0C:0E5D    A$final-v2$4118
  0C:0E5F    A$final-v2$4119
  0C:0E61    A$final-v2$4120
  0C:0E64    A$final-v2$4121
  0C:0E66    A$final-v2$4122
  0C:0E68    A$final-v2$4123
  0C:0E6A    A$final-v2$4124
  0C:0E6D    A$final-v2$4127
  0C:0E6D    C$final_v2.c$468$1$1
  0C:0E70    A$final-v2$4128
  0C:0E72    A$final-v2$4132
  0C:0E72    C$final_v2.c$470$1$1
  0C:0E75    A$final-v2$4136
  0C:0E75    C$final_v2.c$473$1$1
  0C:0E78    A$final-v2$4139
  0C:0E7A    A$final-v2$4140
  0C:0E7C    A$final-v2$4141
  0C:0E7E    A$final-v2$4142
  0C:0E80    A$final-v2$4144
  0C:0E81    A$final-v2$4145
  0C:0E82    A$final-v2$4146
  0C:0E84    A$final-v2$4147
  0C:0E85    A$final-v2$4148
  0C:0E87    A$final-v2$4149
  0C:0E89    A$final-v2$4150
  0C:0E8B    A$final-v2$4153
  0C:0E8B    C$final_v2.c$476$2$2
  0C:0E8D    A$final-v2$4154
  0C:0E8F    A$final-v2$4155
  0C:0E91    A$final-v2$4156
  0C:0E93    A$final-v2$4159
  0C:0E93    C$final_v2.c$477$2$2
  0C:0E95    A$final-v2$4160
  0C:0E97    A$final-v2$4161
  0C:0E99    A$final-v2$4162
  0C:0E9B    A$final-v2$4163
  0C:0E9D    A$final-v2$4164
  0C:0E9F    A$final-v2$4165
  0C:0EA1    A$final-v2$4166
  0C:0EA3    A$final-v2$4167
  0C:0EA6    A$final-v2$4168
  0C:0EA8    A$final-v2$4169
  0C:0EAA    A$final-v2$4170
  0C:0EAC    A$final-v2$4171
  0C:0EAE    A$final-v2$4172
  0C:0EB0    A$final-v2$4173
  0C:0EB3    A$final-v2$4176
  0C:0EB3    C$final_v2.c$478$2$2
  0C:0EB5    A$final-v2$4177
  0C:0EB7    A$final-v2$4181
  0C:0EB7    C$final_v2.c$479$2$2
  0C:0EB9    A$final-v2$4182
  0C:0EBB    A$final-v2$4183
  0C:0EBD    A$final-v2$4184
  0C:0EBF    A$final-v2$4185
  0C:0EC1    A$final-v2$4186
  0C:0EC3    A$final-v2$4187
  0C:0EC5    A$final-v2$4188
  0C:0EC7    A$final-v2$4189
  0C:0ECA    A$final-v2$4190
  0C:0ECC    A$final-v2$4191
  0C:0ECE    A$final-v2$4192
  0C:0ED0    A$final-v2$4193
  0C:0ED2    A$final-v2$4194
  0C:0ED4    A$final-v2$4195
  0C:0ED7    A$final-v2$4198
  0C:0ED7    C$final_v2.c$480$2$2
  0C:0ED9    A$final-v2$4199
  0C:0EDB    A$final-v2$4200
  0C:0EDD    A$final-v2$4204
  0C:0EDD    C$final_v2.c$482$2$2
  0C:0EE0    A$final-v2$4208
  0C:0EE0    C$final_v2.c$474$1$1
  0C:0EE1    A$final-v2$4209
  0C:0EE4    A$final-v2$4210
  0C:0EE5    A$final-v2$4211
  0C:0EE7    A$final-v2$4215
  0C:0EE7    C$final_v2.c$486$1$1
  0C:0EEA    A$final-v2$4218
  0C:0EEC    A$final-v2$4219
  0C:0EEE    A$final-v2$4221
  0C:0EEF    A$final-v2$4222
  0C:0EF0    A$final-v2$4223
  0C:0EF2    A$final-v2$4224
  0C:0EF3    A$final-v2$4225
  0C:0EF5    A$final-v2$4226
  0C:0EF7    A$final-v2$4227
  0C:0EF9    A$final-v2$4230
  0C:0EF9    C$final_v2.c$489$2$3
  0C:0EFB    A$final-v2$4231
  0C:0EFD    A$final-v2$4232
  0C:0EFF    A$final-v2$4233
  0C:0F01    A$final-v2$4236
  0C:0F01    C$final_v2.c$490$2$3
  0C:0F03    A$final-v2$4237
  0C:0F05    A$final-v2$4238
  0C:0F07    A$final-v2$4239
  0C:0F09    A$final-v2$4240
  0C:0F0B    A$final-v2$4241
  0C:0F0D    A$final-v2$4242
  0C:0F0F    A$final-v2$4243
  0C:0F11    A$final-v2$4244
  0C:0F14    A$final-v2$4245
  0C:0F16    A$final-v2$4246
  0C:0F18    A$final-v2$4247
  0C:0F1A    A$final-v2$4248
  0C:0F1C    A$final-v2$4249
  0C:0F1E    A$final-v2$4250
  0C:0F21    A$final-v2$4253
  0C:0F21    C$final_v2.c$491$2$3
  0C:0F23    A$final-v2$4254
  0C:0F25    A$final-v2$4258
  0C:0F25    C$final_v2.c$492$2$3
  0C:0F27    A$final-v2$4259
  0C:0F29    A$final-v2$4260
  0C:0F2B    A$final-v2$4261
  0C:0F2D    A$final-v2$4262
  0C:0F2F    A$final-v2$4263
  0C:0F31    A$final-v2$4264
  0C:0F33    A$final-v2$4265
  0C:0F35    A$final-v2$4266
  0C:0F38    A$final-v2$4267
  0C:0F3A    A$final-v2$4268
  0C:0F3C    A$final-v2$4269
  0C:0F3E    A$final-v2$4270
  0C:0F40    A$final-v2$4271
  0C:0F42    A$final-v2$4272
  0C:0F45    A$final-v2$4275
  0C:0F45    C$final_v2.c$493$2$3
  0C:0F47    A$final-v2$4276
  0C:0F49    A$final-v2$4277
  0C:0F4B    A$final-v2$4281
  0C:0F4B    C$final_v2.c$495$2$3
  0C:0F4E    A$final-v2$4285
  0C:0F4E    C$final_v2.c$487$1$1
  0C:0F4F    A$final-v2$4286
  0C:0F52    A$final-v2$4287
  0C:0F53    A$final-v2$4288
  0C:0F55    A$final-v2$4292
  0C:0F55    C$final_v2.c$498$1$1
  0C:0F58    A$final-v2$4295
  0C:0F58    C$final_v2.c$499$1$1
  0C:0F58    XG$lightSubBoard$0$0
  0C:0F59    A$final-v2$4309
  0C:0F59    C$final_v2.c$501$1$1
  0C:0F59    C$final_v2.c$503$1$1
  0C:0F59    G$lightCurrentNum$0$0
  0C:0F59    _lightCurrentNum
  0C:0F5C    A$final-v2$4312
  0C:0F5C    C$final_v2.c$505$1$1
  0C:0F5F    A$final-v2$4315
  0C:0F5F    C$final_v2.c$506$1$1
  0C:0F61    A$final-v2$4316
  0C:0F63    A$final-v2$4317
  0C:0F65    A$final-v2$4318
  0C:0F67    A$final-v2$4321
  0C:0F67    C$final_v2.c$510$1$1
  0C:0F6A    A$final-v2$4324
  0C:0F6A    C$final_v2.c$511$1$1
  0C:0F6A    XG$lightCurrentNum$0$0
  0C:0F6B    A$final-v2$4337
  0C:0F6B    C$final_v2.c$513$1$1
  0C:0F6B    G$lightDisplayedNum$0$0
  0C:0F6B    _lightDisplayedNum
  0C:0F6D    A$final-v2$4340
  0C:0F6D    C$final_v2.c$515$1$1
  0C:0F70    A$final-v2$4343
  0C:0F70    C$final_v2.c$517$1$1
  0C:0F73    A$final-v2$4346
  0C:0F73    C$final_v2.c$518$1$1
  0C:0F74    A$final-v2$4347
  0C:0F75    A$final-v2$4348
  0C:0F77    A$final-v2$4349
  0C:0F79    A$final-v2$4352
  0C:0F79    C$final_v2.c$520$1$1
  0C:0F7C    A$final-v2$4355
  0C:0F7C    C$final_v2.c$521$1$1
  0C:0F7C    XG$lightDisplayedNum$0$0
  0C:0F7D    A$final-v2$4369
  0C:0F7D    C$final_v2.c$523$1$1
  0C:0F7D    C$final_v2.c$525$1$1
  0C:0F7D    G$lightPlayerTurn$0$0
  0C:0F7D    _lightPlayerTurn
  0C:0F80    A$final-v2$4372
  0C:0F80    C$final_v2.c$527$1$1
  0C:0F83    A$final-v2$4375
  0C:0F83    C$final_v2.c$529$1$1
  0C:0F86    A$final-v2$4378
  0C:0F86    C$final_v2.c$530$1$1
  0C:0F89    A$final-v2$4379
  0C:0F8B    A$final-v2$4383
  0C:0F8B    C$final_v2.c$532$1$1
  0C:0F8E    A$final-v2$4387
  0C:0F8E    C$final_v2.c$534$1$1
  0C:0F91    A$final-v2$4390
  0C:0F91    C$final_v2.c$535$1$1
  0C:0F91    XG$lightPlayerTurn$0$0
  0C:0F92    A$final-v2$4406
  0C:0F92    C$final_v2.c$543$1$1
  0C:0F92    C$final_v2.c$548$1$1
  0C:0F92    G$SYSCLK_INIT$0$0
  0C:0F92    _SYSCLK_INIT
  0C:0F94    A$final-v2$4409
  0C:0F94    C$final_v2.c$549$1$1
  0C:0F97    A$final-v2$4412
  0C:0F97    C$final_v2.c$551$1$1
  0C:0F9A    A$final-v2$4415
  0C:0F9A    C$final_v2.c$552$1$1
  0C:0F9C    A$final-v2$4416
  0C:0F9E    A$final-v2$4418
  0C:0F9F    A$final-v2$4419
  0C:0FA2    A$final-v2$4420
  0C:0FA3    A$final-v2$4422
  0C:0FA4    A$final-v2$4423
  0C:0FA5    A$final-v2$4424
  0C:0FA7    A$final-v2$4428
  0C:0FA7    C$final_v2.c$553$1$1
  0C:0FA9    A$final-v2$4429
  0C:0FAC    A$final-v2$4432
  0C:0FAC    C$final_v2.c$554$1$1
  0C:0FAF    A$final-v2$4435
  0C:0FAF    C$final_v2.c$555$1$1
  0C:0FB2    A$final-v2$4438
  0C:0FB2    C$final_v2.c$557$1$1
  0C:0FB4    A$final-v2$4441
  0C:0FB4    C$final_v2.c$558$1$1
  0C:0FB4    XG$SYSCLK_INIT$0$0
  0C:0FB5    A$final-v2$4456
  0C:0FB5    C$final_v2.c$566$1$1
  0C:0FB5    C$final_v2.c$570$1$1
  0C:0FB5    G$PORT_INIT$0$0
  0C:0FB5    _PORT_INIT
  0C:0FB7    A$final-v2$4459
  0C:0FB7    C$final_v2.c$571$1$1
  0C:0FBA    A$final-v2$4462
  0C:0FBA    C$final_v2.c$573$1$1
  0C:0FBD    A$final-v2$4465
  0C:0FBD    C$final_v2.c$574$1$1
  0C:0FC0    A$final-v2$4468
  0C:0FC0    C$final_v2.c$575$1$1
  0C:0FC3    A$final-v2$4471
  0C:0FC3    C$final_v2.c$576$1$1
  0C:0FC6    A$final-v2$4474
  0C:0FC6    C$final_v2.c$578$1$1
  0C:0FC8    A$final-v2$4475
  0C:0FCB    A$final-v2$4478
  0C:0FCB    C$final_v2.c$579$1$1
  0C:0FCE    A$final-v2$4481
  0C:0FCE    C$final_v2.c$580$1$1
  0C:0FD0    A$final-v2$4482
  0C:0FD3    A$final-v2$4485
  0C:0FD3    C$final_v2.c$581$1$1
  0C:0FD6    A$final-v2$4488
  0C:0FD6    C$final_v2.c$582$1$1
  0C:0FD8    A$final-v2$4489
  0C:0FDB    A$final-v2$4492
  0C:0FDB    C$final_v2.c$583$1$1
  0C:0FDE    A$final-v2$4495
  0C:0FDE    C$final_v2.c$584$1$1
  0C:0FE0    A$final-v2$4496
  0C:0FE3    A$final-v2$4499
  0C:0FE3    C$final_v2.c$585$1$1
  0C:0FE6    A$final-v2$4502
  0C:0FE6    C$final_v2.c$586$1$1
  0C:0FE8    A$final-v2$4503
  0C:0FEB    A$final-v2$4506
  0C:0FEB    C$final_v2.c$587$1$1
  0C:0FEE    A$final-v2$4509
  0C:0FEE    C$final_v2.c$588$1$1
  0C:0FF0    A$final-v2$4510
  0C:0FF3    A$final-v2$4513
  0C:0FF3    C$final_v2.c$589$1$1
  0C:0FF6    A$final-v2$4516
  0C:0FF6    C$final_v2.c$591$1$1
  0C:0FF8    A$final-v2$4519
  0C:0FF8    C$final_v2.c$592$1$1
  0C:0FF8    XG$PORT_INIT$0$0
  0C:0FF9    A$final-v2$4534
  0C:0FF9    C$final_v2.c$600$1$1
  0C:0FF9    C$final_v2.c$604$1$1
  0C:0FF9    G$UART0_INIT$0$0
  0C:0FF9    _UART0_INIT
  0C:0FFB    A$final-v2$4537
  0C:0FFB    C$final_v2.c$605$1$1
  0C:0FFE    A$final-v2$4540
  0C:0FFE    C$final_v2.c$607$1$1
  0C:1001    A$final-v2$4543
  0C:1001    C$final_v2.c$608$1$1
  0C:1004    A$final-v2$4546
  0C:1004    C$final_v2.c$609$1$1
  0C:1007    A$final-v2$4549
  0C:1007    C$final_v2.c$610$1$1
  0C:100A    A$final-v2$4552
  0C:100A    C$final_v2.c$612$1$1
  0C:100D    A$final-v2$4555
  0C:100D    C$final_v2.c$613$1$1
  0C:100F    A$final-v2$4558
  0C:100F    C$final_v2.c$615$1$1
  0C:1012    A$final-v2$4561
  0C:1012    C$final_v2.c$616$1$1
  0C:1015    A$final-v2$4564
  0C:1015    C$final_v2.c$617$1$1
  0C:1018    A$final-v2$4567
  0C:1018    C$final_v2.c$620$1$1
  0C:101A    A$final-v2$4570
  0C:101A    C$final_v2.c$622$1$1
  0C:101C    A$final-v2$4573
  0C:101C    C$final_v2.c$623$1$1
  0C:101C    XG$UART0_INIT$0$0
  0C:101D    __moduint
  0C:106A    __divuint
  0C:109E    _vprintf
  0C:10B7    _printf
  0C:1177    __print_format
  0C:1665    _strlen
  0C:167D    __gptrget
  0C:1699    __modsint
  0C:16CF    __divsint
  0C:1707    __sdcc_external_startup

Hexadecimal

Area                               Addr   Size   Decimal Bytes (Attributes)
--------------------------------   ----   ----   ------- ----- ------------
CONST                              170B   01EE =    494. bytes (REL,CON,CODE)

      Value  Global
   --------  --------------------------------
  0C:170B    Ffinal_v2$startRow$0$0
  0C:170E    Ffinal_v2$startCol$0$0
  0C:1711    Ffinal_v2$_str_0$0$0
  0C:1716    Ffinal_v2$_str_1$0$0
  0C:1760    Ffinal_v2$_str_2$0$0
  0C:1768    Ffinal_v2$_str_3$0$0
  0C:1784    Ffinal_v2$_str_4$0$0
  0C:17A0    Ffinal_v2$_str_5$0$0
  0C:17A8    Ffinal_v2$_str_6$0$0
  0C:17C4    Ffinal_v2$_str_7$0$0
  0C:17CB    Ffinal_v2$_str_8$0$0
  0C:17DF    Ffinal_v2$_str_9$0$0
  0C:17F3    Ffinal_v2$_str_10$0$0
  0C:17FC    Ffinal_v2$_str_11$0$0
  0C:1801    Ffinal_v2$_str_12$0$0
  0C:180E    Ffinal_v2$_str_13$0$0
  0C:181B    Ffinal_v2$_str_14$0$0
  0C:1820    Ffinal_v2$_str_15$0$0
  0C:182D    Ffinal_v2$_str_16$0$0
  0C:1839    Ffinal_v2$_str_17$0$0
  0C:183C    Ffinal_v2$_str_18$0$0
  0C:183E    Ffinal_v2$_str_19$0$0
  0C:185C    Ffinal_v2$_str_20$0$0
  0C:187A    Ffinal_v2$_str_21$0$0
  0C:1882    Ffinal_v2$_str_22$0$0
  0C:18AE    Ffinal_v2$_str_23$0$0
  0C:18CD    Ffinal_v2$_str_24$0$0

ASxxxx Linker V01.75 + NoICE + SDCC Feb 1999,  page 1.

Files Linked      [ module(s) ]

C:\Users\SSP\Documents\Microprocessor Systems\Final\final-v2.rel

Libraries Linked            [   object  file   ]

C:\Program Files (x86)\SDCC\bin\..\lib\small/mcs51.lib    [     crtclear.rel ]
C:\Program Files (x86)\SDCC\bin\..\lib\small/mcs51.lib    [     crtxinit.rel ]
C:\Program Files (x86)\SDCC\bin\..\lib\small/libint.lib    [     _moduint.rel ]
C:\Program Files (x86)\SDCC\bin\..\lib\small/mcs51.lib    [    crtxclear.rel ]
C:\Program Files (x86)\SDCC\bin\..\lib\small/libint.lib    [     _divuint.rel ]
C:\Program Files (x86)\SDCC\bin\..\lib\small/libsdcc.lib    [      vprintf.rel ]
C:\Program Files (x86)\SDCC\bin\..\lib\small/libsdcc.lib    [ /0               ]
C:\Program Files (x86)\SDCC\bin\..\lib\small/libsdcc.lib    [      _strlen.rel ]
C:\Program Files (x86)\SDCC\bin\..\lib\small/mcs51.lib    [     crtstart.rel ]
C:\Program Files (x86)\SDCC\bin\..\lib\small/libsdcc.lib    [     _gptrget.rel ]
C:\Program Files (x86)\SDCC\bin\..\lib\small/libint.lib    [     _modsint.rel ]
C:\Program Files (x86)\SDCC\bin\..\lib\small/libint.lib    [     _divsint.rel ]
C:\Program Files (x86)\SDCC\bin\..\lib\small/libsdcc.lib    [     _startup.rel ]
C:\Program Files (x86)\SDCC\bin\..\lib\small/libsdcc.lib    [          _bp.rel ]

ASxxxx Linker V01.75 + NoICE + SDCC Feb 1999,  page 2.

User Base Address Definitions

HOME = 0x0000
ISEG = 0x0000
BSEG = 0x0000

